Component: ARM Compiler 5.06 update 7 (build 960) Tool: armlink [4d3601]

==============================================================================

Section Cross References

    startup_stm32f407xx.o(STACK) refers (Special) to heapauxi.o(.text) for __use_two_region_memory
    startup_stm32f407xx.o(HEAP) refers (Special) to heapauxi.o(.text) for __use_two_region_memory
    startup_stm32f407xx.o(RESET) refers (Special) to heapauxi.o(.text) for __use_two_region_memory
    startup_stm32f407xx.o(RESET) refers to startup_stm32f407xx.o(STACK) for __initial_sp
    startup_stm32f407xx.o(RESET) refers to startup_stm32f407xx.o(.text) for Reset_Handler
    startup_stm32f407xx.o(RESET) refers to stm32f4xx_it.o(i.NMI_Handler) for NMI_Handler
    startup_stm32f407xx.o(RESET) refers to stm32f4xx_it.o(i.HardFault_Handler) for HardFault_Handler
    startup_stm32f407xx.o(RESET) refers to stm32f4xx_it.o(i.MemManage_Handler) for MemManage_Handler
    startup_stm32f407xx.o(RESET) refers to stm32f4xx_it.o(i.BusFault_Handler) for BusFault_Handler
    startup_stm32f407xx.o(RESET) refers to stm32f4xx_it.o(i.UsageFault_Handler) for UsageFault_Handler
    startup_stm32f407xx.o(RESET) refers to port.o(.emb_text) for SVC_Handler
    startup_stm32f407xx.o(RESET) refers to stm32f4xx_it.o(i.DebugMon_Handler) for DebugMon_Handler
    startup_stm32f407xx.o(RESET) refers to port.o(i.SysTick_Handler) for SysTick_Handler
    startup_stm32f407xx.o(RESET) refers to stm32f4xx_it.o(i.EXTI0_IRQHandler) for EXTI0_IRQHandler
    startup_stm32f407xx.o(RESET) refers to stm32f4xx_it.o(i.EXTI3_IRQHandler) for EXTI3_IRQHandler
    startup_stm32f407xx.o(RESET) refers to stm32f4xx_it.o(i.EXTI4_IRQHandler) for EXTI4_IRQHandler
    startup_stm32f407xx.o(RESET) refers to stm32f4xx_it.o(i.DMA1_Stream1_IRQHandler) for DMA1_Stream1_IRQHandler
    startup_stm32f407xx.o(RESET) refers to stm32f4xx_it.o(i.CAN1_RX0_IRQHandler) for CAN1_RX0_IRQHandler
    startup_stm32f407xx.o(RESET) refers to stm32f4xx_it.o(i.EXTI9_5_IRQHandler) for EXTI9_5_IRQHandler
    startup_stm32f407xx.o(RESET) refers to stm32f4xx_it.o(i.TIM2_IRQHandler) for TIM2_IRQHandler
    startup_stm32f407xx.o(RESET) refers to stm32f4xx_it.o(i.TIM3_IRQHandler) for TIM3_IRQHandler
    startup_stm32f407xx.o(RESET) refers to stm32f4xx_it.o(i.USART1_IRQHandler) for USART1_IRQHandler
    startup_stm32f407xx.o(RESET) refers to stm32f4xx_it.o(i.USART3_IRQHandler) for USART3_IRQHandler
    startup_stm32f407xx.o(RESET) refers to stm32f4xx_it.o(i.TIM5_IRQHandler) for TIM5_IRQHandler
    startup_stm32f407xx.o(RESET) refers to stm32f4xx_it.o(i.DMA2_Stream1_IRQHandler) for DMA2_Stream1_IRQHandler
    startup_stm32f407xx.o(RESET) refers to stm32f4xx_it.o(i.DMA2_Stream2_IRQHandler) for DMA2_Stream2_IRQHandler
    startup_stm32f407xx.o(RESET) refers to stm32f4xx_it.o(i.DMA2_Stream3_IRQHandler) for DMA2_Stream3_IRQHandler
    startup_stm32f407xx.o(RESET) refers to stm32f4xx_it.o(i.CAN2_RX0_IRQHandler) for CAN2_RX0_IRQHandler
    startup_stm32f407xx.o(RESET) refers to stm32f4xx_it.o(i.DMA2_Stream5_IRQHandler) for DMA2_Stream5_IRQHandler
    startup_stm32f407xx.o(RESET) refers to stm32f4xx_it.o(i.DMA2_Stream6_IRQHandler) for DMA2_Stream6_IRQHandler
    startup_stm32f407xx.o(RESET) refers to stm32f4xx_it.o(i.DMA2_Stream7_IRQHandler) for DMA2_Stream7_IRQHandler
    startup_stm32f407xx.o(RESET) refers to stm32f4xx_it.o(i.USART6_IRQHandler) for USART6_IRQHandler
    startup_stm32f407xx.o(.text) refers (Special) to heapauxi.o(.text) for __use_two_region_memory
    startup_stm32f407xx.o(.text) refers to system_stm32f4xx.o(i.SystemInit) for SystemInit
    startup_stm32f407xx.o(.text) refers to __main.o(!!!main) for __main
    startup_stm32f407xx.o(.text) refers to startup_stm32f407xx.o(HEAP) for Heap_Mem
    startup_stm32f407xx.o(.text) refers to startup_stm32f407xx.o(STACK) for Stack_Mem
    main.o(i.HAL_TIM_PeriodElapsedCallback) refers to stm32f4xx_hal.o(i.HAL_IncTick) for HAL_IncTick
    main.o(i.SystemClock_Config) refers to rt_memclr_w.o(.text) for __aeabi_memclr4
    main.o(i.SystemClock_Config) refers to stm32f4xx_hal_rcc.o(i.HAL_RCC_OscConfig) for HAL_RCC_OscConfig
    main.o(i.SystemClock_Config) refers to main.o(i.Error_Handler) for Error_Handler
    main.o(i.SystemClock_Config) refers to stm32f4xx_hal_rcc.o(i.HAL_RCC_ClockConfig) for HAL_RCC_ClockConfig
    main.o(i.main) refers to stm32f4xx_hal.o(i.HAL_Init) for HAL_Init
    main.o(i.main) refers to main.o(i.SystemClock_Config) for SystemClock_Config
    main.o(i.main) refers to gpio.o(i.MX_GPIO_Init) for MX_GPIO_Init
    main.o(i.main) refers to dma.o(i.MX_DMA_Init) for MX_DMA_Init
    main.o(i.main) refers to i2c.o(i.MX_I2C3_Init) for MX_I2C3_Init
    main.o(i.main) refers to spi.o(i.MX_SPI1_Init) for MX_SPI1_Init
    main.o(i.main) refers to tim.o(i.MX_TIM10_Init) for MX_TIM10_Init
    main.o(i.main) refers to usart.o(i.MX_USART3_UART_Init) for MX_USART3_UART_Init
    main.o(i.main) refers to can.o(i.MX_CAN1_Init) for MX_CAN1_Init
[...]
    HAL_CAN_SleepCallback                    0x08002809   Thumb Code     2  stm32f4xx_hal_can.o(i.HAL_CAN_SleepCallback)
    HAL_CAN_Start                            0x0800280b   Thumb Code    88  stm32f4xx_hal_can.o(i.HAL_CAN_Start)
    HAL_CAN_TxMailbox0AbortCallback          0x08002863   Thumb Code     2  stm32f4xx_hal_can.o(i.HAL_CAN_TxMailbox0AbortCallback)
    HAL_CAN_TxMailbox0CompleteCallback       0x08002865   Thumb Code     2  stm32f4xx_hal_can.o(i.HAL_CAN_TxMailbox0CompleteCallback)
    HAL_CAN_TxMailbox1AbortCallback          0x08002867   Thumb Code     2  stm32f4xx_hal_can.o(i.HAL_CAN_TxMailbox1AbortCallback)
    HAL_CAN_TxMailbox1CompleteCallback       0x08002869   Thumb Code     2  stm32f4xx_hal_can.o(i.HAL_CAN_TxMailbox1CompleteCallback)
    HAL_CAN_TxMailbox2AbortCallback          0x0800286b   Thumb Code     2  stm32f4xx_hal_can.o(i.HAL_CAN_TxMailbox2AbortCallback)
    HAL_CAN_TxMailbox2CompleteCallback       0x0800286d   Thumb Code     2  stm32f4xx_hal_can.o(i.HAL_CAN_TxMailbox2CompleteCallback)
    HAL_CAN_WakeUpFromRxMsgCallback          0x0800286f   Thumb Code     2  stm32f4xx_hal_can.o(i.HAL_CAN_WakeUpFromRxMsgCallback)
    HAL_CRC_Init                             0x08002871   Thumb Code    36  stm32f4xx_hal_crc.o(i.HAL_CRC_Init)
    HAL_CRC_MspInit                          0x08002895   Thumb Code    30  crc.o(i.HAL_CRC_MspInit)
    HAL_DMA_Abort                            0x080028bd   Thumb Code   142  stm32f4xx_hal_dma.o(i.HAL_DMA_Abort)
    HAL_DMA_Abort_IT                         0x0800294b   Thumb Code    36  stm32f4xx_hal_dma.o(i.HAL_DMA_Abort_IT)
    HAL_DMA_IRQHandler                       0x08002971   Thumb Code   460  stm32f4xx_hal_dma.o(i.HAL_DMA_IRQHandler)
    HAL_DMA_Init                             0x08002b41   Thumb Code   208  stm32f4xx_hal_dma.o(i.HAL_DMA_Init)
    HAL_DMA_Start_IT                         0x08002c15   Thumb Code   110  stm32f4xx_hal_dma.o(i.HAL_DMA_Start_IT)
    HAL_GPIO_EXTI_Callback                   0x08002c85   Thumb Code   144  ins_task.o(i.HAL_GPIO_EXTI_Callback)
    HAL_GPIO_EXTI_IRQHandler                 0x08002d1d   Thumb Code    18  stm32f4xx_hal_gpio.o(i.HAL_GPIO_EXTI_IRQHandler)
    HAL_GPIO_Init                            0x08002d35   Thumb Code   420  stm32f4xx_hal_gpio.o(i.HAL_GPIO_Init)
    HAL_GPIO_TogglePin                       0x08002f05   Thumb Code    16  stm32f4xx_hal_gpio.o(i.HAL_GPIO_TogglePin)
    HAL_GPIO_WritePin                        0x08002f15   Thumb Code    14  stm32f4xx_hal_gpio.o(i.HAL_GPIO_WritePin)
    HAL_GetTick                              0x08002f25   Thumb Code     6  stm32f4xx_hal.o(i.HAL_GetTick)
    HAL_I2C_Init                             0x08002f31   Thumb Code   392  stm32f4xx_hal_i2c.o(i.HAL_I2C_Init)
    HAL_I2C_Mem_Read                         0x080030c9   Thumb Code   656  stm32f4xx_hal_i2c.o(i.HAL_I2C_Mem_Read)
    HAL_I2C_Mem_Write                        0x08003365   Thumb Code   316  stm32f4xx_hal_i2c.o(i.HAL_I2C_Mem_Write)
    HAL_I2C_MspInit                          0x080034a9   Thumb Code   130  i2c.o(i.HAL_I2C_MspInit)
    HAL_IncTick                              0x0800353d   Thumb Code    12  stm32f4xx_hal.o(i.HAL_IncTick)
    HAL_Init                                 0x0800354d   Thumb Code    48  stm32f4xx_hal.o(i.HAL_Init)
    HAL_InitTick                             0x08003581   Thumb Code   134  stm32f4xx_hal_timebase_tim.o(i.HAL_InitTick)
    HAL_MspInit                              0x08003619   Thumb Code    52  stm32f4xx_hal_msp.o(i.HAL_MspInit)
    HAL_NVIC_EnableIRQ                       0x08003651   Thumb Code    26  stm32f4xx_hal_cortex.o(i.HAL_NVIC_EnableIRQ)
    HAL_NVIC_SetPriority                     0x0800366d   Thumb Code    60  stm32f4xx_hal_cortex.o(i.HAL_NVIC_SetPriority)
    HAL_NVIC_SetPriorityGrouping             0x080036ad   Thumb Code    26  stm32f4xx_hal_cortex.o(i.HAL_NVIC_SetPriorityGrouping)
    HAL_RCC_ClockConfig                      0x080036d1   Thumb Code   310  stm32f4xx_hal_rcc.o(i.HAL_RCC_ClockConfig)
    HAL_RCC_GetClockConfig                   0x0800381d   Thumb Code    52  stm32f4xx_hal_rcc.o(i.HAL_RCC_GetClockConfig)
    HAL_RCC_GetHCLKFreq                      0x08003859   Thumb Code     6  stm32f4xx_hal_rcc.o(i.HAL_RCC_GetHCLKFreq)
    HAL_RCC_GetPCLK1Freq                     0x08003865   Thumb Code    22  stm32f4xx_hal_rcc.o(i.HAL_RCC_GetPCLK1Freq)
    HAL_RCC_GetPCLK2Freq                     0x08003885   Thumb Code    22  stm32f4xx_hal_rcc.o(i.HAL_RCC_GetPCLK2Freq)
    HAL_RCC_GetSysClockFreq                  0x080038a5   Thumb Code    94  stm32f4xx_hal_rcc.o(i.HAL_RCC_GetSysClockFreq)
    HAL_RCC_OscConfig                        0x08003911   Thumb Code   942  stm32f4xx_hal_rcc.o(i.HAL_RCC_OscConfig)
    HAL_SPI_Init                             0x08003cd1   Thumb Code   190  stm32f4xx_hal_spi.o(i.HAL_SPI_Init)
    HAL_SPI_MspInit                          0x08003d91   Thumb Code   248  spi.o(i.HAL_SPI_MspInit)
    HAL_SPI_TransmitReceive                  0x08003ea1   Thumb Code   506  stm32f4xx_hal_spi.o(i.HAL_SPI_TransmitReceive)
    HAL_TIMEx_BreakCallback                  0x0800409b   Thumb Code     2  stm32f4xx_hal_tim_ex.o(i.HAL_TIMEx_BreakCallback)
    HAL_TIMEx_CommutCallback                 0x0800409d   Thumb Code     2  stm32f4xx_hal_tim_ex.o(i.HAL_TIMEx_CommutCallback)
    HAL_TIMEx_MasterConfigSynchronization    0x080040a1   Thumb Code   114  stm32f4xx_hal_tim_ex.o(i.HAL_TIMEx_MasterConfigSynchronization)
    HAL_TIM_Base_Init                        0x08004131   Thumb Code    74  stm32f4xx_hal_tim.o(i.HAL_TIM_Base_Init)
    HAL_TIM_Base_MspInit                     0x0800417d   Thumb Code   198  tim.o(i.HAL_TIM_Base_MspInit)
    HAL_TIM_Base_Start_IT                    0x0800425d   Thumb Code   110  stm32f4xx_hal_tim.o(i.HAL_TIM_Base_Start_IT)
    HAL_TIM_ConfigClockSource                0x080042e9   Thumb Code   232  stm32f4xx_hal_tim.o(i.HAL_TIM_ConfigClockSource)
    HAL_TIM_IC_CaptureCallback               0x080043d1   Thumb Code     2  stm32f4xx_hal_tim.o(i.HAL_TIM_IC_CaptureCallback)
    HAL_TIM_IRQHandler                       0x080043d3   Thumb Code   312  stm32f4xx_hal_tim.o(i.HAL_TIM_IRQHandler)
    HAL_TIM_MspPostInit                      0x0800450d   Thumb Code   114  tim.o(i.HAL_TIM_MspPostInit)
    HAL_TIM_OC_DelayElapsedCallback          0x08004595   Thumb Code     2  stm32f4xx_hal_tim.o(i.HAL_TIM_OC_DelayElapsedCallback)
    HAL_TIM_PWM_ConfigChannel                0x08004597   Thumb Code   216  stm32f4xx_hal_tim.o(i.HAL_TIM_PWM_ConfigChannel)
    HAL_TIM_PWM_Init                         0x0800466f   Thumb Code    74  stm32f4xx_hal_tim.o(i.HAL_TIM_PWM_Init)
    HAL_TIM_PWM_MspInit                      0x080046b9   Thumb Code     2  stm32f4xx_hal_tim.o(i.HAL_TIM_PWM_MspInit)
    HAL_TIM_PWM_PulseFinishedCallback        0x080046bb   Thumb Code     2  stm32f4xx_hal_tim.o(i.HAL_TIM_PWM_PulseFinishedCallback)
    HAL_TIM_PWM_Start                        0x080046bd   Thumb Code   190  stm32f4xx_hal_tim.o(i.HAL_TIM_PWM_Start)
    HAL_TIM_PeriodElapsedCallback            0x08004799   Thumb Code    14  main.o(i.HAL_TIM_PeriodElapsedCallback)
    HAL_TIM_TriggerCallback                  0x080047a7   Thumb Code     2  stm32f4xx_hal_tim.o(i.HAL_TIM_TriggerCallback)
    HAL_UARTEx_RxEventCallback               0x080047a9   Thumb Code     2  stm32f4xx_hal_uart.o(i.HAL_UARTEx_RxEventCallback)
    HAL_UART_ErrorCallback                   0x080047ab   Thumb Code     2  stm32f4xx_hal_uart.o(i.HAL_UART_ErrorCallback)
    HAL_UART_IRQHandler                      0x080047ad   Thumb Code   556  stm32f4xx_hal_uart.o(i.HAL_UART_IRQHandler)
    HAL_UART_Init                            0x080049dd   Thumb Code   102  stm32f4xx_hal_uart.o(i.HAL_UART_Init)
    HAL_UART_MspInit                         0x08004a45   Thumb Code   590  usart.o(i.HAL_UART_MspInit)
    HAL_UART_RxCpltCallback                  0x08004cc5   Thumb Code     2  stm32f4xx_hal_uart.o(i.HAL_UART_RxCpltCallback)
    HAL_UART_Transmit_DMA                    0x08004cc9   Thumb Code   112  stm32f4xx_hal_uart.o(i.HAL_UART_Transmit_DMA)
    HAL_UART_TxCpltCallback                  0x08004d45   Thumb Code     2  stm32f4xx_hal_uart.o(i.HAL_UART_TxCpltCallback)
    HAL_UART_TxHalfCpltCallback              0x08004d47   Thumb Code     2  stm32f4xx_hal_uart.o(i.HAL_UART_TxHalfCpltCallback)
    HardFault_Handler                        0x08004d49   Thumb Code     2  stm32f4xx_it.o(i.HardFault_Handler)
    INS_Task                                 0x08005219   Thumb Code   604  ins_task.o(i.INS_Task)
    LED_Task                                 0x080054b1   Thumb Code    28  led_task.o(i.LED_Task)
    Limit_To_180                             0x080054d5   Thumb Code    54  user_common_lib.o(i.Limit_To_180)
    MX_CAN1_Init                             0x08005519   Thumb Code    60  can.o(i.MX_CAN1_Init)
    MX_CAN2_Init                             0x0800555d   Thumb Code    60  can.o(i.MX_CAN2_Init)
    MX_CRC_Init                              0x080055a1   Thumb Code    28  crc.o(i.MX_CRC_Init)
    MX_DMA_Init                              0x080055c5   Thumb Code   152  dma.o(i.MX_DMA_Init)
    MX_FREERTOS_Init                         0x08005661   Thumb Code    96  freertos.o(i.MX_FREERTOS_Init)
    MX_GPIO_Init                             0x080056c9   Thumb Code   508  gpio.o(i.MX_GPIO_Init)
    MX_I2C3_Init                             0x080058e1   Thumb Code    50  i2c.o(i.MX_I2C3_Init)
    MX_SPI1_Init                             0x08005921   Thumb Code    64  spi.o(i.MX_SPI1_Init)
    MX_TIM10_Init                            0x08005969   Thumb Code    92  tim.o(i.MX_TIM10_Init)
    MX_TIM3_Init                             0x080059cd   Thumb Code    94  tim.o(i.MX_TIM3_Init)
    MX_TIM4_Init                             0x08005a35   Thumb Code   142  tim.o(i.MX_TIM4_Init)
    MX_TIM5_Init                             0x08005acd   Thumb Code    94  tim.o(i.MX_TIM5_Init)
    MX_USART1_UART_Init                      0x08005b35   Thumb Code    48  usart.o(i.MX_USART1_UART_Init)
    MX_USART3_UART_Init                      0x08005b6d   Thumb Code    46  usart.o(i.MX_USART3_UART_Init)
    MX_USART6_UART_Init                      0x08005ba9   Thumb Code    48  usart.o(i.MX_USART6_UART_Init)
    MemManage_Handler                        0x08005be1   Thumb Code     2  stm32f4xx_it.o(i.MemManage_Handler)
    NMI_Handler                              0x08005be3   Thumb Code     2  stm32f4xx_it.o(i.NMI_Handler)
    PID_calc                                 0x08005be5   Thumb Code   350  pid.o(i.PID_calc)
    PID_init                                 0x08005d49   Thumb Code    88  pid.o(i.PID_init)
    SPI1_DMA_enable                          0x08005da5   Thumb Code  6204  bsp_spi.o(i.SPI1_DMA_enable)
    SPI1_DMA_init                            0x080075f1   Thumb Code   242  bsp_spi.o(i.SPI1_DMA_init)
    SysTick_Handler                          0x08007991   Thumb Code    38  port.o(i.SysTick_Handler)
    SystemClock_Config                       0x080079bd   Thumb Code   140  main.o(i.SystemClock_Config)
    SystemInit                               0x08007a51   Thumb Code    12  system_stm32f4xx.o(i.SystemInit)
    TIM2_IRQHandler                          0x08007a61   Thumb Code     6  stm32f4xx_it.o(i.TIM2_IRQHandler)
    TIM3_IRQHandler                          0x08007a6d   Thumb Code     2  stm32f4xx_it.o(i.TIM3_IRQHandler)
    TIM5_IRQHandler                          0x08007a71   Thumb Code     6  stm32f4xx_it.o(i.TIM5_IRQHandler)
    TIM_Base_SetConfig                       0x08007a7d   Thumb Code   174  stm32f4xx_hal_tim.o(i.TIM_Base_SetConfig)
    TIM_CCxChannelCmd                        0x08007b59   Thumb Code    26  stm32f4xx_hal_tim.o(i.TIM_CCxChannelCmd)
    TIM_ETR_SetConfig                        0x08007b73   Thumb Code    20  stm32f4xx_hal_tim.o(i.TIM_ETR_SetConfig)
    TIM_OC2_SetConfig                        0x08007c01   Thumb Code   106  stm32f4xx_hal_tim.o(i.TIM_OC2_SetConfig)
    USART1_IRQHandler                        0x080080e5   Thumb Code     6  stm32f4xx_it.o(i.USART1_IRQHandler)
    USART3_IRQHandler                        0x080080f1   Thumb Code     6  stm32f4xx_it.o(i.USART3_IRQHandler)
    USART6_IRQHandler                        0x080080fd   Thumb Code     6  stm32f4xx_it.o(i.USART6_IRQHandler)
    UsageFault_Handler                       0x08008109   Thumb Code     2  stm32f4xx_it.o(i.UsageFault_Handler)
    Vofa_Send_Data4                          0x0800810d   Thumb Code    28  vofa_send.o(i.Vofa_Send_Data4)
    __ARM_fpclassifyf                        0x08008131   Thumb Code    38  fpclassifyf.o(i.__ARM_fpclassifyf)
    __hardfp_asinf                           0x08008179   Thumb Code   258  asinf.o(i.__hardfp_asinf)
    __hardfp_atan2f                          0x080082a5   Thumb Code   594  atan2f.o(i.__hardfp_atan2f)
    __hardfp_sqrtf                           0x08008551   Thumb Code    58  sqrtf.o(i.__hardfp_sqrtf)
    __mathlib_flt_infnan                     0x0800858b   Thumb Code     6  funder.o(i.__mathlib_flt_infnan)
    __mathlib_flt_infnan2                    0x08008591   Thumb Code     6  funder.o(i.__mathlib_flt_infnan2)
    __mathlib_flt_invalid                    0x08008599   Thumb Code    10  funder.o(i.__mathlib_flt_invalid)
    __mathlib_flt_underflow                  0x080085a9   Thumb Code    10  funder.o(i.__mathlib_flt_underflow)
    arm_atan2_f32                            0x08008a81   Thumb Code   524  fastmathfunctions.o(i.arm_atan2_f32)
    arm_cos_f32                              0x08008ca9   Thumb Code   124  fastmathfunctions.o(i.arm_cos_f32)
    arm_sin_f32                              0x08008d31   Thumb Code   120  fastmathfunctions.o(i.arm_sin_f32)
    bmi088_accel_init                        0x08008db5   Thumb Code   278  bmi088driver.o(i.bmi088_accel_init)
    bmi088_accel_self_test                   0x08008ed1   Thumb Code   684  bmi088driver.o(i.bmi088_accel_self_test)
    bmi088_gyro_init                         0x08009181   Thumb Code   214  bmi088driver.o(i.bmi088_gyro_init)
    bmi088_gyro_self_test                    0x0800925d   Thumb Code   202  bmi088driver.o(i.bmi088_gyro_self_test)
    delay_init                               0x08009471   Thumb Code    26  bsp_delay.o(i.delay_init)
    delay_us                                 0x08009499   Thumb Code    50  bsp_delay.o(i.delay_us)
    detect_hook                              0x080094d1   Thumb Code    88  detect_task.o(i.detect_hook)
    detect_task                              0x080095b1   Thumb Code   256  detect_task.o(i.detect_task)
    get_angle                                0x080096bd   Thumb Code   232  ahrs.o(i.get_angle)
    imu_pwm_set                              0x08009989   Thumb Code     8  bsp_imu_pwm.o(i.imu_pwm_set)
    ist8310_GPIO_init                        0x08009a1d   Thumb Code     2  ist8310driver_middleware.o(i.ist8310_GPIO_init)
    ist8310_IIC_read_single_reg              0x08009a21   Thumb Code    32  ist8310driver_middleware.o(i.ist8310_IIC_read_single_reg)
    ist8310_IIC_write_single_reg             0x08009a45   Thumb Code    30  ist8310driver_middleware.o(i.ist8310_IIC_write_single_reg)
    ist8310_RST_H                            0x08009a69   Thumb Code    10  ist8310driver_middleware.o(i.ist8310_RST_H)
    ist8310_RST_L                            0x08009a79   Thumb Code    10  ist8310driver_middleware.o(i.ist8310_RST_L)
    ist8310_com_init                         0x08009a89   Thumb Code     2  ist8310driver_middleware.o(i.ist8310_com_init)
    ist8310_delay_ms                         0x08009a8b   Thumb Code     4  ist8310driver_middleware.o(i.ist8310_delay_ms)
    ist8310_init                             0x08009a91   Thumb Code   120  ist8310driver.o(i.ist8310_init)
    limit                                    0x08009b0d   Thumb Code    32  user_common_lib.o(i.limit)
    main                                     0x08009b2d   Thumb Code   102  main.o(i.main)
    my_fabsf                                 0x08009ba5   Thumb Code    20  user_common_lib.o(i.my_fabsf)
    osDelay                                  0x08009bb9   Thumb Code    16  cmsis_os.o(i.osDelay)
    osKernelStart                            0x08009bc9   Thumb Code    10  cmsis_os.o(i.osKernelStart)
    osThreadCreate                           0x08009bd3   Thumb Code    88  cmsis_os.o(i.osThreadCreate)
    pcTaskGetName                            0x08009c2d   Thumb Code    30  tasks.o(i.pcTaskGetName)
    pvPortMalloc                             0x0800a545   Thumb Code   214  heap_4.o(i.pvPortMalloc)
    pxPortInitialiseStack                    0x0800a621   Thumb Code    30  port.o(i.pxPortInitialiseStack)
    ramp_control                             0x0800a6c9   Thumb Code    40  user_common_lib.o(i.ramp_control)
    sqrtf                                    0x0800a6f5   Thumb Code    62  sqrtf.o(i.sqrtf)
    toe_is_error                             0x0800a735   Thumb Code    18  detect_task.o(i.toe_is_error)
    ulTaskNotifyTake                         0x0800a74d   Thumb Code    96  tasks.o(i.ulTaskNotifyTake)
    update_cap                               0x0800a7b5   Thumb Code    66  bsp_cap.o(i.update_cap)
    uxListRemove                             0x0800a883   Thumb Code    38  list.o(i.uxListRemove)
    uxTaskGetStackHighWaterMark              0x0800a8a9   Thumb Code    14  tasks.o(i.uxTaskGetStackHighWaterMark)
    vApplicationGetIdleTaskMemory            0x0800a8bd   Thumb Code    16  freertos.o(i.vApplicationGetIdleTaskMemory)
    vApplicationGetTimerTaskMemory           0x0800a8d1   Thumb Code    18  freertos.o(i.vApplicationGetTimerTaskMemory)
    vListInitialise                          0x0800a8e9   Thumb Code    22  list.o(i.vListInitialise)
    vListInitialiseItem                      0x0800a8ff   Thumb Code     6  list.o(i.vListInitialiseItem)
    vListInsert                              0x0800a905   Thumb Code    48  list.o(i.vListInsert)
    vListInsertEnd                           0x0800a935   Thumb Code    24  list.o(i.vListInsertEnd)
    vPortEnterCritical                       0x0800a94d   Thumb Code    54  port.o(i.vPortEnterCritical)
    vPortExitCritical                        0x0800a98d   Thumb Code    38  port.o(i.vPortExitCritical)
    vPortFree                                0x0800a9b9   Thumb Code    94  heap_4.o(i.vPortFree)
    vPortSetupTimerInterrupt                 0x0800aa1d   Thumb Code    32  port.o(i.vPortSetupTimerInterrupt)
    vPortValidateInterruptPriority           0x0800aa41   Thumb Code    74  port.o(i.vPortValidateInterruptPriority)
    vQueueAddToRegistry                      0x0800aa95   Thumb Code    32  queue.o(i.vQueueAddToRegistry)
    vQueueWaitForMessageRestricted           0x0800aab9   Thumb Code    70  queue.o(i.vQueueWaitForMessageRestricted)
    vTaskDelay                               0x0800ab01   Thumb Code    70  tasks.o(i.vTaskDelay)
    vTaskInternalSetTimeOutState             0x0800ab51   Thumb Code    12  tasks.o(i.vTaskInternalSetTimeOutState)
    vTaskMissedYield                         0x0800ab61   Thumb Code     8  tasks.o(i.vTaskMissedYield)
    vTaskNotifyGiveFromISR                   0x0800ab6d   Thumb Code   178  tasks.o(i.vTaskNotifyGiveFromISR)
    vTaskPlaceOnEventList                    0x0800ac29   Thumb Code    46  tasks.o(i.vTaskPlaceOnEventList)
    vTaskPlaceOnEventListRestricted          0x0800ac5d   Thumb Code    54  tasks.o(i.vTaskPlaceOnEventListRestricted)
    vTaskStartScheduler                      0x0800ac99   Thumb Code   126  tasks.o(i.vTaskStartScheduler)
    vTaskSuspendAll                          0x0800ad29   Thumb Code    10  tasks.o(i.vTaskSuspendAll)
    vTaskSwitchContext                       0x0800ad39   Thumb Code    86  tasks.o(i.vTaskSwitchContext)
    xPortStartScheduler                      0x0800ad99   Thumb Code   222  port.o(i.xPortStartScheduler)
    xQueueGenericCreate                      0x0800ae8d   Thumb Code    68  queue.o(i.xQueueGenericCreate)
    xQueueGenericCreateStatic                0x0800aed1   Thumb Code   108  queue.o(i.xQueueGenericCreateStatic)
    xQueueGenericReset                       0x0800af3d   Thumb Code   134  queue.o(i.xQueueGenericReset)
    xQueueGenericSend                        0x0800afc9   Thumb Code   352  queue.o(i.xQueueGenericSend)
    xQueueGenericSendFromISR                 0x0800b12d   Thumb Code   192  queue.o(i.xQueueGenericSendFromISR)
    xQueueReceive                            0x0800b1ed   Thumb Code   310  queue.o(i.xQueueReceive)
    xTaskCheckForTimeOut                     0x0800b329   Thumb Code   140  tasks.o(i.xTaskCheckForTimeOut)
    xTaskCreate                              0x0800b3b9   Thumb Code   100  tasks.o(i.xTaskCreate)
    xTaskCreateStatic                        0x0800b41d   Thumb Code    92  tasks.o(i.xTaskCreateStatic)
    xTaskGetHandle                           0x0800b479   Thumb Code   128  tasks.o(i.xTaskGetHandle)
    xTaskGetSchedulerState                   0x0800b501   Thumb Code    24  tasks.o(i.xTaskGetSchedulerState)
    xTaskGetTickCount                        0x0800b51d   Thumb Code     6  tasks.o(i.xTaskGetTickCount)
    xTaskIncrementTick                       0x0800b529   Thumb Code   198  tasks.o(i.xTaskIncrementTick)
    xTaskPriorityDisinherit                  0x0800b5f9   Thumb Code   144  tasks.o(i.xTaskPriorityDisinherit)
    xTaskRemoveFromEventList                 0x0800b691   Thumb Code   114  tasks.o(i.xTaskRemoveFromEventList)
    xTaskResumeAll                           0x0800b70d   Thumb Code   192  tasks.o(i.xTaskResumeAll)
    xTimerCreate                             0x0800b7d9   Thumb Code    52  timers.o(i.xTimerCreate)
    xTimerCreateTimerTask                    0x0800b80d   Thumb Code    86  timers.o(i.xTimerCreateTimerTask)
    xTimerGenericCommand                     0x0800b875   Thumb Code   104  timers.o(i.xTimerGenericCommand)
    _fp_init                                 0x0800b8e1   Thumb Code    10  fpinit.o(x$fpl$fpinit)
    __fplib_config_fpu_vfp                   0x0800b8e9   Thumb Code     0  fpinit.o(x$fpl$fpinit)
    __fplib_config_pureend_doubles           0x0800b8e9   Thumb Code     0  fpinit.o(x$fpl$fpinit)
    __I$use$fp                               0x0800b8ea   Number         0  usenofp.o(x$fpl$usenofp)
    AHBPrescTable                            0x0800b964   Data          16  system_stm32f4xx.o(.constdata)
    APBPrescTable                            0x0800b974   Data           8  system_stm32f4xx.o(.constdata)
    sinTable_f32                             0x0800ba58   Data        2052  commontables.o(.constdata)
    Region$$Table$$Base                      0x0800c30c   Number         0  anon$$obj.o(Region$$Table)
    Region$$Table$$Limit                     0x0800c32c   Number         0  anon$$obj.o(Region$$Table)
    INS_TASKHandle                           0x20000000   Data           4  freertos.o(.data)
    LED_TASKHandle                           0x20000004   Data           4  freertos.o(.data)
    Chassis_TASKHandle                       0x20000008   Data           4  freertos.o(.data)
    Detect_TaskHandle                        0x2000000c   Data           4  freertos.o(.data)
    hcrc                                     0x20000014   Data           8  crc.o(.data)
    uwTickFreq                               0x2000001c   Data           1  stm32f4xx_hal.o(.data)
    uwTickPrio                               0x20000020   Data           4  stm32f4xx_hal.o(.data)
    uwTick                                   0x20000024   Data           4  stm32f4xx_hal.o(.data)
    SystemCoreClock                          0x20000028   Data           4  system_stm32f4xx.o(.data)
    pxCurrentTCB                             0x2000002c   Data           4  tasks.o(.data)
    cap_recieve_flag                         0x200000a8   Data           1  bsp_cap.o(.data)
    CAN1_send_queue                          0x200000b4   Data           4  bsp_can_chassis.o(.data)
    CAN2_send_queue                          0x200000b8   Data           4  bsp_can_chassis.o(.data)
    detect_task_stack                        0x200000c4   Data           4  detect_task.o(.data)
    gyro_update_flag                         0x200000c8   Data           1  ins_task.o(.data)
    accel_update_flag                        0x200000c9   Data           1  ins_task.o(.data)
    accel_temp_update_flag                   0x200000ca   Data           1  ins_task.o(.data)
    mag_update_flag                          0x200000cb   Data           1  ins_task.o(.data)
    imu_start_dma_flag                       0x200000cc   Data           1  ins_task.o(.data)
    imu_read_flag                            0x200000cd   Data           1  ins_task.o(.data)
    accel_temp_dma_tx_buf                    0x200000d0   Data           4  ins_task.o(.data)
    accel_temp_dma_rx_buf                    0x200000e4   Data           4  ins_task.o(.data)
    gyro_dma_tx_buf                          0x200000e8   Data           8  ins_task.o(.data)
    gyro_dma_rx_buf                          0x200000f0   Data           8  ins_task.o(.data)
    accel_dma_tx_buf                         0x200000f8   Data           9  ins_task.o(.data)
    gyro_scale_factor                        0x20000104   Data          36  ins_task.o(.data)
    accel_scale_factor                       0x20000128   Data          36  ins_task.o(.data)
    mag_scale_factor                         0x2000014c   Data          36  ins_task.o(.data)
    chassis_mode                             0x20000170   Data           1  chassis_task.o(.data)
    is_stop_last                             0x20000171   Data           1  chassis_task.o(.data)
    is_stop                                  0x20000173   Data           1  chassis_task.o(.data)
    chassis_commands                         0x20000184   Data          24  chassis_task.o(.data)
    CAN1_Timer_Handle                        0x2000019c   Data           4  can_send_task.o(.data)
    CAN2_Timer_Handle                        0x200001a0   Data           4  can_send_task.o(.data)
    BMI088_ACCEL_SEN                         0x200001a4   Data           4  bmi088driver.o(.data)
    BMI088_GYRO_SEN                          0x200001a8   Data           4  bmi088driver.o(.data)
    Vofa_data_2                              0x200001d0   Data          12  vofa_send.o(.data)
    Vofa_data_4                              0x200001dc   Data          20  vofa_send.o(.data)
    Vofa_data_8                              0x200001f0   Data          36  vofa_send.o(.data)
    hcan1                                    0x200008cc   Data          40  can.o(.bss)
    hcan2                                    0x200008f4   Data          40  can.o(.bss)
    hi2c3                                    0x2000091c   Data          84  i2c.o(.bss)
    hspi1                                    0x20000970   Data          88  spi.o(.bss)
    hdma_spi1_rx                             0x200009c8   Data          96  spi.o(.bss)
    hdma_spi1_tx                             0x20000a28   Data          96  spi.o(.bss)
    htim3                                    0x20000a88   Data          72  tim.o(.bss)
    htim4                                    0x20000ad0   Data          72  tim.o(.bss)
    htim5                                    0x20000b18   Data          72  tim.o(.bss)
    htim10                                   0x20000b60   Data          72  tim.o(.bss)
    huart1                                   0x20000ba8   Data          72  usart.o(.bss)
    huart3                                   0x20000bf0   Data          72  usart.o(.bss)
    huart6                                   0x20000c38   Data          72  usart.o(.bss)
    hdma_usart1_tx                           0x20000c80   Data          96  usart.o(.bss)
    hdma_usart1_rx                           0x20000ce0   Data          96  usart.o(.bss)
    hdma_usart3_rx                           0x20000d40   Data          96  usart.o(.bss)
    hdma_usart6_rx                           0x20000da0   Data          96  usart.o(.bss)
    hdma_usart6_tx                           0x20000e00   Data          96  usart.o(.bss)
    htim2                                    0x20000e60   Data          72  stm32f4xx_hal_timebase_tim.o(.bss)
    xQueueRegistry                           0x20000ea8   Data          64  queue.o(.bss)
    cap_data                                 0x20009c6c   Data          20  bsp_cap.o(.bss)
    chassis_rc_ctrl                          0x20009c80   Data          12  bsp_can_chassis.o(.bss)
    rx_header                                0x20009c8c   Data          28  bsp_can_chassis.o(.bss)
    steer_send_msg                           0x20009ca8   Data          32  bsp_can_chassis.o(.bss)
    wheel_send_msg                           0x20009cc8   Data          32  bsp_can_chassis.o(.bss)
    cap_send_msg                             0x20009ce8   Data          32  bsp_can_chassis.o(.bss)
    error_list                               0x20009d08   Data         504  detect_task.o(.bss)
    INS_accel                                0x20009f30   Data          12  ins_task.o(.bss)
    INS_mag                                  0x20009f3c   Data          12  ins_task.o(.bss)
    INS_angle                                0x20009f58   Data          12  ins_task.o(.bss)
    INS_angle_deg                            0x20009f64   Data          12  ins_task.o(.bss)
    accel_dma_rx_buf                         0x20009f70   Data           9  ins_task.o(.bss)
    bmi088_real_data                         0x20009f7c   Data          36  ins_task.o(.bss)
    bmi088_offset_data                       0x20009fa0   Data          36  ins_task.o(.bss)
    gyro_offset                              0x20009fc4   Data          12  ins_task.o(.bss)
    gyro_cali_offset                         0x20009fd0   Data          12  ins_task.o(.bss)
    accel_offset                             0x20009fdc   Data          12  ins_task.o(.bss)
    ist8310_real_data                        0x20009fe8   Data          16  ins_task.o(.bss)
    mag_offset                               0x20009ff8   Data          12  ins_task.o(.bss)
    chassis_control                          0x2000a04c   Data         104  chassis_task.o(.bss)
    chassis_target_speed                     0x2000a0b4   Data          12  chassis_task.o(.bss)
    temp_move_angle_set                      0x2000a0c0   Data          16  chassis_task.o(.bss)
    motor_measure_steer                      0x2000a0e0   Data          64  motor.o(.bss)
    motor_measure_wheel                      0x2000a120   Data          64  motor.o(.bss)
    chassis_steer_motor                      0x2000a160   Data         672  motor.o(.bss)
    chassis_wheel_motor                      0x2000a400   Data         336  motor.o(.bss)
    DM_big_yaw_motor                         0x2000a550   Data         304  motor.o(.bss)
    __libspace_start                         0x2000a680   Data          96  libspace.o(.bss)
    __temporary_stack_top$libspace           0x2000a6e0   Data           0  libspace.o(.bss)



==============================================================================

Memory Map of the image

  Image Entry point : 0x08000189

  Load Region LR_IROM1 (Base: 0x08000000, Size: 0x0000c550, Max: 0x00100000, ABSOLUTE, COMPRESSED[0x0000c3ac])

    Execution Region ER_IROM1 (Exec base: 0x08000000, Load base: 0x08000000, Size: 0x0000c32c, Max: 0x00100000, ABSOLUTE)

    Exec Addr    Load Addr    Size         Type   Attr      Idx    E Section Name        Object

    0x08000000   0x08000000   0x00000188   Data   RO            3    RESET               startup_stm32f407xx.o
    0x08000188   0x08000188   0x00000008   Code   RO        14585  * !!!main             c_w.l(__main.o)
    0x08000190   0x08000190   0x00000034   Code   RO        15058    !!!scatter          c_w.l(__scatter.o)
    0x080001c4   0x080001c4   0x0000005a   Code   RO        15056    !!dczerorl2         c_w.l(__dczerorl2.o)
    0x0800021e   0x0800021e   0x00000002   PAD
    0x08000220   0x08000220   0x0000001c   Code   RO        15060    !!handler_zi        c_w.l(__scatter_zi.o)
    0x0800023c   0x0800023c   0x00000002   Code   RO        14927    .ARM.Collect$$libinit$$00000000  c_w.l(libinit.o)
    0x0800023e   0x0800023e   0x00000004   Code   RO        14936    .ARM.Collect$$libinit$$00000001  c_w.l(libinit2.o)
    0x08000242   0x08000242   0x00000000   Code   RO        14939    .ARM.Collect$$libinit$$00000004  c_w.l(libinit2.o)
    0x08000242   0x08000242   0x00000000   Code   RO        14942    .ARM.Collect$$libinit$$0000000A  c_w.l(libinit2.o)
    0x08000242   0x08000242   0x00000000   Code   RO        14944    .ARM.Collect$$libinit$$0000000C  c_w.l(libinit2.o)
    0x08000242   0x08000242   0x00000000   Code   RO        14946    .ARM.Collect$$libinit$$0000000E  c_w.l(libinit2.o)
    0x08000242   0x08000242   0x00000000   Code   RO        14949    .ARM.Collect$$libinit$$00000011  c_w.l(libinit2.o)
    0x08000242   0x08000242   0x00000000   Code   RO        14951    .ARM.Collect$$libinit$$00000013  c_w.l(libinit2.o)
    0x08000242   0x08000242   0x00000000   Code   RO        14953    .ARM.Collect$$libinit$$00000015  c_w.l(libinit2.o)
    0x08000242   0x08000242   0x00000000   Code   RO        14955    .ARM.Collect$$libinit$$00000017  c_w.l(libinit2.o)
    0x08000242   0x08000242   0x00000000   Code   RO        14957    .ARM.Collect$$libinit$$00000019  c_w.l(libinit2.o)
    0x08000242   0x08000242   0x00000000   Code   RO        14959    .ARM.Collect$$libinit$$0000001B  c_w.l(libinit2.o)
    0x08000242   0x08000242   0x00000000   Code   RO        14961    .ARM.Collect$$libinit$$0000001D  c_w.l(libinit2.o)
    0x08000242   0x08000242   0x00000000   Code   RO        14963    .ARM.Collect$$libinit$$0000001F  c_w.l(libinit2.o)
    0x08000242   0x08000242   0x00000000   Code   RO        14965    .ARM.Collect$$libinit$$00000021  c_w.l(libinit2.o)
    0x08000242   0x08000242   0x00000000   Code   RO        14967    .ARM.Collect$$libinit$$00000023  c_w.l(libinit2.o)
    0x08000242   0x08000242   0x00000000   Code   RO        14969    .ARM.Collect$$libinit$$00000025  c_w.l(libinit2.o)
    0x08000242   0x08000242   0x00000000   Code   RO        14973    .ARM.Collect$$libinit$$0000002C  c_w.l(libinit2.o)
    0x08000242   0x08000242   0x00000000   Code   RO        14975    .ARM.Collect$$libinit$$0000002E  c_w.l(libinit2.o)
    0x08000242   0x08000242   0x00000000   Code   RO        14977    .ARM.Collect$$libinit$$00000030  c_w.l(libinit2.o)
    0x08000242   0x08000242   0x00000000   Code   RO        14979    .ARM.Collect$$libinit$$00000032  c_w.l(libinit2.o)
    0x08000242   0x08000242   0x00000002   Code   RO        14980    .ARM.Collect$$libinit$$00000033  c_w.l(libinit2.o)
    0x08000244   0x08000244   0x00000002   Code   RO        15011    .ARM.Collect$$libshutdown$$00000000  c_w.l(libshutdown.o)
    0x08000246   0x08000246   0x00000000   Code   RO        15037    .ARM.Collect$$libshutdown$$00000002  c_w.l(libshutdown2.o)
    0x08000246   0x08000246   0x00000000   Code   RO        15039    .ARM.Collect$$libshutdown$$00000004  c_w.l(libshutdown2.o)
    0x08000246   0x08000246   0x00000000   Code   RO        15041    .ARM.Collect$$libshutdown$$00000006  c_w.l(libshutdown2.o)
    0x08000246   0x08000246   0x00000000   Code   RO        15044    .ARM.Collect$$libshutdown$$00000009  c_w.l(libshutdown2.o)
    0x08000246   0x08000246   0x00000000   Code   RO        15047    .ARM.Collect$$libshutdown$$0000000C  c_w.l(libshutdown2.o)
    0x08000246   0x08000246   0x00000000   Code   RO        15049    .ARM.Collect$$libshutdown$$0000000E  c_w.l(libshutdown2.o)
    0x08000246   0x08000246   0x00000000   Code   RO        15052    .ARM.Collect$$libshutdown$$00000011  c_w.l(libshutdown2.o)
    0x08000246   0x08000246   0x00000002   Code   RO        15053    .ARM.Collect$$libshutdown$$00000012  c_w.l(libshutdown2.o)
    0x08000248   0x08000248   0x00000000   Code   RO        14815    .ARM.Collect$$rtentry$$00000000  c_w.l(__rtentry.o)
    0x08000248   0x08000248   0x00000000   Code   RO        14890    .ARM.Collect$$rtentry$$00000002  c_w.l(__rtentry2.o)
    0x08000248   0x08000248   0x00000006   Code   RO        14902    .ARM.Collect$$rtentry$$00000004  c_w.l(__rtentry4.o)
    0x0800024e   0x0800024e   0x00000000   Code   RO        14892    .ARM.Collect$$rtentry$$00000009  c_w.l(__rtentry2.o)
    0x0800024e   0x0800024e   0x00000004   Code   RO        14893    .ARM.Collect$$rtentry$$0000000A  c_w.l(__rtentry2.o)
    0x08000252   0x08000252   0x00000000   Code   RO        14895    .ARM.Collect$$rtentry$$0000000C  c_w.l(__rtentry2.o)
    0x08000252   0x08000252   0x00000008   Code   RO        14896    .ARM.Collect$$rtentry$$0000000D  c_w.l(__rtentry2.o)
    0x0800025a   0x0800025a   0x00000002   Code   RO        14928    .ARM.Collect$$rtexit$$00000000  c_w.l(rtexit.o)
    0x0800025c   0x0800025c   0x00000000   Code   RO        14984    .ARM.Collect$$rtexit$$00000002  c_w.l(rtexit2.o)
    0x0800025c   0x0800025c   0x00000004   Code   RO        14985    .ARM.Collect$$rtexit$$00000003  c_w.l(rtexit2.o)
    0x08000260   0x08000260   0x00000006   Code   RO        14986    .ARM.Collect$$rtexit$$00000004  c_w.l(rtexit2.o)
    0x08000266   0x08000266   0x00000002   PAD
    0x08000268   0x08000268   0x000000be   Code   RO         6086    .emb_text           port.o
    0x08000326   0x08000326   0x00000002   PAD
    0x08000328   0x08000328   0x00000040   Code   RO            4    .text               startup_stm32f407xx.o
    0x08000368   0x08000368   0x000000ee   Code   RO        14561    .text               c_w.l(lludivv7m.o)
    0x08000456   0x08000456   0x0000003e   Code   RO        14569    .text               c_w.l(strlen.o)
    0x08000494   0x08000494   0x0000008a   Code   RO        14571    .text               c_w.l(rt_memcpy_v6.o)
    0x0800051e   0x0800051e   0x00000064   Code   RO        14573    .text               c_w.l(rt_memcpy_w.o)
    0x08000582   0x08000582   0x00000010   Code   RO        14577    .text               c_w.l(aeabi_memset.o)
    0x08000592   0x08000592   0x00000044   Code   RO        14579    .text               c_w.l(rt_memclr.o)
    0x080005d6   0x080005d6   0x0000004e   Code   RO        14581    .text               c_w.l(rt_memclr_w.o)
    0x08000624   0x08000624   0x00000006   Code   RO        14583    .text               c_w.l(heapauxi.o)
    0x0800062a   0x0800062a   0x00000016   Code   RO        14820    .text               c_w.l(_rserrno.o)
    0x08000640   0x08000640   0x00000008   Code   RO        14909    .text               c_w.l(rt_errno_addr_intlibspace.o)
    0x08000648   0x08000648   0x00000008   Code   RO        14911    .text               c_w.l(libspace.o)
    0x08000650   0x08000650   0x0000004a   Code   RO        14914    .text               c_w.l(sys_stackheap_outer.o)
    0x0800069a   0x0800069a   0x00000012   Code   RO        14916    .text               c_w.l(exit.o)
    0x080006ac   0x080006ac   0x0000000c   Code   RO        14981    .text               c_w.l(sys_exit.o)
    0x080006b8   0x080006b8   0x00000002   Code   RO        15000    .text               c_w.l(use_no_semi.o)
    0x080006ba   0x080006ba   0x00000000   Code   RO        15002    .text               c_w.l(indicate_semi.o)
    0x080006ba   0x080006ba   0x00000004   Code   RO         7631    i.AHRS_asinf        ahrs_middleware.o
    0x080006be   0x080006be   0x00000004   Code   RO         7632    i.AHRS_atan2f       ahrs_middleware.o
    0x080006c2   0x080006c2   0x00000004   Code   RO         7633    i.AHRS_cosf         ahrs_middleware.o
    0x080006c6   0x080006c6   0x0000001a   Code   RO        14472    i.AHRS_fabs         AHRS.lib(ahrs.o)
    0x080006e0   0x080006e0   0x00000014   Code   RO         7634    i.AHRS_get_height   ahrs_middleware.o
    0x080006f4   0x080006f4   0x0000000e   Code   RO         7635    i.AHRS_get_latitude  ahrs_middleware.o
    0x08000702   0x08000702   0x00000002   PAD
    0x08000704   0x08000704   0x0000029c   Code   RO        14473    i.AHRS_init         AHRS.lib(ahrs.o)
    0x080009a0   0x080009a0   0x00000014   Code   RO         7636    i.AHRS_invSqrt      ahrs_middleware.o
    0x080009b4   0x080009b4   0x00000004   Code   RO         7637    i.AHRS_sinf         ahrs_middleware.o
    0x080009b8   0x080009b8   0x0000013a   Code   RO        14474    i.AHRS_update       AHRS.lib(ahrs.o)
    0x08000af2   0x08000af2   0x00000002   PAD
    0x08000af4   0x08000af4   0x000000c0   Code   RO         6506    i.Allocate_Can_Msg  bsp_can_chassis.o
    0x08000bb4   0x08000bb4   0x00000010   Code   RO         7203    i.BMI088_ACCEL_NS_H  bmi088middleware.o
    0x08000bc4   0x08000bc4   0x00000010   Code   RO         7204    i.BMI088_ACCEL_NS_L  bmi088middleware.o
    0x08000bd4   0x08000bd4   0x00000002   Code   RO         7205    i.BMI088_GPIO_init  bmi088middleware.o
    0x08000bd6   0x08000bd6   0x00000002   PAD
    0x08000bd8   0x08000bd8   0x00000010   Code   RO         7206    i.BMI088_GYRO_NS_H  bmi088middleware.o
    0x08000be8   0x08000be8   0x00000010   Code   RO         7207    i.BMI088_GYRO_NS_L  bmi088middleware.o
    0x08000bf8   0x08000bf8   0x00000088   Code   RO         7067    i.BMI088_accel_read_over  bmi088driver.o
    0x08000c80   0x08000c80   0x00000002   Code   RO         7208    i.BMI088_com_init   bmi088middleware.o
    0x08000c82   0x08000c82   0x00000004   Code   RO         7209    i.BMI088_delay_ms   bmi088middleware.o
    0x08000c86   0x08000c86   0x00000004   Code   RO         7210    i.BMI088_delay_us   bmi088middleware.o
    0x08000c8a   0x08000c8a   0x00000002   PAD
    0x08000c8c   0x08000c8c   0x00000060   Code   RO         7068    i.BMI088_gyro_read_over  bmi088driver.o
    0x08000cec   0x08000cec   0x0000002e   Code   RO         7069    i.BMI088_init       bmi088driver.o
    0x08000d1a   0x08000d1a   0x00000002   PAD
    0x08000d1c   0x08000d1c   0x0000015c   Code   RO         7070    i.BMI088_read       bmi088driver.o
    0x08000e78   0x08000e78   0x00000024   Code   RO         7073    i.BMI088_read_muli_reg  bmi088driver.o
    0x08000e9c   0x08000e9c   0x00000016   Code   RO         7074    i.BMI088_read_single_reg  bmi088driver.o
    0x08000eb2   0x08000eb2   0x00000002   PAD
    0x08000eb4   0x08000eb4   0x00000020   Code   RO         7211    i.BMI088_read_write_byte  bmi088middleware.o
    0x08000ed4   0x08000ed4   0x00000030   Code   RO         7075    i.BMI088_temperature_read_over  bmi088driver.o
    0x08000f04   0x08000f04   0x00000012   Code   RO         7076    i.BMI088_write_single_reg  bmi088driver.o
    0x08000f16   0x08000f16   0x00000002   Code   RO          679    i.BusFault_Handler  stm32f4xx_it.o
    0x08000f18   0x08000f18   0x0000000c   Code   RO          680    i.CAN1_RX0_IRQHandler  stm32f4xx_it.o
    0x08000f24   0x08000f24   0x00000050   Code   RO         7028    i.CAN1_Timer_Callback  can_send_task.o
    0x08000f74   0x08000f74   0x0000000c   Code   RO          681    i.CAN2_RX0_IRQHandler  stm32f4xx_it.o
    0x08000f80   0x08000f80   0x00000050   Code   RO         7029    i.CAN2_Timer_Callback  can_send_task.o
    0x08000fd0   0x08000fd0   0x00000058   Code   RO         6507    i.Can_Filter_Init   bsp_can_chassis.o
    0x08001028   0x08001028   0x0000004c   Code   RO         6508    i.Can_Msg_Init      bsp_can_chassis.o
    0x08001074   0x08001074   0x000000e4   Code   RO         6826    i.Chassis_Data_Update  chassis_task.o
    0x08001158   0x08001158   0x00000054   Code   RO         6827    i.Chassis_Mode_Update  chassis_task.o
    0x080011ac   0x080011ac   0x000000b4   Code   RO         6828    i.Chassis_Motor_Current_Set  chassis_task.o
    0x08001260   0x08001260   0x000000c8   Code   RO         6829    i.Chassis_Motor_Pid_Init  chassis_task.o
    0x08001328   0x08001328   0x000000d0   Code   RO         6830    i.Chassis_Task      chassis_task.o
    0x080013f8   0x080013f8   0x00000278   Code   RO         6831    i.Chassis_Vector_To_Steer_Angle  chassis_task.o
    0x08001670   0x08001670   0x000000e8   Code   RO         6832    i.Chassis_Vector_To_Wheel_Speed  chassis_task.o
    0x08001758   0x08001758   0x0000003c   Code   RO         6509    i.Create_Can_Send_Queues  bsp_can_chassis.o
    0x08001794   0x08001794   0x00000084   Code   RO         7030    i.Create_Can_Send_Timers  can_send_task.o
    0x08001818   0x08001818   0x0000000c   Code   RO          682    i.DMA1_Stream1_IRQHandler  stm32f4xx_it.o
    0x08001824   0x08001824   0x0000000c   Code   RO          683    i.DMA2_Stream1_IRQHandler  stm32f4xx_it.o
    0x08001830   0x08001830   0x00000004   Code   RO          684    i.DMA2_Stream2_IRQHandler  stm32f4xx_it.o
    0x08001834   0x08001834   0x000004bc   Code   RO         6660    i.DMA2_Stream2_IRQHandler_1  ins_task.o
    0x08001cf0   0x08001cf0   0x0000000c   Code   RO          685    i.DMA2_Stream3_IRQHandler  stm32f4xx_it.o
    0x08001cfc   0x08001cfc   0x0000000c   Code   RO          686    i.DMA2_Stream5_IRQHandler  stm32f4xx_it.o
    0x08001d08   0x08001d08   0x0000000c   Code   RO          687    i.DMA2_Stream6_IRQHandler  stm32f4xx_it.o
    0x08001d14   0x08001d14   0x0000000c   Code   RO          688    i.DMA2_Stream7_IRQHandler  stm32f4xx_it.o
    0x08001d20   0x08001d20   0x0000002c   Code   RO         2647    i.DMA_CalcBaseAndBitshift  stm32f4xx_hal_dma.o
    0x08001d4c   0x08001d4c   0x00000078   Code   RO         2648    i.DMA_CheckFifoParam  stm32f4xx_hal_dma.o
    0x08001dc4   0x08001dc4   0x0000002a   Code   RO         2649    i.DMA_SetConfig     stm32f4xx_hal_dma.o
    0x08001dee   0x08001dee   0x00000002   Code   RO          689    i.DebugMon_Handler  stm32f4xx_it.o
    0x08001df0   0x08001df0   0x00000006   Code   RO          690    i.EXTI0_IRQHandler  stm32f4xx_it.o
    0x08001df6   0x08001df6   0x00000006   Code   RO          691    i.EXTI3_IRQHandler  stm32f4xx_it.o
    0x08001dfc   0x08001dfc   0x00000006   Code   RO          692    i.EXTI4_IRQHandler  stm32f4xx_it.o
    0x08001e02   0x08001e02   0x00000006   Code   RO          693    i.EXTI9_5_IRQHandler  stm32f4xx_it.o
    0x08001e08   0x08001e08   0x00000004   Code   RO           13    i.Error_Handler     main.o
    0x08001e0c   0x08001e0c   0x00000068   Code   RO         6833    i.Find_Chassis_Follow_Gimbal_ZERO  chassis_task.o
    0x08001e74   0x08001e74   0x0000002c   Code   RO         6834    i.Find_Chassis_Mode_Handler  chassis_task.o
    0x08001ea0   0x08001ea0   0x0000005c   Code   RO         6835    i.Find_Steer_Min_Angle  chassis_task.o
    0x08001efc   0x08001efc   0x00000024   Code   RO         1910    i.HAL_CAN_ActivateNotification  stm32f4xx_hal_can.o
    0x08001f20   0x08001f20   0x000000e2   Code   RO         1911    i.HAL_CAN_AddTxMessage  stm32f4xx_hal_can.o
    0x08002002   0x08002002   0x00000002   PAD
    0x08002004   0x08002004   0x00000110   Code   RO         1912    i.HAL_CAN_ConfigFilter  stm32f4xx_hal_can.o
    0x08002114   0x08002114   0x00000002   Code   RO         1915    i.HAL_CAN_ErrorCallback  stm32f4xx_hal_can.o
    0x08002116   0x08002116   0x00000112   Code   RO         1918    i.HAL_CAN_GetRxMessage  stm32f4xx_hal_can.o
    0x08002228   0x08002228   0x000001fc   Code   RO         1922    i.HAL_CAN_IRQHandler  stm32f4xx_hal_can.o
    0x08002424   0x08002424   0x00000152   Code   RO         1923    i.HAL_CAN_Init      stm32f4xx_hal_can.o
    0x08002576   0x08002576   0x00000002   PAD
    0x08002578   0x08002578   0x00000100   Code   RO          361    i.HAL_CAN_MspInit   can.o
    0x08002678   0x08002678   0x00000002   Code   RO         1930    i.HAL_CAN_RxFifo0FullCallback  stm32f4xx_hal_can.o
    0x0800267a   0x0800267a   0x00000002   PAD
    0x0800267c   0x0800267c   0x00000188   Code   RO         6510    i.HAL_CAN_RxFifo0MsgPendingCallback  bsp_can_chassis.o
    0x08002804   0x08002804   0x00000002   Code   RO         1932    i.HAL_CAN_RxFifo1FullCallback  stm32f4xx_hal_can.o
    0x08002806   0x08002806   0x00000002   Code   RO         1933    i.HAL_CAN_RxFifo1MsgPendingCallback  stm32f4xx_hal_can.o
    0x08002808   0x08002808   0x00000002   Code   RO         1934    i.HAL_CAN_SleepCallback  stm32f4xx_hal_can.o
    0x0800280a   0x0800280a   0x00000058   Code   RO         1935    i.HAL_CAN_Start     stm32f4xx_hal_can.o
    0x08002862   0x08002862   0x00000002   Code   RO         1937    i.HAL_CAN_TxMailbox0AbortCallback  stm32f4xx_hal_can.o
    0x08002864   0x08002864   0x00000002   Code   RO         1938    i.HAL_CAN_TxMailbox0CompleteCallback  stm32f4xx_hal_can.o
    0x08002866   0x08002866   0x00000002   Code   RO         1939    i.HAL_CAN_TxMailbox1AbortCallback  stm32f4xx_hal_can.o
    0x08002868   0x08002868   0x00000002   Code   RO         1940    i.HAL_CAN_TxMailbox1CompleteCallback  stm32f4xx_hal_can.o
    0x0800286a   0x0800286a   0x00000002   Code   RO         1941    i.HAL_CAN_TxMailbox2AbortCallback  stm32f4xx_hal_can.o
    0x0800286c   0x0800286c   0x00000002   Code   RO         1942    i.HAL_CAN_TxMailbox2CompleteCallback  stm32f4xx_hal_can.o
    0x0800286e   0x0800286e   0x00000002   Code   RO         1944    i.HAL_CAN_WakeUpFromRxMsgCallback  stm32f4xx_hal_can.o
    0x08002870   0x08002870   0x00000024   Code   RO         3342    i.HAL_CRC_Init      stm32f4xx_hal_crc.o
    0x08002894   0x08002894   0x00000028   Code   RO          410    i.HAL_CRC_MspInit   crc.o
    0x080028bc   0x080028bc   0x0000008e   Code   RO         2650    i.HAL_DMA_Abort     stm32f4xx_hal_dma.o
    0x0800294a   0x0800294a   0x00000024   Code   RO         2651    i.HAL_DMA_Abort_IT  stm32f4xx_hal_dma.o
    0x0800296e   0x0800296e   0x00000002   PAD
    0x08002970   0x08002970   0x000001d0   Code   RO         2655    i.HAL_DMA_IRQHandler  stm32f4xx_hal_dma.o
    0x08002b40   0x08002b40   0x000000d4   Code   RO         2656    i.HAL_DMA_Init      stm32f4xx_hal_dma.o
    0x08002c14   0x08002c14   0x0000006e   Code   RO         2660    i.HAL_DMA_Start_IT  stm32f4xx_hal_dma.o
    0x08002c82   0x08002c82   0x00000002   PAD
    0x08002c84   0x08002c84   0x00000098   Code   RO         6661    i.HAL_GPIO_EXTI_Callback  ins_task.o
    0x08002d1c   0x08002d1c   0x00000018   Code   RO         2542    i.HAL_GPIO_EXTI_IRQHandler  stm32f4xx_hal_gpio.o
    0x08002d34   0x08002d34   0x000001d0   Code   RO         2543    i.HAL_GPIO_Init     stm32f4xx_hal_gpio.o
    0x08002f04   0x08002f04   0x00000010   Code   RO         2546    i.HAL_GPIO_TogglePin  stm32f4xx_hal_gpio.o
    0x08002f14   0x08002f14   0x0000000e   Code   RO         2547    i.HAL_GPIO_WritePin  stm32f4xx_hal_gpio.o
    0x08002f22   0x08002f22   0x00000002   PAD
    0x08002f24   0x08002f24   0x0000000c   Code   RO         3093    i.HAL_GetTick       stm32f4xx_hal.o
    0x08002f30   0x08002f30   0x00000198   Code   RO         3409    i.HAL_I2C_Init      stm32f4xx_hal_i2c.o
    0x080030c8   0x080030c8   0x0000029c   Code   RO         3427    i.HAL_I2C_Mem_Read  stm32f4xx_hal_i2c.o
    0x08003364   0x08003364   0x00000144   Code   RO         3430    i.HAL_I2C_Mem_Write  stm32f4xx_hal_i2c.o
    0x080034a8   0x080034a8   0x00000094   Code   RO          476    i.HAL_I2C_MspInit   i2c.o
    0x0800353c   0x0800353c   0x00000010   Code   RO         3099    i.HAL_IncTick       stm32f4xx_hal.o
    0x0800354c   0x0800354c   0x00000034   Code   RO         3100    i.HAL_Init          stm32f4xx_hal.o
    0x08003580   0x08003580   0x00000098   Code   RO          886    i.HAL_InitTick      stm32f4xx_hal_timebase_tim.o
    0x08003618   0x08003618   0x00000038   Code   RO          862    i.HAL_MspInit       stm32f4xx_hal_msp.o
    0x08003650   0x08003650   0x0000001a   Code   RO         2935    i.HAL_NVIC_EnableIRQ  stm32f4xx_hal_cortex.o
    0x0800366a   0x0800366a   0x00000002   PAD
    0x0800366c   0x0800366c   0x00000040   Code   RO         2941    i.HAL_NVIC_SetPriority  stm32f4xx_hal_cortex.o
    0x080036ac   0x080036ac   0x00000024   Code   RO         2942    i.HAL_NVIC_SetPriorityGrouping  stm32f4xx_hal_cortex.o
    0x080036d0   0x080036d0   0x0000014c   Code   RO         2144    i.HAL_RCC_ClockConfig  stm32f4xx_hal_rcc.o
    0x0800381c   0x0800381c   0x0000003c   Code   RO         2148    i.HAL_RCC_GetClockConfig  stm32f4xx_hal_rcc.o
    0x08003858   0x08003858   0x0000000c   Code   RO         2149    i.HAL_RCC_GetHCLKFreq  stm32f4xx_hal_rcc.o
    0x08003864   0x08003864   0x00000020   Code   RO         2151    i.HAL_RCC_GetPCLK1Freq  stm32f4xx_hal_rcc.o
    0x08003884   0x08003884   0x00000020   Code   RO         2152    i.HAL_RCC_GetPCLK2Freq  stm32f4xx_hal_rcc.o
    0x080038a4   0x080038a4   0x0000006c   Code   RO         2153    i.HAL_RCC_GetSysClockFreq  stm32f4xx_hal_rcc.o
    0x08003910   0x08003910   0x000003c0   Code   RO         2156    i.HAL_RCC_OscConfig  stm32f4xx_hal_rcc.o
    0x08003cd0   0x08003cd0   0x000000be   Code   RO         3904    i.HAL_SPI_Init      stm32f4xx_hal_spi.o
    0x08003d8e   0x08003d8e   0x00000002   PAD
    0x08003d90   0x08003d90   0x00000110   Code   RO          518    i.HAL_SPI_MspInit   spi.o
    0x08003ea0   0x08003ea0   0x000001fa   Code   RO         3913    i.HAL_SPI_TransmitReceive  stm32f4xx_hal_spi.o
    0x0800409a   0x0800409a   0x00000002   Code   RO         1642    i.HAL_TIMEx_BreakCallback  stm32f4xx_hal_tim_ex.o
    0x0800409c   0x0800409c   0x00000002   Code   RO         1643    i.HAL_TIMEx_CommutCallback  stm32f4xx_hal_tim_ex.o
    0x0800409e   0x0800409e   0x00000002   PAD
    0x080040a0   0x080040a0   0x00000090   Code   RO         1661    i.HAL_TIMEx_MasterConfigSynchronization  stm32f4xx_hal_tim_ex.o
    0x08004130   0x08004130   0x0000004a   Code   RO          927    i.HAL_TIM_Base_Init  stm32f4xx_hal_tim.o
    0x0800417a   0x0800417a   0x00000002   PAD
    0x0800417c   0x0800417c   0x000000e0   Code   RO          560    i.HAL_TIM_Base_MspInit  tim.o
    0x0800425c   0x0800425c   0x0000008c   Code   RO          932    i.HAL_TIM_Base_Start_IT  stm32f4xx_hal_tim.o
    0x080042e8   0x080042e8   0x000000e8   Code   RO          936    i.HAL_TIM_ConfigClockSource  stm32f4xx_hal_tim.o
    0x080043d0   0x080043d0   0x00000002   Code   RO          961    i.HAL_TIM_IC_CaptureCallback  stm32f4xx_hal_tim.o
    0x080043d2   0x080043d2   0x00000138   Code   RO          975    i.HAL_TIM_IRQHandler  stm32f4xx_hal_tim.o
    0x0800450a   0x0800450a   0x00000002   PAD
    0x0800450c   0x0800450c   0x00000088   Code   RO          561    i.HAL_TIM_MspPostInit  tim.o
    0x08004594   0x08004594   0x00000002   Code   RO          978    i.HAL_TIM_OC_DelayElapsedCallback  stm32f4xx_hal_tim.o
    0x08004596   0x08004596   0x000000d8   Code   RO          999    i.HAL_TIM_PWM_ConfigChannel  stm32f4xx_hal_tim.o
    0x0800466e   0x0800466e   0x0000004a   Code   RO         1002    i.HAL_TIM_PWM_Init  stm32f4xx_hal_tim.o
    0x080046b8   0x080046b8   0x00000002   Code   RO         1004    i.HAL_TIM_PWM_MspInit  stm32f4xx_hal_tim.o
    0x080046ba   0x080046ba   0x00000002   Code   RO         1005    i.HAL_TIM_PWM_PulseFinishedCallback  stm32f4xx_hal_tim.o
    0x080046bc   0x080046bc   0x000000dc   Code   RO         1007    i.HAL_TIM_PWM_Start  stm32f4xx_hal_tim.o
    0x08004798   0x08004798   0x0000000e   Code   RO           14    i.HAL_TIM_PeriodElapsedCallback  main.o
    0x080047a6   0x080047a6   0x00000002   Code   RO         1018    i.HAL_TIM_TriggerCallback  stm32f4xx_hal_tim.o
    0x080047a8   0x080047a8   0x00000002   Code   RO         4227    i.HAL_UARTEx_RxEventCallback  stm32f4xx_hal_uart.o
    0x080047aa   0x080047aa   0x00000002   Code   RO         4241    i.HAL_UART_ErrorCallback  stm32f4xx_hal_uart.o
    0x080047ac   0x080047ac   0x00000230   Code   RO         4244    i.HAL_UART_IRQHandler  stm32f4xx_hal_uart.o
    0x080049dc   0x080049dc   0x00000066   Code   RO         4245    i.HAL_UART_Init     stm32f4xx_hal_uart.o
    0x08004a42   0x08004a42   0x00000002   PAD
    0x08004a44   0x08004a44   0x00000280   Code   RO          626    i.HAL_UART_MspInit  usart.o
    0x08004cc4   0x08004cc4   0x00000002   Code   RO         4251    i.HAL_UART_RxCpltCallback  stm32f4xx_hal_uart.o
    0x08004cc6   0x08004cc6   0x00000002   PAD
    0x08004cc8   0x08004cc8   0x0000007c   Code   RO         4254    i.HAL_UART_Transmit_DMA  stm32f4xx_hal_uart.o
    0x08004d44   0x08004d44   0x00000002   Code   RO         4256    i.HAL_UART_TxCpltCallback  stm32f4xx_hal_uart.o
    0x08004d46   0x08004d46   0x00000002   Code   RO         4257    i.HAL_UART_TxHalfCpltCallback  stm32f4xx_hal_uart.o
    0x08004d48   0x08004d48   0x00000002   Code   RO          694    i.HardFault_Handler  stm32f4xx_it.o
    0x08004d4a   0x08004d4a   0x0000002e   Code   RO         3453    i.I2C_IsAcknowledgeFailed  stm32f4xx_hal_i2c.o
    0x08004d78   0x08004d78   0x00000140   Code   RO         3464    i.I2C_RequestMemoryRead  stm32f4xx_hal_i2c.o
    0x08004eb8   0x08004eb8   0x000000c4   Code   RO         3465    i.I2C_RequestMemoryWrite  stm32f4xx_hal_i2c.o
    0x08004f7c   0x08004f7c   0x00000058   Code   RO         3473    i.I2C_WaitOnBTFFlagUntilTimeout  stm32f4xx_hal_i2c.o
    0x08004fd4   0x08004fd4   0x000000ac   Code   RO         3474    i.I2C_WaitOnFlagUntilTimeout  stm32f4xx_hal_i2c.o
    0x08005080   0x08005080   0x000000c8   Code   RO         3475    i.I2C_WaitOnMasterAddressFlagUntilTimeout  stm32f4xx_hal_i2c.o
    0x08005148   0x08005148   0x00000076   Code   RO         3476    i.I2C_WaitOnRXNEFlagUntilTimeout  stm32f4xx_hal_i2c.o
    0x080051be   0x080051be   0x00000058   Code   RO         3479    i.I2C_WaitOnTXEFlagUntilTimeout  stm32f4xx_hal_i2c.o
    0x08005216   0x08005216   0x00000002   PAD
    0x08005218   0x08005218   0x00000298   Code   RO         6662    i.INS_Task          ins_task.o
    0x080054b0   0x080054b0   0x00000024   Code   RO         6799    i.LED_Task          led_task.o
    0x080054d4   0x080054d4   0x00000044   Code   RO         7387    i.Limit_To_180      user_common_lib.o
    0x08005518   0x08005518   0x00000044   Code   RO          362    i.MX_CAN1_Init      can.o
    0x0800555c   0x0800555c   0x00000044   Code   RO          363    i.MX_CAN2_Init      can.o
    0x080055a0   0x080055a0   0x00000024   Code   RO          411    i.MX_CRC_Init       crc.o
    0x080055c4   0x080055c4   0x0000009c   Code   RO          451    i.MX_DMA_Init       dma.o
    0x08005660   0x08005660   0x00000068   Code   RO          289    i.MX_FREERTOS_Init  freertos.o
    0x080056c8   0x080056c8   0x00000218   Code   RO          262    i.MX_GPIO_Init      gpio.o
    0x080058e0   0x080058e0   0x00000040   Code   RO          477    i.MX_I2C3_Init      i2c.o
    0x08005920   0x08005920   0x00000048   Code   RO          519    i.MX_SPI1_Init      spi.o
    0x08005968   0x08005968   0x00000064   Code   RO          562    i.MX_TIM10_Init     tim.o
    0x080059cc   0x080059cc   0x00000068   Code   RO          563    i.MX_TIM3_Init      tim.o
    0x08005a34   0x08005a34   0x00000098   Code   RO          564    i.MX_TIM4_Init      tim.o
    0x08005acc   0x08005acc   0x00000068   Code   RO          565    i.MX_TIM5_Init      tim.o
    0x08005b34   0x08005b34   0x00000038   Code   RO          627    i.MX_USART1_UART_Init  usart.o
    0x08005b6c   0x08005b6c   0x0000003c   Code   RO          628    i.MX_USART3_UART_Init  usart.o
    0x08005ba8   0x08005ba8   0x00000038   Code   RO          629    i.MX_USART6_UART_Init  usart.o
    0x08005be0   0x08005be0   0x00000002   Code   RO          695    i.MemManage_Handler  stm32f4xx_it.o
    0x08005be2   0x08005be2   0x00000002   Code   RO          696    i.NMI_Handler       stm32f4xx_it.o
    0x08005be4   0x08005be4   0x00000164   Code   RO         7480    i.PID_calc          pid.o
    0x08005d48   0x08005d48   0x0000005c   Code   RO         7482    i.PID_init          pid.o
    0x08005da4   0x08005da4   0x0000184c   Code   RO         6391    i.SPI1_DMA_enable   bsp_spi.o
    0x080075f0   0x080075f0   0x0000010c   Code   RO         6392    i.SPI1_DMA_init     bsp_spi.o
    0x080076fc   0x080076fc   0x0000007c   Code   RO         3942    i.SPI_EndRxTxTransaction  stm32f4xx_hal_spi.o
    0x08007778   0x08007778   0x000000bc   Code   RO         3947    i.SPI_WaitFlagStateUntilTimeout  stm32f4xx_hal_spi.o
    0x08007834   0x08007834   0x000000c0   Code   RO         6836    i.Set_Chassis_VxVy  chassis_task.o
    0x080078f4   0x080078f4   0x00000028   Code   RO         6837    i.Set_FollowGimbal_Wz  chassis_task.o
    0x0800791c   0x0800791c   0x00000074   Code   RO         6838    i.Set_Rotate_Wz     chassis_task.o
    0x08007990   0x08007990   0x0000002c   Code   RO         6087    i.SysTick_Handler   port.o
    0x080079bc   0x080079bc   0x00000094   Code   RO           15    i.SystemClock_Config  main.o
    0x08007a50   0x08007a50   0x00000010   Code   RO         4589    i.SystemInit        system_stm32f4xx.o
    0x08007a60   0x08007a60   0x0000000c   Code   RO          697    i.TIM2_IRQHandler   stm32f4xx_it.o
    0x08007a6c   0x08007a6c   0x00000002   Code   RO          698    i.TIM3_IRQHandler   stm32f4xx_it.o
    0x08007a6e   0x08007a6e   0x00000002   PAD
    0x08007a70   0x08007a70   0x0000000c   Code   RO          699    i.TIM5_IRQHandler   stm32f4xx_it.o
    0x08007a7c   0x08007a7c   0x000000dc   Code   RO         1020    i.TIM_Base_SetConfig  stm32f4xx_hal_tim.o
    0x08007b58   0x08007b58   0x0000001a   Code   RO         1021    i.TIM_CCxChannelCmd  stm32f4xx_hal_tim.o
    0x08007b72   0x08007b72   0x00000014   Code   RO         1031    i.TIM_ETR_SetConfig  stm32f4xx_hal_tim.o
    0x08007b86   0x08007b86   0x00000010   Code   RO         1032    i.TIM_ITRx_SetConfig  stm32f4xx_hal_tim.o
    0x08007b96   0x08007b96   0x00000002   PAD
    0x08007b98   0x08007b98   0x00000068   Code   RO         1033    i.TIM_OC1_SetConfig  stm32f4xx_hal_tim.o
    0x08007c00   0x08007c00   0x00000074   Code   RO         1034    i.TIM_OC2_SetConfig  stm32f4xx_hal_tim.o
    0x08007c74   0x08007c74   0x00000070   Code   RO         1035    i.TIM_OC3_SetConfig  stm32f4xx_hal_tim.o
    0x08007ce4   0x08007ce4   0x00000054   Code   RO         1036    i.TIM_OC4_SetConfig  stm32f4xx_hal_tim.o
    0x08007d38   0x08007d38   0x00000022   Code   RO         1038    i.TIM_TI1_ConfigInputStage  stm32f4xx_hal_tim.o
    0x08007d5a   0x08007d5a   0x00000024   Code   RO         1040    i.TIM_TI2_ConfigInputStage  stm32f4xx_hal_tim.o
    0x08007d7e   0x08007d7e   0x00000010   Code   RO         4258    i.UART_DMAAbortOnError  stm32f4xx_hal_uart.o
    0x08007d8e   0x08007d8e   0x0000004a   Code   RO         4259    i.UART_DMAError     stm32f4xx_hal_uart.o
    0x08007dd8   0x08007dd8   0x00000042   Code   RO         4264    i.UART_DMATransmitCplt  stm32f4xx_hal_uart.o
    0x08007e1a   0x08007e1a   0x0000000a   Code   RO         4266    i.UART_DMATxHalfCplt  stm32f4xx_hal_uart.o
    0x08007e24   0x08007e24   0x0000004e   Code   RO         4268    i.UART_EndRxTransfer  stm32f4xx_hal_uart.o
    0x08007e72   0x08007e72   0x0000001a   Code   RO         4269    i.UART_EndTransmit_IT  stm32f4xx_hal_uart.o
    0x08007e8c   0x08007e8c   0x0000001c   Code   RO         4270    i.UART_EndTxTransfer  stm32f4xx_hal_uart.o
    0x08007ea8   0x08007ea8   0x000000c8   Code   RO         4271    i.UART_Receive_IT   stm32f4xx_hal_uart.o
    0x08007f70   0x08007f70   0x00000114   Code   RO         4272    i.UART_SetConfig    stm32f4xx_hal_uart.o
    0x08008084   0x08008084   0x0000005e   Code   RO         4275    i.UART_Transmit_IT  stm32f4xx_hal_uart.o
    0x080080e2   0x080080e2   0x00000002   PAD
    0x080080e4   0x080080e4   0x0000000c   Code   RO          700    i.USART1_IRQHandler  stm32f4xx_it.o
    0x080080f0   0x080080f0   0x0000000c   Code   RO          701    i.USART3_IRQHandler  stm32f4xx_it.o
    0x080080fc   0x080080fc   0x0000000c   Code   RO          702    i.USART6_IRQHandler  stm32f4xx_it.o
    0x08008108   0x08008108   0x00000002   Code   RO          703    i.UsageFault_Handler  stm32f4xx_it.o
    0x0800810a   0x0800810a   0x00000002   PAD
    0x0800810c   0x0800810c   0x00000024   Code   RO         7589    i.Vofa_Send_Data4   vofa_send.o
    0x08008130   0x08008130   0x00000026   Code   RO        14856    i.__ARM_fpclassifyf  m_wm.l(fpclassifyf.o)
    0x08008156   0x08008156   0x00000020   Code   RO         2948    i.__NVIC_SetPriority  stm32f4xx_hal_cortex.o
    0x08008176   0x08008176   0x00000002   PAD
    0x08008178   0x08008178   0x0000012c   Code   RO        14643    i.__hardfp_asinf    m_wm.l(asinf.o)
    0x080082a4   0x080082a4   0x000002ac   Code   RO        14655    i.__hardfp_atan2f   m_wm.l(atan2f.o)
    0x08008550   0x08008550   0x0000003a   Code   RO        14779    i.__hardfp_sqrtf    m_wm.l(sqrtf.o)
    0x0800858a   0x0800858a   0x00000006   Code   RO        14859    i.__mathlib_flt_infnan  m_wm.l(funder.o)
    0x08008590   0x08008590   0x00000006   Code   RO        14860    i.__mathlib_flt_infnan2  m_wm.l(funder.o)
    0x08008596   0x08008596   0x00000002   PAD
    0x08008598   0x08008598   0x00000010   Code   RO        14861    i.__mathlib_flt_invalid  m_wm.l(funder.o)
    0x080085a8   0x080085a8   0x00000010   Code   RO        14864    i.__mathlib_flt_underflow  m_wm.l(funder.o)
    0x080085b8   0x080085b8   0x000001d0   Code   RO        14475    i.accel_comple_filter  AHRS.lib(ahrs.o)
    0x08008788   0x08008788   0x0000018c   Code   RO        14476    i.accel_update_kp_ki  AHRS.lib(ahrs.o)
    0x08008914   0x08008914   0x0000016c   Code   RO        14477    i.angle_to_quat     AHRS.lib(ahrs.o)
    0x08008a80   0x08008a80   0x00000228   Code   RO         9425    i.arm_atan2_f32     fastmathfunctions.o
    0x08008ca8   0x08008ca8   0x00000088   Code   RO         9428    i.arm_cos_f32       fastmathfunctions.o
    0x08008d30   0x08008d30   0x00000084   Code   RO         9435    i.arm_sin_f32       fastmathfunctions.o
    0x08008db4   0x08008db4   0x0000011c   Code   RO         7077    i.bmi088_accel_init  bmi088driver.o
    0x08008ed0   0x08008ed0   0x000002b0   Code   RO         7078    i.bmi088_accel_self_test  bmi088driver.o
    0x08009180   0x08009180   0x000000dc   Code   RO         7079    i.bmi088_gyro_init  bmi088driver.o
    0x0800925c   0x0800925c   0x000000ca   Code   RO         7080    i.bmi088_gyro_self_test  bmi088driver.o
    0x08009326   0x08009326   0x00000002   PAD
    0x08009328   0x08009328   0x00000074   Code   RO         6839    i.chassis_follow_gimbal_handler  chassis_task.o
    0x0800939c   0x0800939c   0x00000078   Code   RO         6840    i.chassis_rotate_handler  chassis_task.o
    0x08009414   0x08009414   0x0000005c   Code   RO         6841    i.chassis_safe_handler  chassis_task.o
    0x08009470   0x08009470   0x00000028   Code   RO         6465    i.delay_init        bsp_delay.o
    0x08009498   0x08009498   0x00000038   Code   RO         6467    i.delay_us          bsp_delay.o
    0x080094d0   0x080094d0   0x0000005c   Code   RO         6601    i.detect_hook       detect_task.o
    0x0800952c   0x0800952c   0x00000084   Code   RO         6602    i.detect_init       detect_task.o
    0x080095b0   0x080095b0   0x0000010c   Code   RO         6603    i.detect_task       detect_task.o
    0x080096bc   0x080096bc   0x000000e8   Code   RO        14478    i.get_angle         AHRS.lib(ahrs.o)
    0x080097a4   0x080097a4   0x000000dc   Code   RO         6671    i.imu_cali_slove    ins_task.o
    0x08009880   0x08009880   0x00000108   Code   RO         6672    i.imu_cmd_spi_dma   ins_task.o
    0x08009988   0x08009988   0x0000000c   Code   RO         6288    i.imu_pwm_set       bsp_imu_pwm.o
    0x08009994   0x08009994   0x00000088   Code   RO         6673    i.imu_temp_control  ins_task.o
    0x08009a1c   0x08009a1c   0x00000002   Code   RO         7311    i.ist8310_GPIO_init  ist8310driver_middleware.o
    0x08009a1e   0x08009a1e   0x00000002   PAD
    0x08009a20   0x08009a20   0x00000024   Code   RO         7313    i.ist8310_IIC_read_single_reg  ist8310driver_middleware.o
    0x08009a44   0x08009a44   0x00000024   Code   RO         7315    i.ist8310_IIC_write_single_reg  ist8310driver_middleware.o
    0x08009a68   0x08009a68   0x00000010   Code   RO         7316    i.ist8310_RST_H     ist8310driver_middleware.o
    0x08009a78   0x08009a78   0x00000010   Code   RO         7317    i.ist8310_RST_L     ist8310driver_middleware.o
    0x08009a88   0x08009a88   0x00000002   Code   RO         7318    i.ist8310_com_init  ist8310driver_middleware.o
    0x08009a8a   0x08009a8a   0x00000004   Code   RO         7319    i.ist8310_delay_ms  ist8310driver_middleware.o
    0x08009a8e   0x08009a8e   0x00000002   PAD
    0x08009a90   0x08009a90   0x0000007c   Code   RO         7276    i.ist8310_init      ist8310driver.o
    0x08009b0c   0x08009b0c   0x00000020   Code   RO         7391    i.limit             user_common_lib.o
    0x08009b2c   0x08009b2c   0x0000006c   Code   RO           16    i.main              main.o
    0x08009b98   0x08009b98   0x0000000c   Code   RO         5652    i.makeFreeRtosPriority  cmsis_os.o
    0x08009ba4   0x08009ba4   0x00000014   Code   RO         7392    i.my_fabsf          user_common_lib.o
    0x08009bb8   0x08009bb8   0x00000010   Code   RO         5654    i.osDelay           cmsis_os.o
    0x08009bc8   0x08009bc8   0x0000000a   Code   RO         5657    i.osKernelStart     cmsis_os.o
    0x08009bd2   0x08009bd2   0x00000058   Code   RO         5691    i.osThreadCreate    cmsis_os.o
    0x08009c2a   0x08009c2a   0x00000002   PAD
    0x08009c2c   0x08009c2c   0x00000024   Code   RO         5119    i.pcTaskGetName     tasks.o
    0x08009c50   0x08009c50   0x00000078   Code   RO         5120    i.prvAddCurrentTaskToDelayedList  tasks.o
    0x08009cc8   0x08009cc8   0x00000088   Code   RO         5121    i.prvAddNewTaskToReadyList  tasks.o
    0x08009d50   0x08009d50   0x00000058   Code   RO         5484    i.prvCheckForValidListAndQueue  timers.o
    0x08009da8   0x08009da8   0x0000003c   Code   RO         5122    i.prvCheckTasksWaitingTermination  tasks.o
    0x08009de4   0x08009de4   0x00000028   Code   RO         4767    i.prvCopyDataFromQueue  queue.o
    0x08009e0c   0x08009e0c   0x0000006e   Code   RO         4768    i.prvCopyDataToQueue  queue.o
    0x08009e7a   0x08009e7a   0x00000040   Code   RO         5123    i.prvDeleteTCB      tasks.o
    0x08009eba   0x08009eba   0x00000002   PAD
    0x08009ebc   0x08009ebc   0x00000024   Code   RO         5485    i.prvGetNextExpireTime  timers.o
    0x08009ee0   0x08009ee0   0x0000004c   Code   RO         6031    i.prvHeapInit       heap_4.o
    0x08009f2c   0x08009f2c   0x00000028   Code   RO         5124    i.prvIdleTask       tasks.o
    0x08009f54   0x08009f54   0x00000018   Code   RO         4771    i.prvInitialiseNewQueue  queue.o
    0x08009f6c   0x08009f6c   0x000000ac   Code   RO         5125    i.prvInitialiseNewTask  tasks.o
    0x0800a018   0x0800a018   0x00000050   Code   RO         5486    i.prvInitialiseNewTimer  timers.o
    0x0800a068   0x0800a068   0x00000058   Code   RO         5126    i.prvInitialiseTaskLists  tasks.o
    0x0800a0c0   0x0800a0c0   0x00000054   Code   RO         6032    i.prvInsertBlockIntoFreeList  heap_4.o
    0x0800a114   0x0800a114   0x00000040   Code   RO         5487    i.prvInsertTimerInActiveList  timers.o
    0x0800a154   0x0800a154   0x0000001a   Code   RO         4772    i.prvIsQueueEmpty   queue.o
    0x0800a16e   0x0800a16e   0x0000001e   Code   RO         4773    i.prvIsQueueFull    queue.o
    0x0800a18c   0x0800a18c   0x00000068   Code   RO         5488    i.prvProcessExpiredTimer  timers.o
    0x0800a1f4   0x0800a1f4   0x000000fc   Code   RO         5489    i.prvProcessReceivedCommands  timers.o
    0x0800a2f0   0x0800a2f0   0x0000006c   Code   RO         5490    i.prvProcessTimerOrBlockTask  timers.o
    0x0800a35c   0x0800a35c   0x00000024   Code   RO         5127    i.prvResetNextTaskUnblockTime  tasks.o
    0x0800a380   0x0800a380   0x0000002c   Code   RO         5491    i.prvSampleTimeNow  timers.o
    0x0800a3ac   0x0800a3ac   0x00000066   Code   RO         5128    i.prvSearchForNameWithinSingleList  tasks.o
    0x0800a412   0x0800a412   0x00000002   PAD
    0x0800a414   0x0800a414   0x00000070   Code   RO         5492    i.prvSwitchTimerLists  timers.o
    0x0800a484   0x0800a484   0x00000014   Code   RO         5129    i.prvTaskCheckFreeStackSpace  tasks.o
    0x0800a498   0x0800a498   0x0000002c   Code   RO         6088    i.prvTaskExitError  port.o
    0x0800a4c4   0x0800a4c4   0x00000014   Code   RO         5493    i.prvTimerTask      timers.o
    0x0800a4d8   0x0800a4d8   0x0000006a   Code   RO         4774    i.prvUnlockQueue    queue.o
    0x0800a542   0x0800a542   0x00000002   PAD
    0x0800a544   0x0800a544   0x000000dc   Code   RO         6033    i.pvPortMalloc      heap_4.o
    0x0800a620   0x0800a620   0x00000024   Code   RO         6089    i.pxPortInitialiseStack  port.o
    0x0800a644   0x0800a644   0x00000084   Code   RO        14483    i.quat_normalization  AHRS.lib(ahrs.o)
    0x0800a6c8   0x0800a6c8   0x0000002c   Code   RO         7394    i.ramp_control      user_common_lib.o
    0x0800a6f4   0x0800a6f4   0x0000003e   Code   RO        14781    i.sqrtf             m_wm.l(sqrtf.o)
    0x0800a732   0x0800a732   0x00000002   PAD
    0x0800a734   0x0800a734   0x00000018   Code   RO         6605    i.toe_is_error      detect_task.o
    0x0800a74c   0x0800a74c   0x00000068   Code   RO         5132    i.ulTaskNotifyTake  tasks.o
    0x0800a7b4   0x0800a7b4   0x00000054   Code   RO         6166    i.update_cap        bsp_cap.o
    0x0800a808   0x0800a808   0x0000007a   Code   RO        14484    i.update_w          AHRS.lib(ahrs.o)
    0x0800a882   0x0800a882   0x00000026   Code   RO         4727    i.uxListRemove      list.o
    0x0800a8a8   0x0800a8a8   0x00000014   Code   RO         5135    i.uxTaskGetStackHighWaterMark  tasks.o
    0x0800a8bc   0x0800a8bc   0x00000014   Code   RO          291    i.vApplicationGetIdleTaskMemory  freertos.o
    0x0800a8d0   0x0800a8d0   0x00000018   Code   RO          292    i.vApplicationGetTimerTaskMemory  freertos.o
    0x0800a8e8   0x0800a8e8   0x00000016   Code   RO         4728    i.vListInitialise   list.o
    0x0800a8fe   0x0800a8fe   0x00000006   Code   RO         4729    i.vListInitialiseItem  list.o
    0x0800a904   0x0800a904   0x00000030   Code   RO         4730    i.vListInsert       list.o
    0x0800a934   0x0800a934   0x00000018   Code   RO         4731    i.vListInsertEnd    list.o
    0x0800a94c   0x0800a94c   0x00000040   Code   RO         6091    i.vPortEnterCritical  port.o
    0x0800a98c   0x0800a98c   0x0000002c   Code   RO         6092    i.vPortExitCritical  port.o
    0x0800a9b8   0x0800a9b8   0x00000064   Code   RO         6034    i.vPortFree         heap_4.o
    0x0800aa1c   0x0800aa1c   0x00000024   Code   RO         6093    i.vPortSetupTimerInterrupt  port.o
    0x0800aa40   0x0800aa40   0x00000054   Code   RO         6094    i.vPortValidateInterruptPriority  port.o
    0x0800aa94   0x0800aa94   0x00000024   Code   RO         4778    i.vQueueAddToRegistry  queue.o
    0x0800aab8   0x0800aab8   0x00000046   Code   RO         4781    i.vQueueWaitForMessageRestricted  queue.o
    0x0800aafe   0x0800aafe   0x00000002   PAD
    0x0800ab00   0x0800ab00   0x00000050   Code   RO         5139    i.vTaskDelay        tasks.o
    0x0800ab50   0x0800ab50   0x00000010   Code   RO         5143    i.vTaskInternalSetTimeOutState  tasks.o
    0x0800ab60   0x0800ab60   0x0000000c   Code   RO         5144    i.vTaskMissedYield  tasks.o
    0x0800ab6c   0x0800ab6c   0x000000bc   Code   RO         5145    i.vTaskNotifyGiveFromISR  tasks.o
    0x0800ac28   0x0800ac28   0x00000034   Code   RO         5146    i.vTaskPlaceOnEventList  tasks.o
    0x0800ac5c   0x0800ac5c   0x0000003c   Code   RO         5147    i.vTaskPlaceOnEventListRestricted  tasks.o
    0x0800ac98   0x0800ac98   0x00000090   Code   RO         5154    i.vTaskStartScheduler  tasks.o
    0x0800ad28   0x0800ad28   0x00000010   Code   RO         5156    i.vTaskSuspendAll   tasks.o
    0x0800ad38   0x0800ad38   0x00000060   Code   RO         5157    i.vTaskSwitchContext  tasks.o
    0x0800ad98   0x0800ad98   0x000000f4   Code   RO         6095    i.xPortStartScheduler  port.o
    0x0800ae8c   0x0800ae8c   0x00000044   Code   RO         4784    i.xQueueGenericCreate  queue.o
    0x0800aed0   0x0800aed0   0x0000006c   Code   RO         4785    i.xQueueGenericCreateStatic  queue.o
    0x0800af3c   0x0800af3c   0x0000008c   Code   RO         4786    i.xQueueGenericReset  queue.o
    0x0800afc8   0x0800afc8   0x00000164   Code   RO         4787    i.xQueueGenericSend  queue.o
    0x0800b12c   0x0800b12c   0x000000c0   Code   RO         4788    i.xQueueGenericSendFromISR  queue.o
    0x0800b1ec   0x0800b1ec   0x0000013c   Code   RO         4796    i.xQueueReceive     queue.o
    0x0800b328   0x0800b328   0x00000090   Code   RO         5160    i.xTaskCheckForTimeOut  tasks.o
    0x0800b3b8   0x0800b3b8   0x00000064   Code   RO         5161    i.xTaskCreate       tasks.o
    0x0800b41c   0x0800b41c   0x0000005c   Code   RO         5162    i.xTaskCreateStatic  tasks.o
    0x0800b478   0x0800b478   0x00000088   Code   RO         5166    i.xTaskGetHandle    tasks.o
    0x0800b500   0x0800b500   0x0000001c   Code   RO         5167    i.xTaskGetSchedulerState  tasks.o
    0x0800b51c   0x0800b51c   0x0000000c   Code   RO         5168    i.xTaskGetTickCount  tasks.o
    0x0800b528   0x0800b528   0x000000d0   Code   RO         5170    i.xTaskIncrementTick  tasks.o
    0x0800b5f8   0x0800b5f8   0x00000098   Code   RO         5173    i.xTaskPriorityDisinherit  tasks.o
    0x0800b690   0x0800b690   0x0000007c   Code   RO         5175    i.xTaskRemoveFromEventList  tasks.o
    0x0800b70c   0x0800b70c   0x000000cc   Code   RO         5176    i.xTaskResumeAll    tasks.o
    0x0800b7d8   0x0800b7d8   0x00000034   Code   RO         5498    i.xTimerCreate      timers.o
    0x0800b80c   0x0800b80c   0x00000068   Code   RO         5500    i.xTimerCreateTimerTask  timers.o
    0x0800b874   0x0800b874   0x0000006c   Code   RO         5501    i.xTimerGenericCommand  timers.o
    0x0800b8e0   0x0800b8e0   0x0000000a   Code   RO        14996    x$fpl$fpinit        fz_wm.l(fpinit.o)
    0x0800b8ea   0x0800b8ea   0x00000000   Code   RO        14836    x$fpl$usenofp       fz_wm.l(usenofp.o)
    0x0800b8ea   0x0800b8ea   0x00000002   PAD
    0x0800b8ec   0x0800b8ec   0x00000070   Data   RO          294    .constdata          freertos.o
    0x0800b95c   0x0800b95c   0x00000008   Data   RO         2662    .constdata          stm32f4xx_hal_dma.o
    0x0800b964   0x0800b964   0x00000010   Data   RO         4590    .constdata          system_stm32f4xx.o
    0x0800b974   0x0800b974   0x00000008   Data   RO         4591    .constdata          system_stm32f4xx.o
    0x0800b97c   0x0800b97c   0x00000018   Data   RO         6512    .constdata          bsp_can_chassis.o
    0x0800b994   0x0800b994   0x0000004e   Data   RO         6607    .constdata          detect_task.o
    0x0800b9e2   0x0800b9e2   0x00000002   PAD
    0x0800b9e4   0x0800b9e4   0x0000000c   Data   RO         6678    .constdata          ins_task.o
    0x0800b9f0   0x0800b9f0   0x00000048   Data   RO         6843    .constdata          chassis_task.o
    0x0800ba38   0x0800ba38   0x00000012   Data   RO         7085    .constdata          bmi088driver.o
    0x0800ba4a   0x0800ba4a   0x0000000c   Data   RO         7279    .constdata          ist8310driver.o
    0x0800ba56   0x0800ba56   0x00000002   PAD
    0x0800ba58   0x0800ba58   0x00000804   Data   RO         8601    .constdata          commontables.o
    0x0800c25c   0x0800c25c   0x00000070   Data   RO         9446    .constdata          fastmathfunctions.o
    0x0800c2cc   0x0800c2cc   0x0000000c   Data   RO        14485    .constdata          AHRS.lib(ahrs.o)
    0x0800c2d8   0x0800c2d8   0x00000034   Data   RO          295    .conststring        freertos.o
    0x0800c30c   0x0800c30c   0x00000020   Data   RO        15054    Region$$Table       anon$$obj.o


    Execution Region RW_IRAM1 (Exec base: 0x20000000, Load base: 0x0800c32c, Size: 0x0000e6e0, Max: 0x0001c000, ABSOLUTE, COMPRESSED[0x00000080])

    Exec Addr    Load Addr    Size         Type   Attr      Idx    E Section Name        Object

    0x20000000   COMPRESSED   0x00000010   Data   RW          296    .data               freertos.o
    0x20000010   COMPRESSED   0x00000004   Data   RW          365    .data               can.o
    0x20000014   COMPRESSED   0x00000008   Data   RW          412    .data               crc.o
    0x2000001c   COMPRESSED   0x0000000c   Data   RW         3107    .data               stm32f4xx_hal.o
    0x20000028   COMPRESSED   0x00000004   Data   RW         4592    .data               system_stm32f4xx.o
    0x2000002c   COMPRESSED   0x0000003c   Data   RW         5179    .data               tasks.o
    0x20000068   COMPRESSED   0x00000014   Data   RW         5509    .data               timers.o
    0x2000007c   COMPRESSED   0x00000020   Data   RW         6040    .data               heap_4.o
    0x2000009c   COMPRESSED   0x0000000c   Data   RW         6096    .data               port.o
    0x200000a8   COMPRESSED   0x00000001   Data   RW         6168    .data               bsp_cap.o
    0x200000a9   COMPRESSED   0x00000003   PAD
    0x200000ac   COMPRESSED   0x00000008   Data   RW         6468    .data               bsp_delay.o
    0x200000b4   COMPRESSED   0x00000008   Data   RW         6513    .data               bsp_can_chassis.o
    0x200000bc   COMPRESSED   0x0000000c   Data   RW         6608    .data               detect_task.o
    0x200000c8   COMPRESSED   0x000000a8   Data   RW         6680    .data               ins_task.o
    0x20000170   COMPRESSED   0x0000002c   Data   RW         6844    .data               chassis_task.o
    0x2000019c   COMPRESSED   0x00000008   Data   RW         7031    .data               can_send_task.o
    0x200001a4   COMPRESSED   0x0000002c   Data   RW         7086    .data               bmi088driver.o
    0x200001d0   COMPRESSED   0x00000044   Data   RW         7591    .data               vofa_send.o
    0x20000214   COMPRESSED   0x00000010   Data   RW        14486    .data               AHRS.lib(ahrs.o)
    0x20000224        -       0x000006a8   Zero   RW          293    .bss                freertos.o
    0x200008cc        -       0x00000050   Zero   RW          364    .bss                can.o
    0x2000091c        -       0x00000054   Zero   RW          478    .bss                i2c.o
    0x20000970        -       0x00000118   Zero   RW          520    .bss                spi.o
    0x20000a88        -       0x00000120   Zero   RW          566    .bss                tim.o
    0x20000ba8        -       0x000002b8   Zero   RW          630    .bss                usart.o
    0x20000e60        -       0x00000048   Zero   RW          889    .bss                stm32f4xx_hal_timebase_tim.o
    0x20000ea8        -       0x00000040   Zero   RW         4799    .bss                queue.o
    0x20000ee8        -       0x000000f0   Zero   RW         5178    .bss                tasks.o
    0x20000fd8        -       0x00000110   Zero   RW         5508    .bss                timers.o
    0x200010e8        -       0x00008b84   Zero   RW         6039    .bss                heap_4.o
    0x20009c6c        -       0x00000014   Zero   RW         6167    .bss                bsp_cap.o
    0x20009c80        -       0x00000088   Zero   RW         6511    .bss                bsp_can_chassis.o
    0x20009d08        -       0x000001f8   Zero   RW         6606    .bss                detect_task.o
    0x20009f00        -       0x0000014c   Zero   RW         6675    .bss                ins_task.o
    0x2000a04c        -       0x00000094   Zero   RW         6842    .bss                chassis_task.o
    0x2000a0e0        -       0x00000040   Zero   RW         7450    .bss                motor.o
    0x2000a120        -       0x00000040   Zero   RW         7451    .bss                motor.o
    0x2000a160        -       0x000002a0   Zero   RW         7455    .bss                motor.o
    0x2000a400        -       0x00000150   Zero   RW         7456    .bss                motor.o
    0x2000a550        -       0x00000130   Zero   RW         7459    .bss                motor.o
    0x2000a680        -       0x00000060   Zero   RW        14912    .bss                c_w.l(libspace.o)
    0x2000a6e0        -       0x00002000   Zero   RW            2    HEAP                startup_stm32f407xx.o
    0x2000c6e0        -       0x00002000   Zero   RW            1    STACK               startup_stm32f407xx.o


    Execution Region RW_IRAM2 (Exec base: 0x2001c000, Load base: 0x0800c3ac, Size: 0x00000000, Max: 0x00004000, ABSOLUTE)

    **** No section assigned to this execution region ****


==============================================================================

Image component sizes


      Code (inc. data)   RO Data    RW Data    ZI Data      Debug   Object Name

        70          6          0          0          0       5480   ahrs_middleware.o
      2144         36         18         44          0      11475   bmi088driver.o
       108         28          0          0          0       4984   bmi088middleware.o
       808         52         24          8        136      13208   bsp_can_chassis.o
        84         18          0          1         20       1649   bsp_cap.o
        96         20          0          8          0       1440   bsp_delay.o
        12          4          0          0          0     591758   bsp_imu_pwm.o
      6488         86          0          0          0       5534   bsp_spi.o
       392         42          0          4         80       2666   can.o
       292         58          0          8          0       2359   can_send_task.o
      2680        350         72         44        148      21173   chassis_task.o
       126          0          0          0          0      23251   cmsis_os.o
         0          0       2052          0          0      13425   commontables.o
        76         18          0          8          0       1655   crc.o
       516         32         78         12        504       4738   detect_task.o
       156          4          0          0          0        914   dma.o
         0          0          0          0          0      19868   event_groups.o
       820         52        112          0          0      11279   fastmathfunctions.o
       148         18        164         16       1704       3133   freertos.o
       536         28          0          0          0       1351   gpio.o
       480         28          0         32      35716       5227   heap_4.o
       212         32          0          0         84       1861   i2c.o
      2648        158         12        168        332      11833   ins_task.o
       124          4         12          0          0       2151   ist8310driver.o
       112         22          0          0          0       4151   ist8310driver_middleware.o
        36          8          0          0          0        579   led_task.o
       138          0          0          0          0       3802   list.o
       274         14          0          0          0     754846   main.o
         0          0          0          0       1440       4313   motor.o
       448         10          0          0          0       2026   pid.o
       786         84          0         12          0      12421   port.o
      1622         20          0          0         64      19366   queue.o
       344         32          0          0        280       2051   spi.o
        64         26        392          0      16384        884   startup_stm32f407xx.o
        80         14          0         12          0       8318   stm32f4xx_hal.o
      1766          6          0          0          0      15487   stm32f4xx_hal_can.o
       158         14          0          0          0      33314   stm32f4xx_hal_cortex.o
        36          0          0          0          0       1147   stm32f4xx_hal_crc.o
      1170         14          8          0          0       7878   stm32f4xx_hal_dma.o
       518         50          0          0          0       3772   stm32f4xx_hal_gpio.o
      2628         46          0          0          0      13222   stm32f4xx_hal_i2c.o
        56          4          0          0          0        910   stm32f4xx_hal_msp.o
      1536         88          0          0          0       7321   stm32f4xx_hal_rcc.o
      1008         14          0          0          0       5089   stm32f4xx_hal_spi.o
      2046        142          0          0          0      18004   stm32f4xx_hal_tim.o
       148         30          0          0          0       2721   stm32f4xx_hal_tim_ex.o
       152         18          0          0         72       1647   stm32f4xx_hal_timebase_tim.o
      1664         26          0          0          0      14430   stm32f4xx_hal_uart.o
       198         78          0          0          0      12539   stm32f4xx_it.o
         0          0          0          0          0        384   stream_buffer.o
        16          4         24          4          0       1227   system_stm32f4xx.o
      2862        210          0         60        240      35757   tasks.o
       820         86          0          0        288       4977   tim.o
      1172         88          0         20        272      33610   timers.o
       812         80          0          0        696       3827   usart.o
       164         18          0          0          0       2869   user_common_lib.o
        36          8          0         68          0       1600   vofa_send.o

    ----------------------------------------------------------------------
     41952       2328       3004        532      58460    1796901   Object Totals
         0          0         32          0          0          0   (incl. Generated)
        66          0          4          3          0          0   (incl. Padding)

    ----------------------------------------------------------------------

      Code (inc. data)   RO Data    RW Data    ZI Data      Debug   Library Member Name

      2718         84         12         16          0       9922   ahrs.o
        90          0          0          0          0          0   __dczerorl2.o
         8          0          0          0          0         68   __main.o
         0          0          0          0          0          0   __rtentry.o
        12          0          0          0          0          0   __rtentry2.o
         6          0          0          0          0          0   __rtentry4.o
        52          8          0          0          0          0   __scatter.o
        28          0          0          0          0          0   __scatter_zi.o
        22          0          0          0          0        100   _rserrno.o
        16          0          0          0          0         68   aeabi_memset.o
        18          0          0          0          0         80   exit.o
         6          0          0          0          0        152   heapauxi.o
         0          0          0          0          0          0   indicate_semi.o
         2          0          0          0          0          0   libinit.o
         6          0          0          0          0          0   libinit2.o
         2          0          0          0          0          0   libshutdown.o
         2          0          0          0          0          0   libshutdown2.o
         8          4          0          0         96         68   libspace.o
       238          0          0          0          0        100   lludivv7m.o
         8          4          0          0          0         68   rt_errno_addr_intlibspace.o
        68          0          0          0          0         68   rt_memclr.o
        78          0          0          0          0         80   rt_memclr_w.o
       138          0          0          0          0         68   rt_memcpy_v6.o
       100          0          0          0          0         80   rt_memcpy_w.o
         2          0          0          0          0          0   rtexit.o
        10          0          0          0          0          0   rtexit2.o
        62          0          0          0          0         76   strlen.o
        12          4          0          0          0         68   sys_exit.o
        74          0          0          0          0         80   sys_stackheap_outer.o
         2          0          0          0          0         68   use_no_semi.o
        10          0          0          0          0        116   fpinit.o
         0          0          0          0          0          0   usenofp.o
       300         42          0          0          0        176   asinf.o
       684         90          0          0          0        208   atan2f.o
        38          0          0          0          0        116   fpclassifyf.o
        44         12          0          0          0        464   funder.o
       120          0          0          0          0        272   sqrtf.o

    ----------------------------------------------------------------------
      4996        248         12         16         96      12566   Library Totals
        12          0          0          0          0          0   (incl. Padding)

    ----------------------------------------------------------------------

      Code (inc. data)   RO Data    RW Data    ZI Data      Debug   Library Name

      2718         84         12         16          0       9922   AHRS.lib
      1070         20          0          0         96       1292   c_w.l
        10          0          0          0          0        116   fz_wm.l
      1186        144          0          0          0       1236   m_wm.l

    ----------------------------------------------------------------------
      4996        248         12         16         96      12566   Library Totals

    ----------------------------------------------------------------------

==============================================================================


      Code (inc. data)   RO Data    RW Data    ZI Data      Debug   

     46948       2576       3016        548      58556    1775843   Grand Totals
     46948       2576       3016        128      58556    1775843   ELF Image Totals (compressed)
     46948       2576       3016        128          0          0   ROM Totals

==============================================================================

    Total RO  Size (Code + RO Data)                49964 (  48.79kB)
    Total RW  Size (RW Data + ZI Data)             59104 (  57.72kB)
    Total ROM Size (Code + RO Data + RW Data)      50092 (  48.92kB)

==============================================================================

