Component: ARM Compiler 5.06 update 7 (build 960) Tool: armlink [4d3601]

==============================================================================

Section Cross References

    startup_stm32f407xx.o(STACK) refers (Special) to heapauxi.o(.text) for __use_two_region_memory
    startup_stm32f407xx.o(HEAP) refers (Special) to heapauxi.o(.text) for __use_two_region_memory
    startup_stm32f407xx.o(RESET) refers (Special) to heapauxi.o(.text) for __use_two_region_memory
    startup_stm32f407xx.o(RESET) refers to startup_stm32f407xx.o(STACK) for __initial_sp
    startup_stm32f407xx.o(RESET) refers to startup_stm32f407xx.o(.text) for Reset_Handler
    startup_stm32f407xx.o(RESET) refers to stm32f4xx_it.o(i.NMI_Handler) for NMI_Handler
    startup_stm32f407xx.o(RESET) refers to stm32f4xx_it.o(i.HardFault_Handler) for HardFault_Handler
    startup_stm32f407xx.o(RESET) refers to stm32f4xx_it.o(i.MemManage_Handler) for MemManage_Handler
    startup_stm32f407xx.o(RESET) refers to stm32f4xx_it.o(i.BusFault_Handler) for BusFault_Handler
    startup_stm32f407xx.o(RESET) refers to stm32f4xx_it.o(i.UsageFault_Handler) for UsageFault_Handler
    startup_stm32f407xx.o(RESET) refers to port.o(.emb_text) for SVC_Handler
    startup_stm32f407xx.o(RESET) refers to stm32f4xx_it.o(i.DebugMon_Handler) for DebugMon_Handler
    startup_stm32f407xx.o(RESET) refers to port.o(i.SysTick_Handler) for SysTick_Handler
    startup_stm32f407xx.o(RESET) refers to stm32f4xx_it.o(i.EXTI0_IRQHandler) for EXTI0_IRQHandler
    startup_stm32f407xx.o(RESET) refers to stm32f4xx_it.o(i.EXTI3_IRQHandler) for EXTI3_IRQHandler
    startup_stm32f407xx.o(RESET) refers to stm32f4xx_it.o(i.EXTI4_IRQHandler) for EXTI4_IRQHandler
    startup_stm32f407xx.o(RESET) refers to stm32f4xx_it.o(i.DMA1_Stream1_IRQHandler) for DMA1_Stream1_IRQHandler
    startup_stm32f407xx.o(RESET) refers to stm32f4xx_it.o(i.CAN1_RX0_IRQHandler) for CAN1_RX0_IRQHandler
    startup_stm32f407xx.o(RESET) refers to stm32f4xx_it.o(i.EXTI9_5_IRQHandler) for EXTI9_5_IRQHandler
    startup_stm32f407xx.o(RESET) refers to stm32f4xx_it.o(i.TIM2_IRQHandler) for TIM2_IRQHandler
    startup_stm32f407xx.o(RESET) refers to stm32f4xx_it.o(i.USART1_IRQHandler) for USART1_IRQHandler
    startup_stm32f407xx.o(RESET) refers to stm32f4xx_it.o(i.USART3_IRQHandler) for USART3_IRQHandler
    startup_stm32f407xx.o(RESET) refers to stm32f4xx_it.o(i.DMA2_Stream1_IRQHandler) for DMA2_Stream1_IRQHandler
    startup_stm32f407xx.o(RESET) refers to stm32f4xx_it.o(i.DMA2_Stream2_IRQHandler) for DMA2_Stream2_IRQHandler
    startup_stm32f407xx.o(RESET) refers to stm32f4xx_it.o(i.DMA2_Stream3_IRQHandler) for DMA2_Stream3_IRQHandler
    startup_stm32f407xx.o(RESET) refers to stm32f4xx_it.o(i.CAN2_RX0_IRQHandler) for CAN2_RX0_IRQHandler
    startup_stm32f407xx.o(RESET) refers to stm32f4xx_it.o(i.DMA2_Stream5_IRQHandler) for DMA2_Stream5_IRQHandler
    startup_stm32f407xx.o(RESET) refers to stm32f4xx_it.o(i.DMA2_Stream6_IRQHandler) for DMA2_Stream6_IRQHandler
    startup_stm32f407xx.o(RESET) refers to stm32f4xx_it.o(i.DMA2_Stream7_IRQHandler) for DMA2_Stream7_IRQHandler
    startup_stm32f407xx.o(RESET) refers to stm32f4xx_it.o(i.USART6_IRQHandler) for USART6_IRQHandler
    startup_stm32f407xx.o(.text) refers (Special) to heapauxi.o(.text) for __use_two_region_memory
    startup_stm32f407xx.o(.text) refers to system_stm32f4xx.o(i.SystemInit) for SystemInit
    startup_stm32f407xx.o(.text) refers to __main.o(!!!main) for __main
    startup_stm32f407xx.o(.text) refers to startup_stm32f407xx.o(HEAP) for Heap_Mem
    startup_stm32f407xx.o(.text) refers to startup_stm32f407xx.o(STACK) for Stack_Mem
    main.o(i.HAL_TIM_PeriodElapsedCallback) refers to stm32f4xx_hal.o(i.HAL_IncTick) for HAL_IncTick
    main.o(i.SystemClock_Config) refers to rt_memclr_w.o(.text) for __aeabi_memclr4
    main.o(i.SystemClock_Config) refers to stm32f4xx_hal_rcc.o(i.HAL_RCC_OscConfig) for HAL_RCC_OscConfig
    main.o(i.SystemClock_Config) refers to main.o(i.Error_Handler) for Error_Handler
    main.o(i.SystemClock_Config) refers to stm32f4xx_hal_rcc.o(i.HAL_RCC_ClockConfig) for HAL_RCC_ClockConfig
    main.o(i.main) refers to stm32f4xx_hal.o(i.HAL_Init) for HAL_Init
    main.o(i.main) refers to main.o(i.SystemClock_Config) for SystemClock_Config
    main.o(i.main) refers to gpio.o(i.MX_GPIO_Init) for MX_GPIO_Init
    main.o(i.main) refers to dma.o(i.MX_DMA_Init) for MX_DMA_Init
    main.o(i.main) refers to i2c.o(i.MX_I2C3_Init) for MX_I2C3_Init
    main.o(i.main) refers to spi.o(i.MX_SPI1_Init) for MX_SPI1_Init
    main.o(i.main) refers to tim.o(i.MX_TIM10_Init) for MX_TIM10_Init
    main.o(i.main) refers to usart.o(i.MX_USART3_UART_Init) for MX_USART3_UART_Init
    main.o(i.main) refers to can.o(i.MX_CAN1_Init) for MX_CAN1_Init
    main.o(i.main) refers to can.o(i.MX_CAN2_Init) for MX_CAN2_Init
    main.o(i.main) refers to usart.o(i.MX_USART6_UART_Init) for MX_USART6_UART_Init
[...]
    HAL_TIM_IRQHandler                       0x080050db   Thumb Code   312  stm32f4xx_hal_tim.o(i.HAL_TIM_IRQHandler)
    HAL_TIM_MspPostInit                      0x08005215   Thumb Code   114  tim.o(i.HAL_TIM_MspPostInit)
    HAL_TIM_OC_DelayElapsedCallback          0x0800529d   Thumb Code     2  stm32f4xx_hal_tim.o(i.HAL_TIM_OC_DelayElapsedCallback)
    HAL_TIM_PWM_ConfigChannel                0x0800529f   Thumb Code   216  stm32f4xx_hal_tim.o(i.HAL_TIM_PWM_ConfigChannel)
    HAL_TIM_PWM_Init                         0x08005377   Thumb Code    74  stm32f4xx_hal_tim.o(i.HAL_TIM_PWM_Init)
    HAL_TIM_PWM_MspInit                      0x080053c1   Thumb Code     2  stm32f4xx_hal_tim.o(i.HAL_TIM_PWM_MspInit)
    HAL_TIM_PWM_PulseFinishedCallback        0x080053c3   Thumb Code     2  stm32f4xx_hal_tim.o(i.HAL_TIM_PWM_PulseFinishedCallback)
    HAL_TIM_PWM_Start                        0x080053c5   Thumb Code   190  stm32f4xx_hal_tim.o(i.HAL_TIM_PWM_Start)
    HAL_TIM_PWM_Stop                         0x080054a1   Thumb Code   116  stm32f4xx_hal_tim.o(i.HAL_TIM_PWM_Stop)
    HAL_TIM_PeriodElapsedCallback            0x0800551d   Thumb Code    14  main.o(i.HAL_TIM_PeriodElapsedCallback)
    HAL_TIM_TriggerCallback                  0x0800552b   Thumb Code     2  stm32f4xx_hal_tim.o(i.HAL_TIM_TriggerCallback)
    HAL_UARTEx_RxEventCallback               0x0800552d   Thumb Code     2  stm32f4xx_hal_uart.o(i.HAL_UARTEx_RxEventCallback)
    HAL_UART_ErrorCallback                   0x0800552f   Thumb Code     2  stm32f4xx_hal_uart.o(i.HAL_UART_ErrorCallback)
    HAL_UART_IRQHandler                      0x08005531   Thumb Code   556  stm32f4xx_hal_uart.o(i.HAL_UART_IRQHandler)
    HAL_UART_Init                            0x08005761   Thumb Code   102  stm32f4xx_hal_uart.o(i.HAL_UART_Init)
    HAL_UART_MspInit                         0x080057c9   Thumb Code   590  usart.o(i.HAL_UART_MspInit)
    HAL_UART_RxCpltCallback                  0x08005a49   Thumb Code     2  stm32f4xx_hal_uart.o(i.HAL_UART_RxCpltCallback)
    HAL_UART_TxCpltCallback                  0x08005a4b   Thumb Code     2  stm32f4xx_hal_uart.o(i.HAL_UART_TxCpltCallback)
    HardFault_Handler                        0x08005a4d   Thumb Code     2  stm32f4xx_it.o(i.HardFault_Handler)
    INS_Task                                 0x08005f1d   Thumb Code   604  ins_task.o(i.INS_Task)
    LED_Task                                 0x080061b5   Thumb Code    28  led_task.o(i.LED_Task)
    Limit_To_180                             0x080062e9   Thumb Code    54  user_common_lib.o(i.Limit_To_180)
    MX_CAN1_Init                             0x0800632d   Thumb Code    60  can.o(i.MX_CAN1_Init)
    MX_CAN2_Init                             0x08006371   Thumb Code    60  can.o(i.MX_CAN2_Init)
    MX_CRC_Init                              0x080063b5   Thumb Code    28  crc.o(i.MX_CRC_Init)
    MX_DMA_Init                              0x080063d9   Thumb Code   152  dma.o(i.MX_DMA_Init)
    MX_FREERTOS_Init                         0x08006475   Thumb Code    96  freertos.o(i.MX_FREERTOS_Init)
    MX_GPIO_Init                             0x080064dd   Thumb Code   528  gpio.o(i.MX_GPIO_Init)
    MX_I2C3_Init                             0x08006709   Thumb Code    50  i2c.o(i.MX_I2C3_Init)
    MX_SPI1_Init                             0x08006749   Thumb Code    64  spi.o(i.MX_SPI1_Init)
    MX_TIM10_Init                            0x08006791   Thumb Code    92  tim.o(i.MX_TIM10_Init)
    MX_TIM4_Init                             0x080067f5   Thumb Code   142  tim.o(i.MX_TIM4_Init)
    MX_USART1_UART_Init                      0x0800688d   Thumb Code    48  usart.o(i.MX_USART1_UART_Init)
    MX_USART3_UART_Init                      0x080068c5   Thumb Code    46  usart.o(i.MX_USART3_UART_Init)
    MX_USART6_UART_Init                      0x08006901   Thumb Code    48  usart.o(i.MX_USART6_UART_Init)
    MemManage_Handler                        0x08006939   Thumb Code     2  stm32f4xx_it.o(i.MemManage_Handler)
    NMI_Handler                              0x0800693b   Thumb Code     2  stm32f4xx_it.o(i.NMI_Handler)
    PID_calc                                 0x0800693d   Thumb Code   350  pid.o(i.PID_calc)
    PID_clear                                0x08006aa1   Thumb Code    58  pid.o(i.PID_clear)
    PID_init                                 0x08006ae1   Thumb Code    88  pid.o(i.PID_init)
    SPI1_DMA_enable                          0x08006b3d   Thumb Code  6204  bsp_spi.o(i.SPI1_DMA_enable)
    SPI1_DMA_init                            0x08008389   Thumb Code   242  bsp_spi.o(i.SPI1_DMA_init)
    SysTick_Handler                          0x0800897d   Thumb Code    38  port.o(i.SysTick_Handler)
    SystemClock_Config                       0x080089a9   Thumb Code   140  main.o(i.SystemClock_Config)
    SystemInit                               0x08008a3d   Thumb Code    12  system_stm32f4xx.o(i.SystemInit)
    TIM2_IRQHandler                          0x08008a4d   Thumb Code     6  stm32f4xx_it.o(i.TIM2_IRQHandler)
    TIM_Base_SetConfig                       0x08008a59   Thumb Code   174  stm32f4xx_hal_tim.o(i.TIM_Base_SetConfig)
    TIM_CCxChannelCmd                        0x08008b35   Thumb Code    26  stm32f4xx_hal_tim.o(i.TIM_CCxChannelCmd)
    TIM_ETR_SetConfig                        0x08008b4f   Thumb Code    20  stm32f4xx_hal_tim.o(i.TIM_ETR_SetConfig)
    TIM_OC2_SetConfig                        0x08008bdd   Thumb Code   106  stm32f4xx_hal_tim.o(i.TIM_OC2_SetConfig)
    USART1_IRQHandler                        0x08009011   Thumb Code     6  stm32f4xx_it.o(i.USART1_IRQHandler)
    USART3_IRQHandler                        0x0800901d   Thumb Code     6  stm32f4xx_it.o(i.USART3_IRQHandler)
    USART6_IRQHandler                        0x08009029   Thumb Code     6  stm32f4xx_it.o(i.USART6_IRQHandler)
    UsageFault_Handler                       0x08009035   Thumb Code     2  stm32f4xx_it.o(i.UsageFault_Handler)
    __ARM_fpclassifyf                        0x08009037   Thumb Code    38  fpclassifyf.o(i.__ARM_fpclassifyf)
    __hardfp_asinf                           0x0800907d   Thumb Code   258  asinf.o(i.__hardfp_asinf)
    __hardfp_atan2f                          0x080091a9   Thumb Code   594  atan2f.o(i.__hardfp_atan2f)
    __hardfp_sqrtf                           0x08009455   Thumb Code    58  sqrtf.o(i.__hardfp_sqrtf)
    __mathlib_flt_infnan                     0x0800948f   Thumb Code     6  funder.o(i.__mathlib_flt_infnan)
    __mathlib_flt_infnan2                    0x08009495   Thumb Code     6  funder.o(i.__mathlib_flt_infnan2)
    __mathlib_flt_invalid                    0x0800949d   Thumb Code    10  funder.o(i.__mathlib_flt_invalid)
    __mathlib_flt_underflow                  0x080094ad   Thumb Code    10  funder.o(i.__mathlib_flt_underflow)
    arm_atan2_f32                            0x08009985   Thumb Code   524  fastmathfunctions.o(i.arm_atan2_f32)
    arm_cos_f32                              0x08009bad   Thumb Code   124  fastmathfunctions.o(i.arm_cos_f32)
    arm_sin_f32                              0x08009c35   Thumb Code   120  fastmathfunctions.o(i.arm_sin_f32)
    bmi088_accel_init                        0x08009cb9   Thumb Code   278  bmi088driver.o(i.bmi088_accel_init)
    bmi088_accel_self_test                   0x08009dd5   Thumb Code   684  bmi088driver.o(i.bmi088_accel_self_test)
    bmi088_gyro_init                         0x0800a085   Thumb Code   214  bmi088driver.o(i.bmi088_gyro_init)
    bmi088_gyro_self_test                    0x0800a161   Thumb Code   202  bmi088driver.o(i.bmi088_gyro_self_test)
    buzzer_off                               0x0800a22d   Thumb Code    10  bsp_buzzer.o(i.buzzer_off)
    buzzer_on                                0x0800a23d   Thumb Code    28  bsp_buzzer.o(i.buzzer_on)
    buzzer_play                              0x0800a261   Thumb Code    50  bsp_buzzer.o(i.buzzer_play)
    buzzer_play_eva                          0x0800a295   Thumb Code     6  bsp_buzzer.o(i.buzzer_play_eva)
    delay_init                               0x0800a431   Thumb Code    26  bsp_delay.o(i.delay_init)
    delay_us                                 0x0800a459   Thumb Code    50  bsp_delay.o(i.delay_us)
    detect_hook                              0x0800a491   Thumb Code    88  detect_task.o(i.detect_hook)
    detect_task                              0x0800a571   Thumb Code   256  detect_task.o(i.detect_task)
    get_angle                                0x0800a67d   Thumb Code   232  ahrs.o(i.get_angle)
    imu_pwm_set                              0x0800a949   Thumb Code     8  bsp_cboard_imu_pwm.o(i.imu_pwm_set)
    ist8310_GPIO_init                        0x0800a9d9   Thumb Code     2  ist8310driver_middleware.o(i.ist8310_GPIO_init)
    ist8310_IIC_read_single_reg              0x0800a9dd   Thumb Code    32  ist8310driver_middleware.o(i.ist8310_IIC_read_single_reg)
    ist8310_IIC_write_single_reg             0x0800aa01   Thumb Code    30  ist8310driver_middleware.o(i.ist8310_IIC_write_single_reg)
    ist8310_RST_H                            0x0800aa25   Thumb Code    10  ist8310driver_middleware.o(i.ist8310_RST_H)
    ist8310_RST_L                            0x0800aa35   Thumb Code    10  ist8310driver_middleware.o(i.ist8310_RST_L)
    ist8310_com_init                         0x0800aa45   Thumb Code     2  ist8310driver_middleware.o(i.ist8310_com_init)
    ist8310_delay_ms                         0x0800aa47   Thumb Code     4  ist8310driver_middleware.o(i.ist8310_delay_ms)
    ist8310_init                             0x0800aa4d   Thumb Code   120  ist8310driver.o(i.ist8310_init)
    limit                                    0x0800aac9   Thumb Code    32  user_common_lib.o(i.limit)
    main                                     0x0800aae9   Thumb Code   114  main.o(i.main)
    my_fabsf                                 0x0800ab71   Thumb Code    20  user_common_lib.o(i.my_fabsf)
    my_sign                                  0x0800ab85   Thumb Code    20  user_common_lib.o(i.my_sign)
    osDelay                                  0x0800ab99   Thumb Code    16  cmsis_os.o(i.osDelay)
    osKernelStart                            0x0800aba9   Thumb Code    10  cmsis_os.o(i.osKernelStart)
    osThreadCreate                           0x0800abb3   Thumb Code    88  cmsis_os.o(i.osThreadCreate)
    pcTaskGetName                            0x0800ac0d   Thumb Code    30  tasks.o(i.pcTaskGetName)
    pvPortMalloc                             0x0800b525   Thumb Code   214  heap_4.o(i.pvPortMalloc)
    pxPortInitialiseStack                    0x0800b601   Thumb Code    30  port.o(i.pxPortInitialiseStack)
    ramp_control                             0x0800b6a9   Thumb Code    40  user_common_lib.o(i.ramp_control)
    sqrtf                                    0x0800b6d5   Thumb Code    62  sqrtf.o(i.sqrtf)
    toe_is_error                             0x0800b715   Thumb Code    18  detect_task.o(i.toe_is_error)
    uint_to_float                            0x0800b72d   Thumb Code    40  user_common_lib.o(i.uint_to_float)
    ulTaskNotifyTake                         0x0800b755   Thumb Code    96  tasks.o(i.ulTaskNotifyTake)
    update_cap                               0x0800b7bd   Thumb Code    90  bsp_cap.o(i.update_cap)
    uxListRemove                             0x0800b8a3   Thumb Code    38  list.o(i.uxListRemove)
    uxTaskGetStackHighWaterMark              0x0800b8c9   Thumb Code    14  tasks.o(i.uxTaskGetStackHighWaterMark)
    vApplicationGetIdleTaskMemory            0x0800b8dd   Thumb Code    16  freertos.o(i.vApplicationGetIdleTaskMemory)
    vApplicationGetTimerTaskMemory           0x0800b8f1   Thumb Code    18  freertos.o(i.vApplicationGetTimerTaskMemory)
    vListInitialise                          0x0800b909   Thumb Code    22  list.o(i.vListInitialise)
    vListInitialiseItem                      0x0800b91f   Thumb Code     6  list.o(i.vListInitialiseItem)
    vListInsert                              0x0800b925   Thumb Code    48  list.o(i.vListInsert)
    vListInsertEnd                           0x0800b955   Thumb Code    24  list.o(i.vListInsertEnd)
    vPortEnterCritical                       0x0800b96d   Thumb Code    54  port.o(i.vPortEnterCritical)
    vPortExitCritical                        0x0800b9ad   Thumb Code    38  port.o(i.vPortExitCritical)
    vPortFree                                0x0800b9d9   Thumb Code    94  heap_4.o(i.vPortFree)
    vPortSetupTimerInterrupt                 0x0800ba3d   Thumb Code    32  port.o(i.vPortSetupTimerInterrupt)
    vPortValidateInterruptPriority           0x0800ba61   Thumb Code    74  port.o(i.vPortValidateInterruptPriority)
    vQueueAddToRegistry                      0x0800bab5   Thumb Code    32  queue.o(i.vQueueAddToRegistry)
    vQueueWaitForMessageRestricted           0x0800bad9   Thumb Code    70  queue.o(i.vQueueWaitForMessageRestricted)
    vTaskDelay                               0x0800bb21   Thumb Code    70  tasks.o(i.vTaskDelay)
    vTaskInternalSetTimeOutState             0x0800bb71   Thumb Code    12  tasks.o(i.vTaskInternalSetTimeOutState)
    vTaskMissedYield                         0x0800bb81   Thumb Code     8  tasks.o(i.vTaskMissedYield)
    vTaskNotifyGiveFromISR                   0x0800bb8d   Thumb Code   178  tasks.o(i.vTaskNotifyGiveFromISR)
    vTaskPlaceOnEventList                    0x0800bc49   Thumb Code    46  tasks.o(i.vTaskPlaceOnEventList)
    vTaskPlaceOnEventListRestricted          0x0800bc7d   Thumb Code    54  tasks.o(i.vTaskPlaceOnEventListRestricted)
    vTaskStartScheduler                      0x0800bcb9   Thumb Code   126  tasks.o(i.vTaskStartScheduler)
    vTaskSuspendAll                          0x0800bd49   Thumb Code    10  tasks.o(i.vTaskSuspendAll)
    vTaskSwitchContext                       0x0800bd59   Thumb Code    86  tasks.o(i.vTaskSwitchContext)
    xPortStartScheduler                      0x0800bdb9   Thumb Code   222  port.o(i.xPortStartScheduler)
    xQueueGenericCreate                      0x0800bead   Thumb Code    68  queue.o(i.xQueueGenericCreate)
    xQueueGenericCreateStatic                0x0800bef1   Thumb Code   108  queue.o(i.xQueueGenericCreateStatic)
    xQueueGenericReset                       0x0800bf5d   Thumb Code   134  queue.o(i.xQueueGenericReset)
    xQueueGenericSend                        0x0800bfe9   Thumb Code   352  queue.o(i.xQueueGenericSend)
    xQueueGenericSendFromISR                 0x0800c14d   Thumb Code   192  queue.o(i.xQueueGenericSendFromISR)
    xQueueReceive                            0x0800c20d   Thumb Code   310  queue.o(i.xQueueReceive)
    xTaskCheckForTimeOut                     0x0800c349   Thumb Code   140  tasks.o(i.xTaskCheckForTimeOut)
    xTaskCreate                              0x0800c3d9   Thumb Code   100  tasks.o(i.xTaskCreate)
    xTaskCreateStatic                        0x0800c43d   Thumb Code    92  tasks.o(i.xTaskCreateStatic)
    xTaskGetHandle                           0x0800c499   Thumb Code   128  tasks.o(i.xTaskGetHandle)
    xTaskGetSchedulerState                   0x0800c521   Thumb Code    24  tasks.o(i.xTaskGetSchedulerState)
    xTaskGetTickCount                        0x0800c53d   Thumb Code     6  tasks.o(i.xTaskGetTickCount)
    xTaskIncrementTick                       0x0800c549   Thumb Code   198  tasks.o(i.xTaskIncrementTick)
    xTaskPriorityDisinherit                  0x0800c619   Thumb Code   144  tasks.o(i.xTaskPriorityDisinherit)
    xTaskRemoveFromEventList                 0x0800c6b1   Thumb Code   114  tasks.o(i.xTaskRemoveFromEventList)
    xTaskResumeAll                           0x0800c72d   Thumb Code   192  tasks.o(i.xTaskResumeAll)
    xTimerCreate                             0x0800c7f9   Thumb Code    52  timers.o(i.xTimerCreate)
    xTimerCreateTimerTask                    0x0800c82d   Thumb Code    86  timers.o(i.xTimerCreateTimerTask)
    xTimerGenericCommand                     0x0800c895   Thumb Code   104  timers.o(i.xTimerGenericCommand)
    __aeabi_d2f                              0x0800c901   Thumb Code     0  d2f.o(x$fpl$d2f)
    _d2f                                     0x0800c901   Thumb Code    98  d2f.o(x$fpl$d2f)
    __aeabi_dadd                             0x0800c965   Thumb Code     0  daddsub_clz.o(x$fpl$dadd)
    _dadd                                    0x0800c965   Thumb Code   332  daddsub_clz.o(x$fpl$dadd)
    __fpl_dcmp_Inf                           0x0800cab5   Thumb Code    24  dcmpi.o(x$fpl$dcmpinf)
    __aeabi_ddiv                             0x0800cacd   Thumb Code     0  ddiv.o(x$fpl$ddiv)
    _ddiv                                    0x0800cacd   Thumb Code   552  ddiv.o(x$fpl$ddiv)
    __aeabi_ui2d                             0x0800cd7d   Thumb Code     0  dflt_clz.o(x$fpl$dfltu)
    _dfltu                                   0x0800cd7d   Thumb Code    38  dflt_clz.o(x$fpl$dfltu)
    __aeabi_cdcmple                          0x0800cda5   Thumb Code     0  dleqf.o(x$fpl$dleqf)
    _dcmple                                  0x0800cda5   Thumb Code   120  dleqf.o(x$fpl$dleqf)
    __fpl_dcmple_InfNaN                      0x0800ce07   Thumb Code     0  dleqf.o(x$fpl$dleqf)
    __aeabi_dmul                             0x0800ce1d   Thumb Code     0  dmul.o(x$fpl$dmul)
    _dmul                                    0x0800ce1d   Thumb Code   332  dmul.o(x$fpl$dmul)
    __fpl_dnaninf                            0x0800cf71   Thumb Code   156  dnaninf.o(x$fpl$dnaninf)
    __fpl_dretinf                            0x0800d00d   Thumb Code    12  dretinf.o(x$fpl$dretinf)
    __aeabi_cdrcmple                         0x0800d019   Thumb Code     0  drleqf.o(x$fpl$drleqf)
    _drcmple                                 0x0800d019   Thumb Code   108  drleqf.o(x$fpl$drleqf)
    __aeabi_dsub                             0x0800d085   Thumb Code     0  daddsub_clz.o(x$fpl$dsub)
    _dsub                                    0x0800d085   Thumb Code   464  daddsub_clz.o(x$fpl$dsub)
    __aeabi_f2d                              0x0800d259   Thumb Code     0  f2d.o(x$fpl$f2d)
    _f2d                                     0x0800d259   Thumb Code    86  f2d.o(x$fpl$f2d)
    __fpl_fnaninf                            0x0800d2af   Thumb Code   140  fnaninf.o(x$fpl$fnaninf)
    _fp_init                                 0x0800d33b   Thumb Code    10  fpinit.o(x$fpl$fpinit)
    __fplib_config_fpu_vfp                   0x0800d343   Thumb Code     0  fpinit.o(x$fpl$fpinit)
    __fplib_config_pureend_doubles           0x0800d343   Thumb Code     0  fpinit.o(x$fpl$fpinit)
    __fpl_fretinf                            0x0800d345   Thumb Code    10  fretinf.o(x$fpl$fretinf)
    __I$use$fp                               0x0800d34e   Number         0  usenofp.o(x$fpl$usenofp)
    AHBPrescTable                            0x0800d3c8   Data          16  system_stm32f4xx.o(.constdata)
    APBPrescTable                            0x0800d3d8   Data           8  system_stm32f4xx.o(.constdata)
    sinTable_f32                             0x0800d504   Data        2052  commontables.o(.constdata)
    Region$$Table$$Base                      0x0800ddb8   Number         0  anon$$obj.o(Region$$Table)
    Region$$Table$$Limit                     0x0800ddd8   Number         0  anon$$obj.o(Region$$Table)
    INS_TASKHandle                           0x20000000   Data           4  freertos.o(.data)
    LED_TASKHandle                           0x20000004   Data           4  freertos.o(.data)
    Chassis_TASKHandle                       0x20000008   Data           4  freertos.o(.data)
    Detect_TaskHandle                        0x2000000c   Data           4  freertos.o(.data)
    hcrc                                     0x20000014   Data           8  crc.o(.data)
    uwTickFreq                               0x2000001c   Data           1  stm32f4xx_hal.o(.data)
    uwTickPrio                               0x20000020   Data           4  stm32f4xx_hal.o(.data)
    uwTick                                   0x20000024   Data           4  stm32f4xx_hal.o(.data)
    SystemCoreClock                          0x20000028   Data           4  system_stm32f4xx.o(.data)
    pxCurrentTCB                             0x2000002c   Data           4  tasks.o(.data)
    cap_recieve_flag                         0x200000a8   Data           1  bsp_cap.o(.data)
    real_power                               0x200000b4   Data           4  bsp_can_chassis.o(.data)
    CAN1_send_queue                          0x200000b8   Data           4  bsp_can_chassis.o(.data)
    CAN2_send_queue                          0x200000bc   Data           4  bsp_can_chassis.o(.data)
    detect_task_stack                        0x200001e8   Data           4  detect_task.o(.data)
    gyro_update_flag                         0x200001ec   Data           1  ins_task.o(.data)
    accel_update_flag                        0x200001ed   Data           1  ins_task.o(.data)
    accel_temp_update_flag                   0x200001ee   Data           1  ins_task.o(.data)
    mag_update_flag                          0x200001ef   Data           1  ins_task.o(.data)
    imu_start_dma_flag                       0x200001f0   Data           1  ins_task.o(.data)
    imu_read_flag                            0x200001f1   Data           1  ins_task.o(.data)
    accel_temp_dma_tx_buf                    0x200001f4   Data           4  ins_task.o(.data)
    accel_temp_dma_rx_buf                    0x20000208   Data           4  ins_task.o(.data)
    gyro_dma_tx_buf                          0x2000020c   Data           8  ins_task.o(.data)
    gyro_dma_rx_buf                          0x20000214   Data           8  ins_task.o(.data)
    accel_dma_tx_buf                         0x2000021c   Data           9  ins_task.o(.data)
    gyro_scale_factor                        0x20000228   Data          36  ins_task.o(.data)
    accel_scale_factor                       0x2000024c   Data          36  ins_task.o(.data)
    mag_scale_factor                         0x20000270   Data          36  ins_task.o(.data)
    chassis_commands                         0x200002bc   Data          12  chassis_task.o(.data)
    chassis_control                          0x200002c8   Data         176  chassis_task.o(.data)
    power_limiter                            0x20000378   Data         212  chassis_task.o(.data)
    CAN1_Timer_Handle                        0x2000044c   Data           4  can_timer_task.o(.data)
    CAN2_Timer_Handle                        0x20000450   Data           4  can_timer_task.o(.data)
    BMI088_ACCEL_SEN                         0x20000454   Data           4  bmi088driver.o(.data)
    BMI088_GYRO_SEN                          0x20000458   Data           4  bmi088driver.o(.data)
    lambda                                   0x20000480   Data           4  chassis_power_limiter.o(.data)
    iter                                     0x20000484   Data           4  chassis_power_limiter.o(.data)
    power_iter                               0x20000488   Data           4  chassis_power_limiter.o(.data)
    hcan1                                    0x20000b44   Data          40  can.o(.bss)
    hcan2                                    0x20000b6c   Data          40  can.o(.bss)
    hi2c3                                    0x20000b94   Data          84  i2c.o(.bss)
    hspi1                                    0x20000be8   Data          88  spi.o(.bss)
    hdma_spi1_rx                             0x20000c40   Data          96  spi.o(.bss)
    hdma_spi1_tx                             0x20000ca0   Data          96  spi.o(.bss)
    htim4                                    0x20000d00   Data          72  tim.o(.bss)
    htim10                                   0x20000d48   Data          72  tim.o(.bss)
    huart1                                   0x20000d90   Data          72  usart.o(.bss)
    huart3                                   0x20000dd8   Data          72  usart.o(.bss)
    huart6                                   0x20000e20   Data          72  usart.o(.bss)
    hdma_usart1_tx                           0x20000e68   Data          96  usart.o(.bss)
    hdma_usart1_rx                           0x20000ec8   Data          96  usart.o(.bss)
    hdma_usart3_rx                           0x20000f28   Data          96  usart.o(.bss)
    hdma_usart6_rx                           0x20000f88   Data          96  usart.o(.bss)
    hdma_usart6_tx                           0x20000fe8   Data          96  usart.o(.bss)
    htim2                                    0x20001048   Data          72  stm32f4xx_hal_timebase_tim.o(.bss)
    xQueueRegistry                           0x20001090   Data          64  queue.o(.bss)
    cap_data                                 0x20009e54   Data          20  bsp_cap.o(.bss)
    chassis_rc_ctrl                          0x20009e68   Data          12  bsp_can_chassis.o(.bss)
    rx_header                                0x20009e74   Data          28  bsp_can_chassis.o(.bss)
    steer_send_msg                           0x20009e90   Data          32  bsp_can_chassis.o(.bss)
    wheel_send_msg                           0x20009eb0   Data          32  bsp_can_chassis.o(.bss)
    cap_send_msg                             0x20009ed0   Data          32  bsp_can_chassis.o(.bss)
    error_list                               0x20009ef0   Data         540  detect_task.o(.bss)
    INS_accel                                0x2000a13c   Data          12  ins_task.o(.bss)
    INS_mag                                  0x2000a148   Data          12  ins_task.o(.bss)
    INS_angle                                0x2000a164   Data          12  ins_task.o(.bss)
    INS_angle_deg                            0x2000a170   Data          12  ins_task.o(.bss)
    accel_dma_rx_buf                         0x2000a17c   Data           9  ins_task.o(.bss)
    bmi088_real_data                         0x2000a188   Data          36  ins_task.o(.bss)
    bmi088_offset_data                       0x2000a1ac   Data          36  ins_task.o(.bss)
    gyro_offset                              0x2000a1d0   Data          12  ins_task.o(.bss)
    gyro_cali_offset                         0x2000a1dc   Data          12  ins_task.o(.bss)
    accel_offset                             0x2000a1e8   Data          12  ins_task.o(.bss)
    ist8310_real_data                        0x2000a1f4   Data          16  ins_task.o(.bss)
    mag_offset                               0x2000a204   Data          12  ins_task.o(.bss)
    imu_temp_pid                             0x2000a210   Data          72  ins_task.o(.bss)
    chassis_target_speed                     0x2000a258   Data          12  chassis_task.o(.bss)
    nav_ctrl                                 0x2000a264   Data          20  chassis_task.o(.bss)
    temp_move_angle_set                      0x2000a278   Data          16  chassis_task.o(.bss)
    motor_measure_steer                      0x2000a298   Data          40  motor.o(.bss)
    motor_measure_wheel                      0x2000a2c0   Data          40  motor.o(.bss)
    chassis_steer_motor                      0x2000a2e8   Data         688  motor.o(.bss)
    chassis_wheel_motor                      0x2000a598   Data         352  motor.o(.bss)
    DM_big_yaw_motor                         0x2000a6f8   Data         460  motor.o(.bss)
    __libspace_start                         0x2000a8c4   Data          96  libspace.o(.bss)
    __temporary_stack_top$libspace           0x2000a924   Data           0  libspace.o(.bss)



==============================================================================

Memory Map of the image

  Image Entry point : 0x08000189

  Load Region LR_IROM1 (Base: 0x08000000, Size: 0x0000e274, Max: 0x00100000, ABSOLUTE, COMPRESSED[0x0000df38])

    Execution Region ER_IROM1 (Exec base: 0x08000000, Load base: 0x08000000, Size: 0x0000ddd8, Max: 0x00100000, ABSOLUTE)

    Exec Addr    Load Addr    Size         Type   Attr      Idx    E Section Name        Object

    0x08000000   0x08000000   0x00000188   Data   RO            3    RESET               startup_stm32f407xx.o
    0x08000188   0x08000188   0x00000008   Code   RO        14751  * !!!main             c_w.l(__main.o)
    0x08000190   0x08000190   0x00000034   Code   RO        15224    !!!scatter          c_w.l(__scatter.o)
    0x080001c4   0x080001c4   0x0000005a   Code   RO        15222    !!dczerorl2         c_w.l(__dczerorl2.o)
    0x0800021e   0x0800021e   0x00000002   PAD
    0x08000220   0x08000220   0x0000001c   Code   RO        15226    !!handler_zi        c_w.l(__scatter_zi.o)
    0x0800023c   0x0800023c   0x00000002   Code   RO        15093    .ARM.Collect$$libinit$$00000000  c_w.l(libinit.o)
    0x0800023e   0x0800023e   0x00000004   Code   RO        15102    .ARM.Collect$$libinit$$00000001  c_w.l(libinit2.o)
    0x08000242   0x08000242   0x00000000   Code   RO        15105    .ARM.Collect$$libinit$$00000004  c_w.l(libinit2.o)
    0x08000242   0x08000242   0x00000000   Code   RO        15108    .ARM.Collect$$libinit$$0000000A  c_w.l(libinit2.o)
    0x08000242   0x08000242   0x00000000   Code   RO        15110    .ARM.Collect$$libinit$$0000000C  c_w.l(libinit2.o)
    0x08000242   0x08000242   0x00000000   Code   RO        15112    .ARM.Collect$$libinit$$0000000E  c_w.l(libinit2.o)
    0x08000242   0x08000242   0x00000000   Code   RO        15115    .ARM.Collect$$libinit$$00000011  c_w.l(libinit2.o)
    0x08000242   0x08000242   0x00000000   Code   RO        15117    .ARM.Collect$$libinit$$00000013  c_w.l(libinit2.o)
    0x08000242   0x08000242   0x00000000   Code   RO        15119    .ARM.Collect$$libinit$$00000015  c_w.l(libinit2.o)
    0x08000242   0x08000242   0x00000000   Code   RO        15121    .ARM.Collect$$libinit$$00000017  c_w.l(libinit2.o)
    0x08000242   0x08000242   0x00000000   Code   RO        15123    .ARM.Collect$$libinit$$00000019  c_w.l(libinit2.o)
    0x08000242   0x08000242   0x00000000   Code   RO        15125    .ARM.Collect$$libinit$$0000001B  c_w.l(libinit2.o)
    0x08000242   0x08000242   0x00000000   Code   RO        15127    .ARM.Collect$$libinit$$0000001D  c_w.l(libinit2.o)
    0x08000242   0x08000242   0x00000000   Code   RO        15129    .ARM.Collect$$libinit$$0000001F  c_w.l(libinit2.o)
    0x08000242   0x08000242   0x00000000   Code   RO        15131    .ARM.Collect$$libinit$$00000021  c_w.l(libinit2.o)
    0x08000242   0x08000242   0x00000000   Code   RO        15133    .ARM.Collect$$libinit$$00000023  c_w.l(libinit2.o)
    0x08000242   0x08000242   0x00000000   Code   RO        15135    .ARM.Collect$$libinit$$00000025  c_w.l(libinit2.o)
    0x08000242   0x08000242   0x00000000   Code   RO        15139    .ARM.Collect$$libinit$$0000002C  c_w.l(libinit2.o)
    0x08000242   0x08000242   0x00000000   Code   RO        15141    .ARM.Collect$$libinit$$0000002E  c_w.l(libinit2.o)
    0x08000242   0x08000242   0x00000000   Code   RO        15143    .ARM.Collect$$libinit$$00000030  c_w.l(libinit2.o)
    0x08000242   0x08000242   0x00000000   Code   RO        15145    .ARM.Collect$$libinit$$00000032  c_w.l(libinit2.o)
    0x08000242   0x08000242   0x00000002   Code   RO        15146    .ARM.Collect$$libinit$$00000033  c_w.l(libinit2.o)
    0x08000244   0x08000244   0x00000002   Code   RO        15177    .ARM.Collect$$libshutdown$$00000000  c_w.l(libshutdown.o)
    0x08000246   0x08000246   0x00000000   Code   RO        15203    .ARM.Collect$$libshutdown$$00000002  c_w.l(libshutdown2.o)
    0x08000246   0x08000246   0x00000000   Code   RO        15205    .ARM.Collect$$libshutdown$$00000004  c_w.l(libshutdown2.o)
    0x08000246   0x08000246   0x00000000   Code   RO        15207    .ARM.Collect$$libshutdown$$00000006  c_w.l(libshutdown2.o)
    0x08000246   0x08000246   0x00000000   Code   RO        15210    .ARM.Collect$$libshutdown$$00000009  c_w.l(libshutdown2.o)
    0x08000246   0x08000246   0x00000000   Code   RO        15213    .ARM.Collect$$libshutdown$$0000000C  c_w.l(libshutdown2.o)
    0x08000246   0x08000246   0x00000000   Code   RO        15215    .ARM.Collect$$libshutdown$$0000000E  c_w.l(libshutdown2.o)
    0x08000246   0x08000246   0x00000000   Code   RO        15218    .ARM.Collect$$libshutdown$$00000011  c_w.l(libshutdown2.o)
    0x08000246   0x08000246   0x00000002   Code   RO        15219    .ARM.Collect$$libshutdown$$00000012  c_w.l(libshutdown2.o)
    0x08000248   0x08000248   0x00000000   Code   RO        14981    .ARM.Collect$$rtentry$$00000000  c_w.l(__rtentry.o)
    0x08000248   0x08000248   0x00000000   Code   RO        15056    .ARM.Collect$$rtentry$$00000002  c_w.l(__rtentry2.o)
    0x08000248   0x08000248   0x00000006   Code   RO        15068    .ARM.Collect$$rtentry$$00000004  c_w.l(__rtentry4.o)
    0x0800024e   0x0800024e   0x00000000   Code   RO        15058    .ARM.Collect$$rtentry$$00000009  c_w.l(__rtentry2.o)
    0x0800024e   0x0800024e   0x00000004   Code   RO        15059    .ARM.Collect$$rtentry$$0000000A  c_w.l(__rtentry2.o)
    0x08000252   0x08000252   0x00000000   Code   RO        15061    .ARM.Collect$$rtentry$$0000000C  c_w.l(__rtentry2.o)
    0x08000252   0x08000252   0x00000008   Code   RO        15062    .ARM.Collect$$rtentry$$0000000D  c_w.l(__rtentry2.o)
    0x0800025a   0x0800025a   0x00000002   Code   RO        15094    .ARM.Collect$$rtexit$$00000000  c_w.l(rtexit.o)
    0x0800025c   0x0800025c   0x00000000   Code   RO        15150    .ARM.Collect$$rtexit$$00000002  c_w.l(rtexit2.o)
    0x0800025c   0x0800025c   0x00000004   Code   RO        15151    .ARM.Collect$$rtexit$$00000003  c_w.l(rtexit2.o)
    0x08000260   0x08000260   0x00000006   Code   RO        15152    .ARM.Collect$$rtexit$$00000004  c_w.l(rtexit2.o)
    0x08000266   0x08000266   0x00000002   PAD
    0x08000268   0x08000268   0x000000be   Code   RO         6064    .emb_text           port.o
    0x08000326   0x08000326   0x00000002   PAD
    0x08000328   0x08000328   0x00000040   Code   RO            4    .text               startup_stm32f407xx.o
    0x08000368   0x08000368   0x000000ee   Code   RO        14727    .text               c_w.l(lludivv7m.o)
    0x08000456   0x08000456   0x0000003e   Code   RO        14735    .text               c_w.l(strlen.o)
    0x08000494   0x08000494   0x0000008a   Code   RO        14737    .text               c_w.l(rt_memcpy_v6.o)
    0x0800051e   0x0800051e   0x00000064   Code   RO        14739    .text               c_w.l(rt_memcpy_w.o)
    0x08000582   0x08000582   0x00000010   Code   RO        14743    .text               c_w.l(aeabi_memset.o)
    0x08000592   0x08000592   0x00000044   Code   RO        14745    .text               c_w.l(rt_memclr.o)
    0x080005d6   0x080005d6   0x0000004e   Code   RO        14747    .text               c_w.l(rt_memclr_w.o)
    0x08000624   0x08000624   0x00000006   Code   RO        14749    .text               c_w.l(heapauxi.o)
    0x0800062a   0x0800062a   0x00000016   Code   RO        14986    .text               c_w.l(_rserrno.o)
    0x08000640   0x08000640   0x00000008   Code   RO        15075    .text               c_w.l(rt_errno_addr_intlibspace.o)
    0x08000648   0x08000648   0x00000008   Code   RO        15077    .text               c_w.l(libspace.o)
    0x08000650   0x08000650   0x0000004a   Code   RO        15080    .text               c_w.l(sys_stackheap_outer.o)
    0x0800069a   0x0800069a   0x00000012   Code   RO        15082    .text               c_w.l(exit.o)
    0x080006ac   0x080006ac   0x0000000c   Code   RO        15147    .text               c_w.l(sys_exit.o)
    0x080006b8   0x080006b8   0x00000002   Code   RO        15166    .text               c_w.l(use_no_semi.o)
    0x080006ba   0x080006ba   0x00000000   Code   RO        15168    .text               c_w.l(indicate_semi.o)
    0x080006ba   0x080006ba   0x00000004   Code   RO         7761    i.AHRS_asinf        ahrs_middleware.o
    0x080006be   0x080006be   0x00000004   Code   RO         7762    i.AHRS_atan2f       ahrs_middleware.o
    0x080006c2   0x080006c2   0x00000004   Code   RO         7763    i.AHRS_cosf         ahrs_middleware.o
    0x080006c6   0x080006c6   0x0000001a   Code   RO        14638    i.AHRS_fabs         AHRS.lib(ahrs.o)
    0x080006e0   0x080006e0   0x00000014   Code   RO         7764    i.AHRS_get_height   ahrs_middleware.o
    0x080006f4   0x080006f4   0x0000000e   Code   RO         7765    i.AHRS_get_latitude  ahrs_middleware.o
    0x08000702   0x08000702   0x00000002   PAD
    0x08000704   0x08000704   0x0000029c   Code   RO        14639    i.AHRS_init         AHRS.lib(ahrs.o)
    0x080009a0   0x080009a0   0x00000014   Code   RO         7766    i.AHRS_invSqrt      ahrs_middleware.o
    0x080009b4   0x080009b4   0x00000004   Code   RO         7767    i.AHRS_sinf         ahrs_middleware.o
    0x080009b8   0x080009b8   0x0000013a   Code   RO        14640    i.AHRS_update       AHRS.lib(ahrs.o)
    0x08000af2   0x08000af2   0x00000002   PAD
    0x08000af4   0x08000af4   0x000000bc   Code   RO         6456    i.Allocate_Can_Msg  bsp_can_chassis.o
    0x08000bb0   0x08000bb0   0x000000dc   Code   RO         7692    i.Allocate_Motor_Weight  chassis_power_limiter.o
    0x08000c8c   0x08000c8c   0x00000010   Code   RO         7265    i.BMI088_ACCEL_NS_H  bmi088middleware.o
    0x08000c9c   0x08000c9c   0x00000010   Code   RO         7266    i.BMI088_ACCEL_NS_L  bmi088middleware.o
    0x08000cac   0x08000cac   0x00000002   Code   RO         7267    i.BMI088_GPIO_init  bmi088middleware.o
    0x08000cae   0x08000cae   0x00000002   PAD
    0x08000cb0   0x08000cb0   0x00000010   Code   RO         7268    i.BMI088_GYRO_NS_H  bmi088middleware.o
    0x08000cc0   0x08000cc0   0x00000010   Code   RO         7269    i.BMI088_GYRO_NS_L  bmi088middleware.o
    0x08000cd0   0x08000cd0   0x00000088   Code   RO         7129    i.BMI088_accel_read_over  bmi088driver.o
    0x08000d58   0x08000d58   0x00000002   Code   RO         7270    i.BMI088_com_init   bmi088middleware.o
    0x08000d5a   0x08000d5a   0x00000004   Code   RO         7271    i.BMI088_delay_ms   bmi088middleware.o
    0x08000d5e   0x08000d5e   0x00000004   Code   RO         7272    i.BMI088_delay_us   bmi088middleware.o
    0x08000d62   0x08000d62   0x00000002   PAD
    0x08000d64   0x08000d64   0x00000060   Code   RO         7130    i.BMI088_gyro_read_over  bmi088driver.o
    0x08000dc4   0x08000dc4   0x0000002e   Code   RO         7131    i.BMI088_init       bmi088driver.o
    0x08000df2   0x08000df2   0x00000002   PAD
    0x08000df4   0x08000df4   0x0000015c   Code   RO         7132    i.BMI088_read       bmi088driver.o
    0x08000f50   0x08000f50   0x00000024   Code   RO         7135    i.BMI088_read_muli_reg  bmi088driver.o
    0x08000f74   0x08000f74   0x00000016   Code   RO         7136    i.BMI088_read_single_reg  bmi088driver.o
    0x08000f8a   0x08000f8a   0x00000002   PAD
    0x08000f8c   0x08000f8c   0x00000020   Code   RO         7273    i.BMI088_read_write_byte  bmi088middleware.o
    0x08000fac   0x08000fac   0x00000030   Code   RO         7137    i.BMI088_temperature_read_over  bmi088driver.o
    0x08000fdc   0x08000fdc   0x00000012   Code   RO         7138    i.BMI088_write_single_reg  bmi088driver.o
    0x08000fee   0x08000fee   0x00000002   Code   RO          673    i.BusFault_Handler  stm32f4xx_it.o
    0x08000ff0   0x08000ff0   0x0000000c   Code   RO          674    i.CAN1_RX0_IRQHandler  stm32f4xx_it.o
    0x08000ffc   0x08000ffc   0x00000050   Code   RO         7090    i.CAN1_Timer_Callback  can_timer_task.o
    0x0800104c   0x0800104c   0x0000000c   Code   RO          675    i.CAN2_RX0_IRQHandler  stm32f4xx_it.o
    0x08001058   0x08001058   0x00000050   Code   RO         7091    i.CAN2_Timer_Callback  can_timer_task.o
    0x080010a8   0x080010a8   0x0000010e   Code   RO         7693    i.Calculate_All_Alpha_Coefficients  chassis_power_limiter.o
    0x080011b6   0x080011b6   0x00000002   PAD
    0x080011b8   0x080011b8   0x00000108   Code   RO         7694    i.Calculate_Alpha   chassis_power_limiter.o
    0x080012c0   0x080012c0   0x00000148   Code   RO         7695    i.Calculate_Initial_Power  chassis_power_limiter.o
    0x08001408   0x08001408   0x000000a0   Code   RO         7696    i.Calculate_Power_With_Alpha  chassis_power_limiter.o
    0x080014a8   0x080014a8   0x0000000c   Code   RO         6874    i.Call_Chassis_Mode_Handler  chassis_task.o
    0x080014b4   0x080014b4   0x00000074   Code   RO         6458    i.Can_Filter_Init   bsp_can_chassis.o
    0x08001528   0x08001528   0x0000004c   Code   RO         6459    i.Can_Msg_Init      bsp_can_chassis.o
    0x08001574   0x08001574   0x0000012c   Code   RO         6875    i.Chassis_Data_Update  chassis_task.o
    0x080016a0   0x080016a0   0x00000300   Code   RO         6876    i.Chassis_Max_Power_Update  chassis_task.o
    0x080019a0   0x080019a0   0x00000134   Code   RO         6877    i.Chassis_Mode_Update  chassis_task.o
    0x08001ad4   0x08001ad4   0x00000214   Code   RO         6878    i.Chassis_Motor_Control_Current_Set  chassis_task.o
    0x08001ce8   0x08001ce8   0x000000d4   Code   RO         6879    i.Chassis_Motor_Pid_Init  chassis_task.o
    0x08001dbc   0x08001dbc   0x00000116   Code   RO         7697    i.Chassis_Power_Control  chassis_power_limiter.o
    0x08001ed2   0x08001ed2   0x00000002   PAD
    0x08001ed4   0x08001ed4   0x00000148   Code   RO         6880    i.Chassis_Task      chassis_task.o
    0x0800201c   0x0800201c   0x000002a0   Code   RO         6881    i.Chassis_Vector_To_Steer_Angle  chassis_task.o
    0x080022bc   0x080022bc   0x000000f4   Code   RO         6882    i.Chassis_Vector_To_Wheel_Speed  chassis_task.o
    0x080023b0   0x080023b0   0x000000f0   Code   RO         6883    i.Check_Bumpy_Steer_Stuck  chassis_task.o
    0x080024a0   0x080024a0   0x0000003c   Code   RO         6460    i.Create_Can_Send_Queues  bsp_can_chassis.o
    0x080024dc   0x080024dc   0x00000084   Code   RO         7092    i.Create_Can_Send_Timers  can_timer_task.o
    0x08002560   0x08002560   0x0000000c   Code   RO          676    i.DMA1_Stream1_IRQHandler  stm32f4xx_it.o
    0x0800256c   0x0800256c   0x0000000c   Code   RO          677    i.DMA2_Stream1_IRQHandler  stm32f4xx_it.o
    0x08002578   0x08002578   0x00000004   Code   RO          678    i.DMA2_Stream2_IRQHandler  stm32f4xx_it.o
    0x0800257c   0x0800257c   0x000004bc   Code   RO         6708    i.DMA2_Stream2_IRQHandler_1  ins_task.o
    0x08002a38   0x08002a38   0x0000000c   Code   RO          679    i.DMA2_Stream3_IRQHandler  stm32f4xx_it.o
    0x08002a44   0x08002a44   0x0000000c   Code   RO          680    i.DMA2_Stream5_IRQHandler  stm32f4xx_it.o
    0x08002a50   0x08002a50   0x0000000c   Code   RO          681    i.DMA2_Stream6_IRQHandler  stm32f4xx_it.o
    0x08002a5c   0x08002a5c   0x0000000c   Code   RO          682    i.DMA2_Stream7_IRQHandler  stm32f4xx_it.o
    0x08002a68   0x08002a68   0x0000002c   Code   RO         2625    i.DMA_CalcBaseAndBitshift  stm32f4xx_hal_dma.o
    0x08002a94   0x08002a94   0x00000078   Code   RO         2626    i.DMA_CheckFifoParam  stm32f4xx_hal_dma.o
    0x08002b0c   0x08002b0c   0x00000002   Code   RO          683    i.DebugMon_Handler  stm32f4xx_it.o
    0x08002b0e   0x08002b0e   0x00000006   Code   RO          684    i.EXTI0_IRQHandler  stm32f4xx_it.o
    0x08002b14   0x08002b14   0x00000006   Code   RO          685    i.EXTI3_IRQHandler  stm32f4xx_it.o
    0x08002b1a   0x08002b1a   0x00000006   Code   RO          686    i.EXTI4_IRQHandler  stm32f4xx_it.o
    0x08002b20   0x08002b20   0x00000006   Code   RO          687    i.EXTI9_5_IRQHandler  stm32f4xx_it.o
    0x08002b26   0x08002b26   0x0000001e   Code   RO         6461    i.EnergyDataToFloat  bsp_can_chassis.o
    0x08002b44   0x08002b44   0x00000004   Code   RO           13    i.Error_Handler     main.o
    0x08002b48   0x08002b48   0x00000070   Code   RO         6884    i.Find_Chassis_Follow_Gimbal_ZERO  chassis_task.o
    0x08002bb8   0x08002bb8   0x0000005c   Code   RO         6885    i.Find_Steer_Min_Angle  chassis_task.o
    0x08002c14   0x08002c14   0x00000024   Code   RO         1888    i.HAL_CAN_ActivateNotification  stm32f4xx_hal_can.o
    0x08002c38   0x08002c38   0x000000e2   Code   RO         1889    i.HAL_CAN_AddTxMessage  stm32f4xx_hal_can.o
    0x08002d1a   0x08002d1a   0x00000002   PAD
    0x08002d1c   0x08002d1c   0x00000110   Code   RO         1890    i.HAL_CAN_ConfigFilter  stm32f4xx_hal_can.o
    0x08002e2c   0x08002e2c   0x00000002   Code   RO         1893    i.HAL_CAN_ErrorCallback  stm32f4xx_hal_can.o
    0x08002e2e   0x08002e2e   0x00000112   Code   RO         1896    i.HAL_CAN_GetRxMessage  stm32f4xx_hal_can.o
    0x08002f40   0x08002f40   0x000001fc   Code   RO         1900    i.HAL_CAN_IRQHandler  stm32f4xx_hal_can.o
    0x0800313c   0x0800313c   0x00000152   Code   RO         1901    i.HAL_CAN_Init      stm32f4xx_hal_can.o
    0x0800328e   0x0800328e   0x00000002   PAD
    0x08003290   0x08003290   0x00000100   Code   RO          367    i.HAL_CAN_MspInit   can.o
    0x08003390   0x08003390   0x00000002   Code   RO         1908    i.HAL_CAN_RxFifo0FullCallback  stm32f4xx_hal_can.o
    0x08003392   0x08003392   0x00000002   PAD
    0x08003394   0x08003394   0x0000025c   Code   RO         6462    i.HAL_CAN_RxFifo0MsgPendingCallback  bsp_can_chassis.o
    0x080035f0   0x080035f0   0x00000002   Code   RO         1910    i.HAL_CAN_RxFifo1FullCallback  stm32f4xx_hal_can.o
    0x080035f2   0x080035f2   0x00000002   Code   RO         1911    i.HAL_CAN_RxFifo1MsgPendingCallback  stm32f4xx_hal_can.o
    0x080035f4   0x080035f4   0x00000002   Code   RO         1912    i.HAL_CAN_SleepCallback  stm32f4xx_hal_can.o
    0x080035f6   0x080035f6   0x00000058   Code   RO         1913    i.HAL_CAN_Start     stm32f4xx_hal_can.o
    0x0800364e   0x0800364e   0x00000002   Code   RO         1915    i.HAL_CAN_TxMailbox0AbortCallback  stm32f4xx_hal_can.o
    0x08003650   0x08003650   0x00000002   Code   RO         1916    i.HAL_CAN_TxMailbox0CompleteCallback  stm32f4xx_hal_can.o
    0x08003652   0x08003652   0x00000002   Code   RO         1917    i.HAL_CAN_TxMailbox1AbortCallback  stm32f4xx_hal_can.o
    0x08003654   0x08003654   0x00000002   Code   RO         1918    i.HAL_CAN_TxMailbox1CompleteCallback  stm32f4xx_hal_can.o
    0x08003656   0x08003656   0x00000002   Code   RO         1919    i.HAL_CAN_TxMailbox2AbortCallback  stm32f4xx_hal_can.o
    0x08003658   0x08003658   0x00000002   Code   RO         1920    i.HAL_CAN_TxMailbox2CompleteCallback  stm32f4xx_hal_can.o
    0x0800365a   0x0800365a   0x00000002   Code   RO         1922    i.HAL_CAN_WakeUpFromRxMsgCallback  stm32f4xx_hal_can.o
    0x0800365c   0x0800365c   0x00000024   Code   RO         3320    i.HAL_CRC_Init      stm32f4xx_hal_crc.o
    0x08003680   0x08003680   0x00000028   Code   RO          416    i.HAL_CRC_MspInit   crc.o
    0x080036a8   0x080036a8   0x0000008e   Code   RO         2628    i.HAL_DMA_Abort     stm32f4xx_hal_dma.o
    0x08003736   0x08003736   0x00000024   Code   RO         2629    i.HAL_DMA_Abort_IT  stm32f4xx_hal_dma.o
    0x0800375a   0x0800375a   0x00000002   PAD
    0x0800375c   0x0800375c   0x000001d0   Code   RO         2633    i.HAL_DMA_IRQHandler  stm32f4xx_hal_dma.o
    0x0800392c   0x0800392c   0x000000d4   Code   RO         2634    i.HAL_DMA_Init      stm32f4xx_hal_dma.o
    0x08003a00   0x08003a00   0x00000024   Code   RO         3065    i.HAL_Delay         stm32f4xx_hal.o
    0x08003a24   0x08003a24   0x00000098   Code   RO         6709    i.HAL_GPIO_EXTI_Callback  ins_task.o
    0x08003abc   0x08003abc   0x00000018   Code   RO         2520    i.HAL_GPIO_EXTI_IRQHandler  stm32f4xx_hal_gpio.o
    0x08003ad4   0x08003ad4   0x000001d0   Code   RO         2521    i.HAL_GPIO_Init     stm32f4xx_hal_gpio.o
    0x08003ca4   0x08003ca4   0x00000010   Code   RO         2524    i.HAL_GPIO_TogglePin  stm32f4xx_hal_gpio.o
    0x08003cb4   0x08003cb4   0x0000000e   Code   RO         2525    i.HAL_GPIO_WritePin  stm32f4xx_hal_gpio.o
    0x08003cc2   0x08003cc2   0x00000002   PAD
    0x08003cc4   0x08003cc4   0x0000000c   Code   RO         3071    i.HAL_GetTick       stm32f4xx_hal.o
    0x08003cd0   0x08003cd0   0x00000198   Code   RO         3387    i.HAL_I2C_Init      stm32f4xx_hal_i2c.o
    0x08003e68   0x08003e68   0x0000029c   Code   RO         3405    i.HAL_I2C_Mem_Read  stm32f4xx_hal_i2c.o
    0x08004104   0x08004104   0x00000144   Code   RO         3408    i.HAL_I2C_Mem_Write  stm32f4xx_hal_i2c.o
    0x08004248   0x08004248   0x00000094   Code   RO          482    i.HAL_I2C_MspInit   i2c.o
    0x080042dc   0x080042dc   0x00000010   Code   RO         3077    i.HAL_IncTick       stm32f4xx_hal.o
    0x080042ec   0x080042ec   0x00000034   Code   RO         3078    i.HAL_Init          stm32f4xx_hal.o
    0x08004320   0x08004320   0x00000098   Code   RO          864    i.HAL_InitTick      stm32f4xx_hal_timebase_tim.o
    0x080043b8   0x080043b8   0x00000038   Code   RO          840    i.HAL_MspInit       stm32f4xx_hal_msp.o
    0x080043f0   0x080043f0   0x0000001a   Code   RO         2913    i.HAL_NVIC_EnableIRQ  stm32f4xx_hal_cortex.o
    0x0800440a   0x0800440a   0x00000002   PAD
    0x0800440c   0x0800440c   0x00000040   Code   RO         2919    i.HAL_NVIC_SetPriority  stm32f4xx_hal_cortex.o
    0x0800444c   0x0800444c   0x00000024   Code   RO         2920    i.HAL_NVIC_SetPriorityGrouping  stm32f4xx_hal_cortex.o
    0x08004470   0x08004470   0x0000014c   Code   RO         2122    i.HAL_RCC_ClockConfig  stm32f4xx_hal_rcc.o
    0x080045bc   0x080045bc   0x0000003c   Code   RO         2126    i.HAL_RCC_GetClockConfig  stm32f4xx_hal_rcc.o
    0x080045f8   0x080045f8   0x0000000c   Code   RO         2127    i.HAL_RCC_GetHCLKFreq  stm32f4xx_hal_rcc.o
    0x08004604   0x08004604   0x00000020   Code   RO         2129    i.HAL_RCC_GetPCLK1Freq  stm32f4xx_hal_rcc.o
    0x08004624   0x08004624   0x00000020   Code   RO         2130    i.HAL_RCC_GetPCLK2Freq  stm32f4xx_hal_rcc.o
    0x08004644   0x08004644   0x0000006c   Code   RO         2131    i.HAL_RCC_GetSysClockFreq  stm32f4xx_hal_rcc.o
    0x080046b0   0x080046b0   0x000003c0   Code   RO         2134    i.HAL_RCC_OscConfig  stm32f4xx_hal_rcc.o
    0x08004a70   0x08004a70   0x000000be   Code   RO         3882    i.HAL_SPI_Init      stm32f4xx_hal_spi.o
    0x08004b2e   0x08004b2e   0x00000002   PAD
    0x08004b30   0x08004b30   0x00000110   Code   RO          524    i.HAL_SPI_MspInit   spi.o
    0x08004c40   0x08004c40   0x000001fa   Code   RO         3891    i.HAL_SPI_TransmitReceive  stm32f4xx_hal_spi.o
    0x08004e3a   0x08004e3a   0x00000002   Code   RO         1620    i.HAL_TIMEx_BreakCallback  stm32f4xx_hal_tim_ex.o
    0x08004e3c   0x08004e3c   0x00000002   Code   RO         1621    i.HAL_TIMEx_CommutCallback  stm32f4xx_hal_tim_ex.o
    0x08004e3e   0x08004e3e   0x00000002   PAD
    0x08004e40   0x08004e40   0x00000090   Code   RO         1639    i.HAL_TIMEx_MasterConfigSynchronization  stm32f4xx_hal_tim_ex.o
    0x08004ed0   0x08004ed0   0x0000004a   Code   RO          905    i.HAL_TIM_Base_Init  stm32f4xx_hal_tim.o
    0x08004f1a   0x08004f1a   0x00000002   PAD
    0x08004f1c   0x08004f1c   0x00000048   Code   RO          566    i.HAL_TIM_Base_MspInit  tim.o
    0x08004f64   0x08004f64   0x0000008c   Code   RO          910    i.HAL_TIM_Base_Start_IT  stm32f4xx_hal_tim.o
    0x08004ff0   0x08004ff0   0x000000e8   Code   RO          914    i.HAL_TIM_ConfigClockSource  stm32f4xx_hal_tim.o
    0x080050d8   0x080050d8   0x00000002   Code   RO          939    i.HAL_TIM_IC_CaptureCallback  stm32f4xx_hal_tim.o
    0x080050da   0x080050da   0x00000138   Code   RO          953    i.HAL_TIM_IRQHandler  stm32f4xx_hal_tim.o
    0x08005212   0x08005212   0x00000002   PAD
    0x08005214   0x08005214   0x00000088   Code   RO          567    i.HAL_TIM_MspPostInit  tim.o
    0x0800529c   0x0800529c   0x00000002   Code   RO          956    i.HAL_TIM_OC_DelayElapsedCallback  stm32f4xx_hal_tim.o
    0x0800529e   0x0800529e   0x000000d8   Code   RO          977    i.HAL_TIM_PWM_ConfigChannel  stm32f4xx_hal_tim.o
    0x08005376   0x08005376   0x0000004a   Code   RO          980    i.HAL_TIM_PWM_Init  stm32f4xx_hal_tim.o
    0x080053c0   0x080053c0   0x00000002   Code   RO          982    i.HAL_TIM_PWM_MspInit  stm32f4xx_hal_tim.o
    0x080053c2   0x080053c2   0x00000002   Code   RO          983    i.HAL_TIM_PWM_PulseFinishedCallback  stm32f4xx_hal_tim.o
    0x080053c4   0x080053c4   0x000000dc   Code   RO          985    i.HAL_TIM_PWM_Start  stm32f4xx_hal_tim.o
    0x080054a0   0x080054a0   0x0000007c   Code   RO          988    i.HAL_TIM_PWM_Stop  stm32f4xx_hal_tim.o
    0x0800551c   0x0800551c   0x0000000e   Code   RO           14    i.HAL_TIM_PeriodElapsedCallback  main.o
    0x0800552a   0x0800552a   0x00000002   Code   RO          996    i.HAL_TIM_TriggerCallback  stm32f4xx_hal_tim.o
    0x0800552c   0x0800552c   0x00000002   Code   RO         4205    i.HAL_UARTEx_RxEventCallback  stm32f4xx_hal_uart.o
    0x0800552e   0x0800552e   0x00000002   Code   RO         4219    i.HAL_UART_ErrorCallback  stm32f4xx_hal_uart.o
    0x08005530   0x08005530   0x00000230   Code   RO         4222    i.HAL_UART_IRQHandler  stm32f4xx_hal_uart.o
    0x08005760   0x08005760   0x00000066   Code   RO         4223    i.HAL_UART_Init     stm32f4xx_hal_uart.o
    0x080057c6   0x080057c6   0x00000002   PAD
    0x080057c8   0x080057c8   0x00000280   Code   RO          620    i.HAL_UART_MspInit  usart.o
    0x08005a48   0x08005a48   0x00000002   Code   RO         4229    i.HAL_UART_RxCpltCallback  stm32f4xx_hal_uart.o
    0x08005a4a   0x08005a4a   0x00000002   Code   RO         4234    i.HAL_UART_TxCpltCallback  stm32f4xx_hal_uart.o
    0x08005a4c   0x08005a4c   0x00000002   Code   RO          688    i.HardFault_Handler  stm32f4xx_it.o
    0x08005a4e   0x08005a4e   0x0000002e   Code   RO         3431    i.I2C_IsAcknowledgeFailed  stm32f4xx_hal_i2c.o
    0x08005a7c   0x08005a7c   0x00000140   Code   RO         3442    i.I2C_RequestMemoryRead  stm32f4xx_hal_i2c.o
    0x08005bbc   0x08005bbc   0x000000c4   Code   RO         3443    i.I2C_RequestMemoryWrite  stm32f4xx_hal_i2c.o
    0x08005c80   0x08005c80   0x00000058   Code   RO         3451    i.I2C_WaitOnBTFFlagUntilTimeout  stm32f4xx_hal_i2c.o
    0x08005cd8   0x08005cd8   0x000000ac   Code   RO         3452    i.I2C_WaitOnFlagUntilTimeout  stm32f4xx_hal_i2c.o
    0x08005d84   0x08005d84   0x000000c8   Code   RO         3453    i.I2C_WaitOnMasterAddressFlagUntilTimeout  stm32f4xx_hal_i2c.o
    0x08005e4c   0x08005e4c   0x00000076   Code   RO         3454    i.I2C_WaitOnRXNEFlagUntilTimeout  stm32f4xx_hal_i2c.o
    0x08005ec2   0x08005ec2   0x00000058   Code   RO         3457    i.I2C_WaitOnTXEFlagUntilTimeout  stm32f4xx_hal_i2c.o
    0x08005f1a   0x08005f1a   0x00000002   PAD
    0x08005f1c   0x08005f1c   0x00000298   Code   RO         6710    i.INS_Task          ins_task.o
    0x080061b4   0x080061b4   0x00000024   Code   RO         6847    i.LED_Task          led_task.o
    0x080061d8   0x080061d8   0x00000110   Code   RO         7698    i.Lagrange_Solve_Power_Control  chassis_power_limiter.o
    0x080062e8   0x080062e8   0x00000044   Code   RO         7446    i.Limit_To_180      user_common_lib.o
    0x0800632c   0x0800632c   0x00000044   Code   RO          368    i.MX_CAN1_Init      can.o
    0x08006370   0x08006370   0x00000044   Code   RO          369    i.MX_CAN2_Init      can.o
    0x080063b4   0x080063b4   0x00000024   Code   RO          417    i.MX_CRC_Init       crc.o
    0x080063d8   0x080063d8   0x0000009c   Code   RO          457    i.MX_DMA_Init       dma.o
    0x08006474   0x08006474   0x00000068   Code   RO          295    i.MX_FREERTOS_Init  freertos.o
    0x080064dc   0x080064dc   0x0000022c   Code   RO          268    i.MX_GPIO_Init      gpio.o
    0x08006708   0x08006708   0x00000040   Code   RO          483    i.MX_I2C3_Init      i2c.o
    0x08006748   0x08006748   0x00000048   Code   RO          525    i.MX_SPI1_Init      spi.o
    0x08006790   0x08006790   0x00000064   Code   RO          568    i.MX_TIM10_Init     tim.o
    0x080067f4   0x080067f4   0x00000098   Code   RO          569    i.MX_TIM4_Init      tim.o
    0x0800688c   0x0800688c   0x00000038   Code   RO          621    i.MX_USART1_UART_Init  usart.o
    0x080068c4   0x080068c4   0x0000003c   Code   RO          622    i.MX_USART3_UART_Init  usart.o
    0x08006900   0x08006900   0x00000038   Code   RO          623    i.MX_USART6_UART_Init  usart.o
    0x08006938   0x08006938   0x00000002   Code   RO          689    i.MemManage_Handler  stm32f4xx_it.o
    0x0800693a   0x0800693a   0x00000002   Code   RO          690    i.NMI_Handler       stm32f4xx_it.o
    0x0800693c   0x0800693c   0x00000164   Code   RO         7542    i.PID_calc          pid.o
    0x08006aa0   0x08006aa0   0x00000040   Code   RO         7543    i.PID_clear         pid.o
    0x08006ae0   0x08006ae0   0x0000005c   Code   RO         7544    i.PID_init          pid.o
    0x08006b3c   0x08006b3c   0x0000184c   Code   RO         6266    i.SPI1_DMA_enable   bsp_spi.o
    0x08008388   0x08008388   0x0000010c   Code   RO         6267    i.SPI1_DMA_init     bsp_spi.o
    0x08008494   0x08008494   0x0000007c   Code   RO         3920    i.SPI_EndRxTxTransaction  stm32f4xx_hal_spi.o
    0x08008510   0x08008510   0x000000bc   Code   RO         3925    i.SPI_WaitFlagStateUntilTimeout  stm32f4xx_hal_spi.o
    0x080085cc   0x080085cc   0x000001c8   Code   RO         6886    i.Set_Chassis_VxVy  chassis_task.o
    0x08008794   0x08008794   0x00000028   Code   RO         6887    i.Set_FollowGimbal_Wz  chassis_task.o
    0x080087bc   0x080087bc   0x000001c0   Code   RO         6888    i.Set_Rotate_Wz     chassis_task.o
    0x0800897c   0x0800897c   0x0000002c   Code   RO         6065    i.SysTick_Handler   port.o
    0x080089a8   0x080089a8   0x00000094   Code   RO           15    i.SystemClock_Config  main.o
    0x08008a3c   0x08008a3c   0x00000010   Code   RO         4567    i.SystemInit        system_stm32f4xx.o
    0x08008a4c   0x08008a4c   0x0000000c   Code   RO          691    i.TIM2_IRQHandler   stm32f4xx_it.o
    0x08008a58   0x08008a58   0x000000dc   Code   RO          998    i.TIM_Base_SetConfig  stm32f4xx_hal_tim.o
    0x08008b34   0x08008b34   0x0000001a   Code   RO          999    i.TIM_CCxChannelCmd  stm32f4xx_hal_tim.o
    0x08008b4e   0x08008b4e   0x00000014   Code   RO         1009    i.TIM_ETR_SetConfig  stm32f4xx_hal_tim.o
    0x08008b62   0x08008b62   0x00000010   Code   RO         1010    i.TIM_ITRx_SetConfig  stm32f4xx_hal_tim.o
    0x08008b72   0x08008b72   0x00000002   PAD
    0x08008b74   0x08008b74   0x00000068   Code   RO         1011    i.TIM_OC1_SetConfig  stm32f4xx_hal_tim.o
    0x08008bdc   0x08008bdc   0x00000074   Code   RO         1012    i.TIM_OC2_SetConfig  stm32f4xx_hal_tim.o
    0x08008c50   0x08008c50   0x00000070   Code   RO         1013    i.TIM_OC3_SetConfig  stm32f4xx_hal_tim.o
    0x08008cc0   0x08008cc0   0x00000054   Code   RO         1014    i.TIM_OC4_SetConfig  stm32f4xx_hal_tim.o
    0x08008d14   0x08008d14   0x00000022   Code   RO         1016    i.TIM_TI1_ConfigInputStage  stm32f4xx_hal_tim.o
    0x08008d36   0x08008d36   0x00000024   Code   RO         1018    i.TIM_TI2_ConfigInputStage  stm32f4xx_hal_tim.o
    0x08008d5a   0x08008d5a   0x00000010   Code   RO         4236    i.UART_DMAAbortOnError  stm32f4xx_hal_uart.o
    0x08008d6a   0x08008d6a   0x0000004e   Code   RO         4246    i.UART_EndRxTransfer  stm32f4xx_hal_uart.o
    0x08008db8   0x08008db8   0x0000001a   Code   RO         4247    i.UART_EndTransmit_IT  stm32f4xx_hal_uart.o
    0x08008dd2   0x08008dd2   0x000000c8   Code   RO         4249    i.UART_Receive_IT   stm32f4xx_hal_uart.o
    0x08008e9a   0x08008e9a   0x00000002   PAD
    0x08008e9c   0x08008e9c   0x00000114   Code   RO         4250    i.UART_SetConfig    stm32f4xx_hal_uart.o
    0x08008fb0   0x08008fb0   0x0000005e   Code   RO         4253    i.UART_Transmit_IT  stm32f4xx_hal_uart.o
    0x0800900e   0x0800900e   0x00000002   PAD
    0x08009010   0x08009010   0x0000000c   Code   RO          692    i.USART1_IRQHandler  stm32f4xx_it.o
    0x0800901c   0x0800901c   0x0000000c   Code   RO          693    i.USART3_IRQHandler  stm32f4xx_it.o
    0x08009028   0x08009028   0x0000000c   Code   RO          694    i.USART6_IRQHandler  stm32f4xx_it.o
    0x08009034   0x08009034   0x00000002   Code   RO          695    i.UsageFault_Handler  stm32f4xx_it.o
    0x08009036   0x08009036   0x00000026   Code   RO        15022    i.__ARM_fpclassifyf  m_wm.l(fpclassifyf.o)
    0x0800905c   0x0800905c   0x00000020   Code   RO         2926    i.__NVIC_SetPriority  stm32f4xx_hal_cortex.o
    0x0800907c   0x0800907c   0x0000012c   Code   RO        14809    i.__hardfp_asinf    m_wm.l(asinf.o)
    0x080091a8   0x080091a8   0x000002ac   Code   RO        14821    i.__hardfp_atan2f   m_wm.l(atan2f.o)
    0x08009454   0x08009454   0x0000003a   Code   RO        14945    i.__hardfp_sqrtf    m_wm.l(sqrtf.o)
    0x0800948e   0x0800948e   0x00000006   Code   RO        15025    i.__mathlib_flt_infnan  m_wm.l(funder.o)
    0x08009494   0x08009494   0x00000006   Code   RO        15026    i.__mathlib_flt_infnan2  m_wm.l(funder.o)
    0x0800949a   0x0800949a   0x00000002   PAD
    0x0800949c   0x0800949c   0x00000010   Code   RO        15027    i.__mathlib_flt_invalid  m_wm.l(funder.o)
    0x080094ac   0x080094ac   0x00000010   Code   RO        15030    i.__mathlib_flt_underflow  m_wm.l(funder.o)
    0x080094bc   0x080094bc   0x000001d0   Code   RO        14641    i.accel_comple_filter  AHRS.lib(ahrs.o)
    0x0800968c   0x0800968c   0x0000018c   Code   RO        14642    i.accel_update_kp_ki  AHRS.lib(ahrs.o)
    0x08009818   0x08009818   0x0000016c   Code   RO        14643    i.angle_to_quat     AHRS.lib(ahrs.o)
    0x08009984   0x08009984   0x00000228   Code   RO         9579    i.arm_atan2_f32     fastmathfunctions.o
    0x08009bac   0x08009bac   0x00000088   Code   RO         9582    i.arm_cos_f32       fastmathfunctions.o
    0x08009c34   0x08009c34   0x00000084   Code   RO         9589    i.arm_sin_f32       fastmathfunctions.o
    0x08009cb8   0x08009cb8   0x0000011c   Code   RO         7139    i.bmi088_accel_init  bmi088driver.o
    0x08009dd4   0x08009dd4   0x000002b0   Code   RO         7140    i.bmi088_accel_self_test  bmi088driver.o
    0x0800a084   0x0800a084   0x000000dc   Code   RO         7141    i.bmi088_gyro_init  bmi088driver.o
    0x0800a160   0x0800a160   0x000000ca   Code   RO         7142    i.bmi088_gyro_self_test  bmi088driver.o
    0x0800a22a   0x0800a22a   0x00000002   PAD
    0x0800a22c   0x0800a22c   0x00000010   Code   RO         6598    i.buzzer_off        bsp_buzzer.o
    0x0800a23c   0x0800a23c   0x00000024   Code   RO         6599    i.buzzer_on         bsp_buzzer.o
    0x0800a260   0x0800a260   0x00000032   Code   RO         6600    i.buzzer_play       bsp_buzzer.o
    0x0800a292   0x0800a292   0x00000002   PAD
    0x0800a294   0x0800a294   0x0000000c   Code   RO         6601    i.buzzer_play_eva   bsp_buzzer.o
    0x0800a2a0   0x0800a2a0   0x000000b0   Code   RO         6889    i.chassis_follow_gimbal_handler  chassis_task.o
    0x0800a350   0x0800a350   0x00000078   Code   RO         6890    i.chassis_rotate_handler  chassis_task.o
    0x0800a3c8   0x0800a3c8   0x00000068   Code   RO         6891    i.chassis_safe_handler  chassis_task.o
    0x0800a430   0x0800a430   0x00000028   Code   RO         6415    i.delay_init        bsp_delay.o
    0x0800a458   0x0800a458   0x00000038   Code   RO         6417    i.delay_us          bsp_delay.o
    0x0800a490   0x0800a490   0x0000005c   Code   RO         6649    i.detect_hook       detect_task.o
    0x0800a4ec   0x0800a4ec   0x00000084   Code   RO         6650    i.detect_init       detect_task.o
    0x0800a570   0x0800a570   0x0000010c   Code   RO         6651    i.detect_task       detect_task.o
    0x0800a67c   0x0800a67c   0x000000e8   Code   RO        14644    i.get_angle         AHRS.lib(ahrs.o)
    0x0800a764   0x0800a764   0x000000dc   Code   RO         6719    i.imu_cali_slove    ins_task.o
    0x0800a840   0x0800a840   0x00000108   Code   RO         6720    i.imu_cmd_spi_dma   ins_task.o
    0x0800a948   0x0800a948   0x0000000c   Code   RO         6570    i.imu_pwm_set       bsp_cboard_imu_pwm.o
    0x0800a954   0x0800a954   0x00000084   Code   RO         6721    i.imu_temp_control  ins_task.o
    0x0800a9d8   0x0800a9d8   0x00000002   Code   RO         7370    i.ist8310_GPIO_init  ist8310driver_middleware.o
    0x0800a9da   0x0800a9da   0x00000002   PAD
    0x0800a9dc   0x0800a9dc   0x00000024   Code   RO         7372    i.ist8310_IIC_read_single_reg  ist8310driver_middleware.o
    0x0800aa00   0x0800aa00   0x00000024   Code   RO         7374    i.ist8310_IIC_write_single_reg  ist8310driver_middleware.o
    0x0800aa24   0x0800aa24   0x00000010   Code   RO         7375    i.ist8310_RST_H     ist8310driver_middleware.o
    0x0800aa34   0x0800aa34   0x00000010   Code   RO         7376    i.ist8310_RST_L     ist8310driver_middleware.o
    0x0800aa44   0x0800aa44   0x00000002   Code   RO         7377    i.ist8310_com_init  ist8310driver_middleware.o
    0x0800aa46   0x0800aa46   0x00000004   Code   RO         7378    i.ist8310_delay_ms  ist8310driver_middleware.o
    0x0800aa4a   0x0800aa4a   0x00000002   PAD
    0x0800aa4c   0x0800aa4c   0x0000007c   Code   RO         7335    i.ist8310_init      ist8310driver.o
    0x0800aac8   0x0800aac8   0x00000020   Code   RO         7450    i.limit             user_common_lib.o
    0x0800aae8   0x0800aae8   0x0000007c   Code   RO           16    i.main              main.o
    0x0800ab64   0x0800ab64   0x0000000c   Code   RO         5630    i.makeFreeRtosPriority  cmsis_os.o
    0x0800ab70   0x0800ab70   0x00000014   Code   RO         7451    i.my_fabsf          user_common_lib.o
    0x0800ab84   0x0800ab84   0x00000014   Code   RO         7452    i.my_sign           user_common_lib.o
    0x0800ab98   0x0800ab98   0x00000010   Code   RO         5632    i.osDelay           cmsis_os.o
    0x0800aba8   0x0800aba8   0x0000000a   Code   RO         5635    i.osKernelStart     cmsis_os.o
    0x0800abb2   0x0800abb2   0x00000058   Code   RO         5669    i.osThreadCreate    cmsis_os.o
    0x0800ac0a   0x0800ac0a   0x00000002   PAD
    0x0800ac0c   0x0800ac0c   0x00000024   Code   RO         5097    i.pcTaskGetName     tasks.o
    0x0800ac30   0x0800ac30   0x00000078   Code   RO         5098    i.prvAddCurrentTaskToDelayedList  tasks.o
    0x0800aca8   0x0800aca8   0x00000088   Code   RO         5099    i.prvAddNewTaskToReadyList  tasks.o
    0x0800ad30   0x0800ad30   0x00000058   Code   RO         5462    i.prvCheckForValidListAndQueue  timers.o
    0x0800ad88   0x0800ad88   0x0000003c   Code   RO         5100    i.prvCheckTasksWaitingTermination  tasks.o
    0x0800adc4   0x0800adc4   0x00000028   Code   RO         4745    i.prvCopyDataFromQueue  queue.o
    0x0800adec   0x0800adec   0x0000006e   Code   RO         4746    i.prvCopyDataToQueue  queue.o
    0x0800ae5a   0x0800ae5a   0x00000040   Code   RO         5101    i.prvDeleteTCB      tasks.o
    0x0800ae9a   0x0800ae9a   0x00000002   PAD
    0x0800ae9c   0x0800ae9c   0x00000024   Code   RO         5463    i.prvGetNextExpireTime  timers.o
    0x0800aec0   0x0800aec0   0x0000004c   Code   RO         6009    i.prvHeapInit       heap_4.o
    0x0800af0c   0x0800af0c   0x00000028   Code   RO         5102    i.prvIdleTask       tasks.o
    0x0800af34   0x0800af34   0x00000018   Code   RO         4749    i.prvInitialiseNewQueue  queue.o
    0x0800af4c   0x0800af4c   0x000000ac   Code   RO         5103    i.prvInitialiseNewTask  tasks.o
    0x0800aff8   0x0800aff8   0x00000050   Code   RO         5464    i.prvInitialiseNewTimer  timers.o
    0x0800b048   0x0800b048   0x00000058   Code   RO         5104    i.prvInitialiseTaskLists  tasks.o
    0x0800b0a0   0x0800b0a0   0x00000054   Code   RO         6010    i.prvInsertBlockIntoFreeList  heap_4.o
    0x0800b0f4   0x0800b0f4   0x00000040   Code   RO         5465    i.prvInsertTimerInActiveList  timers.o
    0x0800b134   0x0800b134   0x0000001a   Code   RO         4750    i.prvIsQueueEmpty   queue.o
    0x0800b14e   0x0800b14e   0x0000001e   Code   RO         4751    i.prvIsQueueFull    queue.o
    0x0800b16c   0x0800b16c   0x00000068   Code   RO         5466    i.prvProcessExpiredTimer  timers.o
    0x0800b1d4   0x0800b1d4   0x000000fc   Code   RO         5467    i.prvProcessReceivedCommands  timers.o
    0x0800b2d0   0x0800b2d0   0x0000006c   Code   RO         5468    i.prvProcessTimerOrBlockTask  timers.o
    0x0800b33c   0x0800b33c   0x00000024   Code   RO         5105    i.prvResetNextTaskUnblockTime  tasks.o
    0x0800b360   0x0800b360   0x0000002c   Code   RO         5469    i.prvSampleTimeNow  timers.o
    0x0800b38c   0x0800b38c   0x00000066   Code   RO         5106    i.prvSearchForNameWithinSingleList  tasks.o
    0x0800b3f2   0x0800b3f2   0x00000002   PAD
    0x0800b3f4   0x0800b3f4   0x00000070   Code   RO         5470    i.prvSwitchTimerLists  timers.o
    0x0800b464   0x0800b464   0x00000014   Code   RO         5107    i.prvTaskCheckFreeStackSpace  tasks.o
    0x0800b478   0x0800b478   0x0000002c   Code   RO         6066    i.prvTaskExitError  port.o
    0x0800b4a4   0x0800b4a4   0x00000014   Code   RO         5471    i.prvTimerTask      timers.o
    0x0800b4b8   0x0800b4b8   0x0000006a   Code   RO         4752    i.prvUnlockQueue    queue.o
    0x0800b522   0x0800b522   0x00000002   PAD
    0x0800b524   0x0800b524   0x000000dc   Code   RO         6011    i.pvPortMalloc      heap_4.o
    0x0800b600   0x0800b600   0x00000024   Code   RO         6067    i.pxPortInitialiseStack  port.o
    0x0800b624   0x0800b624   0x00000084   Code   RO        14649    i.quat_normalization  AHRS.lib(ahrs.o)
    0x0800b6a8   0x0800b6a8   0x0000002c   Code   RO         7453    i.ramp_control      user_common_lib.o
    0x0800b6d4   0x0800b6d4   0x0000003e   Code   RO        14947    i.sqrtf             m_wm.l(sqrtf.o)
    0x0800b712   0x0800b712   0x00000002   PAD
    0x0800b714   0x0800b714   0x00000018   Code   RO         6653    i.toe_is_error      detect_task.o
    0x0800b72c   0x0800b72c   0x00000028   Code   RO         7454    i.uint_to_float     user_common_lib.o
    0x0800b754   0x0800b754   0x00000068   Code   RO         5110    i.ulTaskNotifyTake  tasks.o
    0x0800b7bc   0x0800b7bc   0x0000006c   Code   RO         6144    i.update_cap        bsp_cap.o
    0x0800b828   0x0800b828   0x0000007a   Code   RO        14650    i.update_w          AHRS.lib(ahrs.o)
    0x0800b8a2   0x0800b8a2   0x00000026   Code   RO         4705    i.uxListRemove      list.o
    0x0800b8c8   0x0800b8c8   0x00000014   Code   RO         5113    i.uxTaskGetStackHighWaterMark  tasks.o
    0x0800b8dc   0x0800b8dc   0x00000014   Code   RO          297    i.vApplicationGetIdleTaskMemory  freertos.o
    0x0800b8f0   0x0800b8f0   0x00000018   Code   RO          298    i.vApplicationGetTimerTaskMemory  freertos.o
    0x0800b908   0x0800b908   0x00000016   Code   RO         4706    i.vListInitialise   list.o
    0x0800b91e   0x0800b91e   0x00000006   Code   RO         4707    i.vListInitialiseItem  list.o
    0x0800b924   0x0800b924   0x00000030   Code   RO         4708    i.vListInsert       list.o
    0x0800b954   0x0800b954   0x00000018   Code   RO         4709    i.vListInsertEnd    list.o
    0x0800b96c   0x0800b96c   0x00000040   Code   RO         6069    i.vPortEnterCritical  port.o
    0x0800b9ac   0x0800b9ac   0x0000002c   Code   RO         6070    i.vPortExitCritical  port.o
    0x0800b9d8   0x0800b9d8   0x00000064   Code   RO         6012    i.vPortFree         heap_4.o
    0x0800ba3c   0x0800ba3c   0x00000024   Code   RO         6071    i.vPortSetupTimerInterrupt  port.o
    0x0800ba60   0x0800ba60   0x00000054   Code   RO         6072    i.vPortValidateInterruptPriority  port.o
    0x0800bab4   0x0800bab4   0x00000024   Code   RO         4756    i.vQueueAddToRegistry  queue.o
    0x0800bad8   0x0800bad8   0x00000046   Code   RO         4759    i.vQueueWaitForMessageRestricted  queue.o
    0x0800bb1e   0x0800bb1e   0x00000002   PAD
    0x0800bb20   0x0800bb20   0x00000050   Code   RO         5117    i.vTaskDelay        tasks.o
    0x0800bb70   0x0800bb70   0x00000010   Code   RO         5121    i.vTaskInternalSetTimeOutState  tasks.o
    0x0800bb80   0x0800bb80   0x0000000c   Code   RO         5122    i.vTaskMissedYield  tasks.o
    0x0800bb8c   0x0800bb8c   0x000000bc   Code   RO         5123    i.vTaskNotifyGiveFromISR  tasks.o
    0x0800bc48   0x0800bc48   0x00000034   Code   RO         5124    i.vTaskPlaceOnEventList  tasks.o
    0x0800bc7c   0x0800bc7c   0x0000003c   Code   RO         5125    i.vTaskPlaceOnEventListRestricted  tasks.o
    0x0800bcb8   0x0800bcb8   0x00000090   Code   RO         5132    i.vTaskStartScheduler  tasks.o
    0x0800bd48   0x0800bd48   0x00000010   Code   RO         5134    i.vTaskSuspendAll   tasks.o
    0x0800bd58   0x0800bd58   0x00000060   Code   RO         5135    i.vTaskSwitchContext  tasks.o
    0x0800bdb8   0x0800bdb8   0x000000f4   Code   RO         6073    i.xPortStartScheduler  port.o
    0x0800beac   0x0800beac   0x00000044   Code   RO         4762    i.xQueueGenericCreate  queue.o
    0x0800bef0   0x0800bef0   0x0000006c   Code   RO         4763    i.xQueueGenericCreateStatic  queue.o
    0x0800bf5c   0x0800bf5c   0x0000008c   Code   RO         4764    i.xQueueGenericReset  queue.o
    0x0800bfe8   0x0800bfe8   0x00000164   Code   RO         4765    i.xQueueGenericSend  queue.o
    0x0800c14c   0x0800c14c   0x000000c0   Code   RO         4766    i.xQueueGenericSendFromISR  queue.o
    0x0800c20c   0x0800c20c   0x0000013c   Code   RO         4774    i.xQueueReceive     queue.o
    0x0800c348   0x0800c348   0x00000090   Code   RO         5138    i.xTaskCheckForTimeOut  tasks.o
    0x0800c3d8   0x0800c3d8   0x00000064   Code   RO         5139    i.xTaskCreate       tasks.o
    0x0800c43c   0x0800c43c   0x0000005c   Code   RO         5140    i.xTaskCreateStatic  tasks.o
    0x0800c498   0x0800c498   0x00000088   Code   RO         5144    i.xTaskGetHandle    tasks.o
    0x0800c520   0x0800c520   0x0000001c   Code   RO         5145    i.xTaskGetSchedulerState  tasks.o
    0x0800c53c   0x0800c53c   0x0000000c   Code   RO         5146    i.xTaskGetTickCount  tasks.o
    0x0800c548   0x0800c548   0x000000d0   Code   RO         5148    i.xTaskIncrementTick  tasks.o
    0x0800c618   0x0800c618   0x00000098   Code   RO         5151    i.xTaskPriorityDisinherit  tasks.o
    0x0800c6b0   0x0800c6b0   0x0000007c   Code   RO         5153    i.xTaskRemoveFromEventList  tasks.o
    0x0800c72c   0x0800c72c   0x000000cc   Code   RO         5154    i.xTaskResumeAll    tasks.o
    0x0800c7f8   0x0800c7f8   0x00000034   Code   RO         5476    i.xTimerCreate      timers.o
    0x0800c82c   0x0800c82c   0x00000068   Code   RO         5478    i.xTimerCreateTimerTask  timers.o
    0x0800c894   0x0800c894   0x0000006c   Code   RO         5479    i.xTimerGenericCommand  timers.o
    0x0800c900   0x0800c900   0x00000062   Code   RO        14755    x$fpl$d2f           fz_wm.l(d2f.o)
    0x0800c962   0x0800c962   0x00000002   PAD
    0x0800c964   0x0800c964   0x00000150   Code   RO        14757    x$fpl$dadd          fz_wm.l(daddsub_clz.o)
    0x0800cab4   0x0800cab4   0x00000018   Code   RO        14988    x$fpl$dcmpinf       fz_wm.l(dcmpi.o)
    0x0800cacc   0x0800cacc   0x000002b0   Code   RO        14764    x$fpl$ddiv          fz_wm.l(ddiv.o)
    0x0800cd7c   0x0800cd7c   0x00000026   Code   RO        14777    x$fpl$dfltu         fz_wm.l(dflt_clz.o)
    0x0800cda2   0x0800cda2   0x00000002   PAD
    0x0800cda4   0x0800cda4   0x00000078   Code   RO        14783    x$fpl$dleqf         fz_wm.l(dleqf.o)
    0x0800ce1c   0x0800ce1c   0x00000154   Code   RO        14785    x$fpl$dmul          fz_wm.l(dmul.o)
    0x0800cf70   0x0800cf70   0x0000009c   Code   RO        14990    x$fpl$dnaninf       fz_wm.l(dnaninf.o)
    0x0800d00c   0x0800d00c   0x0000000c   Code   RO        14992    x$fpl$dretinf       fz_wm.l(dretinf.o)
    0x0800d018   0x0800d018   0x0000006c   Code   RO        14787    x$fpl$drleqf        fz_wm.l(drleqf.o)
    0x0800d084   0x0800d084   0x000001d4   Code   RO        14759    x$fpl$dsub          fz_wm.l(daddsub_clz.o)
    0x0800d258   0x0800d258   0x00000056   Code   RO        14789    x$fpl$f2d           fz_wm.l(f2d.o)
    0x0800d2ae   0x0800d2ae   0x0000008c   Code   RO        14996    x$fpl$fnaninf       fz_wm.l(fnaninf.o)
    0x0800d33a   0x0800d33a   0x0000000a   Code   RO        15162    x$fpl$fpinit        fz_wm.l(fpinit.o)
    0x0800d344   0x0800d344   0x0000000a   Code   RO        14998    x$fpl$fretinf       fz_wm.l(fretinf.o)
    0x0800d34e   0x0800d34e   0x00000000   Code   RO        15002    x$fpl$usenofp       fz_wm.l(usenofp.o)
    0x0800d34e   0x0800d34e   0x00000002   PAD
    0x0800d350   0x0800d350   0x00000070   Data   RO          300    .constdata          freertos.o
    0x0800d3c0   0x0800d3c0   0x00000008   Data   RO         2640    .constdata          stm32f4xx_hal_dma.o
    0x0800d3c8   0x0800d3c8   0x00000010   Data   RO         4568    .constdata          system_stm32f4xx.o
    0x0800d3d8   0x0800d3d8   0x00000008   Data   RO         4569    .constdata          system_stm32f4xx.o
    0x0800d3e0   0x0800d3e0   0x00000018   Data   RO         6464    .constdata          bsp_can_chassis.o
    0x0800d3f8   0x0800d3f8   0x00000054   Data   RO         6655    .constdata          detect_task.o
    0x0800d44c   0x0800d44c   0x0000000c   Data   RO         6726    .constdata          ins_task.o
    0x0800d458   0x0800d458   0x00000054   Data   RO         6893    .constdata          chassis_task.o
    0x0800d4ac   0x0800d4ac   0x00000012   Data   RO         7147    .constdata          bmi088driver.o
    0x0800d4be   0x0800d4be   0x0000000c   Data   RO         7338    .constdata          ist8310driver.o
    0x0800d4ca   0x0800d4ca   0x00000002   PAD
    0x0800d4cc   0x0800d4cc   0x00000038   Data   RO         7699    .constdata          chassis_power_limiter.o
    0x0800d504   0x0800d504   0x00000804   Data   RO         8746    .constdata          commontables.o
    0x0800dd08   0x0800dd08   0x00000070   Data   RO         9600    .constdata          fastmathfunctions.o
    0x0800dd78   0x0800dd78   0x0000000c   Data   RO        14651    .constdata          AHRS.lib(ahrs.o)
    0x0800dd84   0x0800dd84   0x00000034   Data   RO          301    .conststring        freertos.o
    0x0800ddb8   0x0800ddb8   0x00000020   Data   RO        15220    Region$$Table       anon$$obj.o


    Execution Region RW_IRAM1 (Exec base: 0x20000000, Load base: 0x0800ddd8, Size: 0x0000e928, Max: 0x0001c000, ABSOLUTE, COMPRESSED[0x00000160])

    Exec Addr    Load Addr    Size         Type   Attr      Idx    E Section Name        Object

    0x20000000   COMPRESSED   0x00000010   Data   RW          302    .data               freertos.o
    0x20000010   COMPRESSED   0x00000004   Data   RW          371    .data               can.o
    0x20000014   COMPRESSED   0x00000008   Data   RW          418    .data               crc.o
    0x2000001c   COMPRESSED   0x0000000c   Data   RW         3085    .data               stm32f4xx_hal.o
    0x20000028   COMPRESSED   0x00000004   Data   RW         4570    .data               system_stm32f4xx.o
    0x2000002c   COMPRESSED   0x0000003c   Data   RW         5157    .data               tasks.o
    0x20000068   COMPRESSED   0x00000014   Data   RW         5487    .data               timers.o
    0x2000007c   COMPRESSED   0x00000020   Data   RW         6018    .data               heap_4.o
    0x2000009c   COMPRESSED   0x0000000c   Data   RW         6074    .data               port.o
    0x200000a8   COMPRESSED   0x00000001   Data   RW         6146    .data               bsp_cap.o
    0x200000a9   COMPRESSED   0x00000003   PAD
    0x200000ac   COMPRESSED   0x00000008   Data   RW         6418    .data               bsp_delay.o
    0x200000b4   COMPRESSED   0x0000000c   Data   RW         6465    .data               bsp_can_chassis.o
    0x200000c0   COMPRESSED   0x00000120   Data   RW         6603    .data               bsp_buzzer.o
    0x200001e0   COMPRESSED   0x0000000c   Data   RW         6656    .data               detect_task.o
    0x200001ec   COMPRESSED   0x000000a8   Data   RW         6728    .data               ins_task.o
    0x20000294   COMPRESSED   0x000001b8   Data   RW         6894    .data               chassis_task.o
    0x2000044c   COMPRESSED   0x00000008   Data   RW         7093    .data               can_timer_task.o
    0x20000454   COMPRESSED   0x0000002c   Data   RW         7148    .data               bmi088driver.o
    0x20000480   COMPRESSED   0x0000000c   Data   RW         7700    .data               chassis_power_limiter.o
    0x2000048c   COMPRESSED   0x00000010   Data   RW        14652    .data               AHRS.lib(ahrs.o)
    0x2000049c        -       0x000006a8   Zero   RW          299    .bss                freertos.o
    0x20000b44        -       0x00000050   Zero   RW          370    .bss                can.o
    0x20000b94        -       0x00000054   Zero   RW          484    .bss                i2c.o
    0x20000be8        -       0x00000118   Zero   RW          526    .bss                spi.o
    0x20000d00        -       0x00000090   Zero   RW          570    .bss                tim.o
    0x20000d90        -       0x000002b8   Zero   RW          624    .bss                usart.o
    0x20001048        -       0x00000048   Zero   RW          867    .bss                stm32f4xx_hal_timebase_tim.o
    0x20001090        -       0x00000040   Zero   RW         4777    .bss                queue.o
    0x200010d0        -       0x000000f0   Zero   RW         5156    .bss                tasks.o
    0x200011c0        -       0x00000110   Zero   RW         5486    .bss                timers.o
    0x200012d0        -       0x00008b84   Zero   RW         6017    .bss                heap_4.o
    0x20009e54        -       0x00000014   Zero   RW         6145    .bss                bsp_cap.o
    0x20009e68        -       0x00000088   Zero   RW         6463    .bss                bsp_can_chassis.o
    0x20009ef0        -       0x0000021c   Zero   RW         6654    .bss                detect_task.o
    0x2000a10c        -       0x0000014c   Zero   RW         6723    .bss                ins_task.o
    0x2000a258        -       0x00000040   Zero   RW         6892    .bss                chassis_task.o
    0x2000a298        -       0x00000028   Zero   RW         7509    .bss                motor.o
    0x2000a2c0        -       0x00000028   Zero   RW         7510    .bss                motor.o
    0x2000a2e8        -       0x000002b0   Zero   RW         7514    .bss                motor.o
    0x2000a598        -       0x00000160   Zero   RW         7515    .bss                motor.o
    0x2000a6f8        -       0x000001cc   Zero   RW         7518    .bss                motor.o
    0x2000a8c4        -       0x00000060   Zero   RW        15078    .bss                c_w.l(libspace.o)
    0x2000a924   COMPRESSED   0x00000004   PAD
    0x2000a928        -       0x00002000   Zero   RW            2    HEAP                startup_stm32f407xx.o
    0x2000c928        -       0x00002000   Zero   RW            1    STACK               startup_stm32f407xx.o


    Execution Region RW_IRAM2 (Exec base: 0x2001c000, Load base: 0x0800df38, Size: 0x00000000, Max: 0x00004000, ABSOLUTE)

    **** No section assigned to this execution region ****


==============================================================================

Image component sizes


      Code (inc. data)   RO Data    RW Data    ZI Data      Debug   Object Name

        70          6          0          0          0       5480   ahrs_middleware.o
         0          0          0          0          0       1592   basicmathfunctions.o
      2144         36         18         44          0      11475   bmi088driver.o
       108         28          0          0          0       4984   bmi088middleware.o
       114         20          0        288          0       3113   bsp_buzzer.o
      1074         62         24         12        136      14255   bsp_can_chassis.o
       108         18          0          1         20       1657   bsp_cap.o
        12          4          0          0          0        566   bsp_cboard_imu_pwm.o
        96         20          0          8          0       1440   bsp_delay.o
      6488         86          0          0          0     628646   bsp_spi.o
       392         42          0          4         80       2666   can.o
       292         58          0          8          0       2375   can_timer_task.o
      1792         46         56         12          0      13237   chassis_power_limiter.o
      5164        614         84        440         64      25754   chassis_task.o
       126          0          0          0          0      23251   cmsis_os.o
         0          0       2052          0          0      17321   commontables.o
        76         18          0          8          0       1655   crc.o
       516         32         84         12        540       4734   detect_task.o
       156          4          0          0          0        914   dma.o
         0          0          0          0          0      19868   event_groups.o
       820         52        112          0          0      11279   fastmathfunctions.o
       148         18        164         16       1704       3133   freertos.o
       556         28          0          0          0       1367   gpio.o
       480         28          0         32      35716       5227   heap_4.o
       212         32          0          0         84       1861   i2c.o
      2644        154         12        168        332      11870   ins_task.o
       124          4         12          0          0       2151   ist8310driver.o
       112         22          0          0          0       4151   ist8310driver_middleware.o
        36          8          0          0          0        579   led_task.o
       138          0          0          0          0       3802   list.o
       290         18          0          0          0     754121   main.o
         0          0          0          0       1580       5416   motor.o
       512         16          0          0          0       2586   pid.o
       786         84          0         12          0      12421   port.o
      1622         20          0          0         64      19366   queue.o
       344         32          0          0        280       2051   spi.o
        64         26        392          0      16384        884   startup_stm32f407xx.o
       116         18          0         12          0       8998   stm32f4xx_hal.o
      1766          6          0          0          0      15487   stm32f4xx_hal_can.o
       158         14          0          0          0      33314   stm32f4xx_hal_cortex.o
        36          0          0          0          0       1147   stm32f4xx_hal_crc.o
      1018         14          8          0          0       6107   stm32f4xx_hal_dma.o
       518         50          0          0          0       3772   stm32f4xx_hal_gpio.o
      2628         46          0          0          0      13222   stm32f4xx_hal_i2c.o
        56          4          0          0          0        910   stm32f4xx_hal_msp.o
      1536         88          0          0          0       7321   stm32f4xx_hal_rcc.o
      1008         14          0          0          0       5089   stm32f4xx_hal_spi.o
      2170        150          0          0          0      18827   stm32f4xx_hal_tim.o
       148         30          0          0          0       2721   stm32f4xx_hal_tim_ex.o
       152         18          0          0         72       1647   stm32f4xx_hal_timebase_tim.o
      1360         14          0          0          0      10168   stm32f4xx_hal_uart.o
       184         72          0          0          0      11551   stm32f4xx_it.o
         0          0          0          0          0        384   stream_buffer.o
        16          4         24          4          0       1227   system_stm32f4xx.o
      2862        210          0         60        240      35757   tasks.o
       460         54          0          0        144       3331   tim.o
      1172         88          0         20        272      33610   timers.o
       812         80          0          0        696       3827   usart.o
       224         18          0          0          0       4327   user_common_lib.o

    ----------------------------------------------------------------------
     46080       2628       3076       1164      58408    1849992   Object Totals
         0          0         32          0          0          0   (incl. Generated)
        64          0          2          3          0          0   (incl. Padding)

    ----------------------------------------------------------------------

      Code (inc. data)   RO Data    RW Data    ZI Data      Debug   Library Member Name

      2718         84         12         16          0       9922   ahrs.o
        90          0          0          0          0          0   __dczerorl2.o
         8          0          0          0          0         68   __main.o
         0          0          0          0          0          0   __rtentry.o
        12          0          0          0          0          0   __rtentry2.o
         6          0          0          0          0          0   __rtentry4.o
        52          8          0          0          0          0   __scatter.o
        28          0          0          0          0          0   __scatter_zi.o
        22          0          0          0          0        100   _rserrno.o
        16          0          0          0          0         68   aeabi_memset.o
        18          0          0          0          0         80   exit.o
         6          0          0          0          0        152   heapauxi.o
         0          0          0          0          0          0   indicate_semi.o
         2          0          0          0          0          0   libinit.o
         6          0          0          0          0          0   libinit2.o
         2          0          0          0          0          0   libshutdown.o
         2          0          0          0          0          0   libshutdown2.o
         8          4          0          0         96         68   libspace.o
       238          0          0          0          0        100   lludivv7m.o
         8          4          0          0          0         68   rt_errno_addr_intlibspace.o
        68          0          0          0          0         68   rt_memclr.o
        78          0          0          0          0         80   rt_memclr_w.o
       138          0          0          0          0         68   rt_memcpy_v6.o
       100          0          0          0          0         80   rt_memcpy_w.o
         2          0          0          0          0          0   rtexit.o
        10          0          0          0          0          0   rtexit2.o
        62          0          0          0          0         76   strlen.o
        12          4          0          0          0         68   sys_exit.o
        74          0          0          0          0         80   sys_stackheap_outer.o
         2          0          0          0          0         68   use_no_semi.o
        98          4          0          0          0        140   d2f.o
       804         16          0          0          0        368   daddsub_clz.o
        24          0          0          0          0        116   dcmpi.o
       688        140          0          0          0        256   ddiv.o
        38          0          0          0          0        116   dflt_clz.o
       120          4          0          0          0        140   dleqf.o
       340         12          0          0          0        152   dmul.o
       156          4          0          0          0        140   dnaninf.o
        12          0          0          0          0        116   dretinf.o
       108          0          0          0          0        128   drleqf.o
        86          4          0          0          0        132   f2d.o
       140          4          0          0          0        132   fnaninf.o
        10          0          0          0          0        116   fpinit.o
        10          0          0          0          0        116   fretinf.o
         0          0          0          0          0          0   usenofp.o
       300         42          0          0          0        176   asinf.o
       684         90          0          0          0        208   atan2f.o
        38          0          0          0          0        116   fpclassifyf.o
        44         12          0          0          0        464   funder.o
       120          0          0          0          0        272   sqrtf.o

    ----------------------------------------------------------------------
      7624        436         12         16        100      14618   Library Totals
        16          0          0          0          4          0   (incl. Padding)

    ----------------------------------------------------------------------

      Code (inc. data)   RO Data    RW Data    ZI Data      Debug   Library Name

      2718         84         12         16          0       9922   AHRS.lib
      1070         20          0          0         96       1292   c_w.l
      2634        188          0          0          0       2168   fz_wm.l
      1186        144          0          0          0       1236   m_wm.l

    ----------------------------------------------------------------------
      7624        436         12         16        100      14618   Library Totals

    ----------------------------------------------------------------------

==============================================================================


      Code (inc. data)   RO Data    RW Data    ZI Data      Debug   

     53704       3064       3088       1180      58508    1829186   Grand Totals
     53704       3064       3088        352      58508    1829186   ELF Image Totals (compressed)
     53704       3064       3088        352          0          0   ROM Totals

==============================================================================

    Total RO  Size (Code + RO Data)                56792 (  55.46kB)
    Total RW  Size (RW Data + ZI Data)             59688 (  58.29kB)
    Total ROM Size (Code + RO Data + RW Data)      57144 (  55.80kB)

==============================================================================

