Component: ARM Compiler 5.06 update 7 (build 960) Tool: armlink [4d3601]

==============================================================================

Section Cross References

    startup_stm32f407xx.o(STACK) refers (Special) to heapauxi.o(.text) for __use_two_region_memory
    startup_stm32f407xx.o(HEAP) refers (Special) to heapauxi.o(.text) for __use_two_region_memory
    startup_stm32f407xx.o(RESET) refers (Special) to heapauxi.o(.text) for __use_two_region_memory
    startup_stm32f407xx.o(RESET) refers to startup_stm32f407xx.o(STACK) for __initial_sp
    startup_stm32f407xx.o(RESET) refers to startup_stm32f407xx.o(.text) for Reset_Handler
    startup_stm32f407xx.o(RESET) refers to stm32f4xx_it.o(i.NMI_Handler) for NMI_Handler
    startup_stm32f407xx.o(RESET) refers to stm32f4xx_it.o(i.HardFault_Handler) for HardFault_Handler
    startup_stm32f407xx.o(RESET) refers to stm32f4xx_it.o(i.MemManage_Handler) for MemManage_Handler
    startup_stm32f407xx.o(RESET) refers to stm32f4xx_it.o(i.BusFault_Handler) for BusFault_Handler
    startup_stm32f407xx.o(RESET) refers to stm32f4xx_it.o(i.UsageFault_Handler) for UsageFault_Handler
    startup_stm32f407xx.o(RESET) refers to port.o(.emb_text) for SVC_Handler
    startup_stm32f407xx.o(RESET) refers to stm32f4xx_it.o(i.DebugMon_Handler) for DebugMon_Handler
    startup_stm32f407xx.o(RESET) refers to port.o(i.SysTick_Handler) for SysTick_Handler
    startup_stm32f407xx.o(RESET) refers to stm32f4xx_it.o(i.EXTI0_IRQHandler) for EXTI0_IRQHandler
    startup_stm32f407xx.o(RESET) refers to stm32f4xx_it.o(i.EXTI3_IRQHandler) for EXTI3_IRQHandler
    startup_stm32f407xx.o(RESET) refers to stm32f4xx_it.o(i.EXTI4_IRQHandler) for EXTI4_IRQHandler
    startup_stm32f407xx.o(RESET) refers to stm32f4xx_it.o(i.DMA1_Stream1_IRQHandler) for DMA1_Stream1_IRQHandler
    startup_stm32f407xx.o(RESET) refers to stm32f4xx_it.o(i.CAN1_TX_IRQHandler) for CAN1_TX_IRQHandler
    startup_stm32f407xx.o(RESET) refers to stm32f4xx_it.o(i.CAN1_RX0_IRQHandler) for CAN1_RX0_IRQHandler
    startup_stm32f407xx.o(RESET) refers to stm32f4xx_it.o(i.EXTI9_5_IRQHandler) for EXTI9_5_IRQHandler
    startup_stm32f407xx.o(RESET) refers to stm32f4xx_it.o(i.TIM1_UP_TIM10_IRQHandler) for TIM1_UP_TIM10_IRQHandler
    startup_stm32f407xx.o(RESET) refers to stm32f4xx_it.o(i.TIM2_IRQHandler) for TIM2_IRQHandler
    startup_stm32f407xx.o(RESET) refers to stm32f4xx_it.o(i.USART1_IRQHandler) for USART1_IRQHandler
    startup_stm32f407xx.o(RESET) refers to stm32f4xx_it.o(i.USART3_IRQHandler) for USART3_IRQHandler
    startup_stm32f407xx.o(RESET) refers to stm32f4xx_it.o(i.DMA2_Stream1_IRQHandler) for DMA2_Stream1_IRQHandler
    startup_stm32f407xx.o(RESET) refers to stm32f4xx_it.o(i.DMA2_Stream2_IRQHandler) for DMA2_Stream2_IRQHandler
    startup_stm32f407xx.o(RESET) refers to stm32f4xx_it.o(i.DMA2_Stream3_IRQHandler) for DMA2_Stream3_IRQHandler
    startup_stm32f407xx.o(RESET) refers to stm32f4xx_it.o(i.CAN2_RX0_IRQHandler) for CAN2_RX0_IRQHandler
    startup_stm32f407xx.o(RESET) refers to stm32f4xx_it.o(i.OTG_FS_IRQHandler) for OTG_FS_IRQHandler
    startup_stm32f407xx.o(RESET) refers to stm32f4xx_it.o(i.DMA2_Stream5_IRQHandler) for DMA2_Stream5_IRQHandler
    startup_stm32f407xx.o(RESET) refers to stm32f4xx_it.o(i.DMA2_Stream6_IRQHandler) for DMA2_Stream6_IRQHandler
    startup_stm32f407xx.o(RESET) refers to stm32f4xx_it.o(i.DMA2_Stream7_IRQHandler) for DMA2_Stream7_IRQHandler
    startup_stm32f407xx.o(RESET) refers to stm32f4xx_it.o(i.USART6_IRQHandler) for USART6_IRQHandler
    startup_stm32f407xx.o(.text) refers (Special) to heapauxi.o(.text) for __use_two_region_memory
    startup_stm32f407xx.o(.text) refers to system_stm32f4xx.o(i.SystemInit) for SystemInit
    startup_stm32f407xx.o(.text) refers to __main.o(!!!main) for __main
    startup_stm32f407xx.o(.text) refers to startup_stm32f407xx.o(HEAP) for Heap_Mem
    startup_stm32f407xx.o(.text) refers to startup_stm32f407xx.o(STACK) for Stack_Mem
    main.o(i.HAL_TIM_PeriodElapsedCallback) refers to stm32f4xx_hal.o(i.HAL_IncTick) for HAL_IncTick
    main.o(i.SystemClock_Config) refers to rt_memclr_w.o(.text) for __aeabi_memclr4
    main.o(i.SystemClock_Config) refers to stm32f4xx_hal_rcc.o(i.HAL_RCC_OscConfig) for HAL_RCC_OscConfig
    main.o(i.SystemClock_Config) refers to main.o(i.Error_Handler) for Error_Handler
    main.o(i.SystemClock_Config) refers to stm32f4xx_hal_rcc.o(i.HAL_RCC_ClockConfig) for HAL_RCC_ClockConfig
    main.o(i.main) refers to stm32f4xx_hal.o(i.HAL_Init) for HAL_Init
    main.o(i.main) refers to main.o(i.SystemClock_Config) for SystemClock_Config
    main.o(i.main) refers to gpio.o(i.MX_GPIO_Init) for MX_GPIO_Init
    main.o(i.main) refers to dma.o(i.MX_DMA_Init) for MX_DMA_Init
    main.o(i.main) refers to i2c.o(i.MX_I2C3_Init) for MX_I2C3_Init
    main.o(i.main) refers to spi.o(i.MX_SPI1_Init) for MX_SPI1_Init
    main.o(i.main) refers to tim.o(i.MX_TIM10_Init) for MX_TIM10_Init
[...]
    LK_dial_motor                            0x2000ba44   Data         212  motor.o(.bss)
    rc_ctrl                                  0x2000bb18   Data          22  remote_control.o(.bss)
    Game_Status                              0x2000bb76   Data          11  referee.o(.bss)
    Game_Robot_HP                            0x2000bb81   Data          16  referee.o(.bss)
    Game_Robot_State                         0x2000bb91   Data          13  referee.o(.bss)
    Power_Heat_Data                          0x2000bb9e   Data          14  referee.o(.bss)
    Game_Robot_Pos                           0x2000bbac   Data          12  referee.o(.bss)
    Ground_Robot_Position                    0x2000bbb8   Data          40  referee.o(.bss)
    Robot_Command                            0x2000bbe0   Data          13  referee.o(.bss)
    Client_Map_Command                       0x2000bbed   Data          10  referee.o(.bss)
    Sentry_Auto_Cmd_Send                     0x2000bbf7   Data          19  referee.o(.bss)
    NUC_USBD_RxBuf                           0x2000bc0a   Data         256  cboard_to_nuc_usbd_communication.o(.bss)
    NUC_USBD_AutoAim_TxBuf                   0x2000bd0a   Data         128  cboard_to_nuc_usbd_communication.o(.bss)
    NUC_USBD_Referee_TxBuf                   0x2000bd8a   Data         128  cboard_to_nuc_usbd_communication.o(.bss)
    AutoAim_Data_Transmit                    0x2000be0a   Data          46  cboard_to_nuc_usbd_communication.o(.bss)
    NUC_Data_Receive                         0x2000be38   Data          32  cboard_to_nuc_usbd_communication.o(.bss)
    Referee_Data_Transmit                    0x2000be58   Data          39  cboard_to_nuc_usbd_communication.o(.bss)
    __libspace_start                         0x2000be80   Data          96  libspace.o(.bss)
    __temporary_stack_top$libspace           0x2000bee0   Data           0  libspace.o(.bss)



==============================================================================

Memory Map of the image

  Image Entry point : 0x08000189

  Load Region LR_IROM1 (Base: 0x08000000, Size: 0x00011dd0, Max: 0x00100000, ABSOLUTE, COMPRESSED[0x00011b74])

    Execution Region ER_IROM1 (Exec base: 0x08000000, Load base: 0x08000000, Size: 0x00011a38, Max: 0x00100000, ABSOLUTE)

    Exec Addr    Load Addr    Size         Type   Attr      Idx    E Section Name        Object

    0x08000000   0x08000000   0x00000188   Data   RO            3    RESET               startup_stm32f407xx.o
    0x08000188   0x08000188   0x00000008   Code   RO        17614  * !!!main             c_w.l(__main.o)
    0x08000190   0x08000190   0x00000034   Code   RO        18131    !!!scatter          c_w.l(__scatter.o)
    0x080001c4   0x080001c4   0x0000005a   Code   RO        18129    !!dczerorl2         c_w.l(__dczerorl2.o)
    0x0800021e   0x0800021e   0x00000002   PAD
    0x08000220   0x08000220   0x0000001c   Code   RO        18133    !!handler_zi        c_w.l(__scatter_zi.o)
    0x0800023c   0x0800023c   0x00000002   Code   RO        18066    .ARM.Collect$$libinit$$00000000  c_w.l(libinit.o)
    0x0800023e   0x0800023e   0x00000004   Code   RO        17880    .ARM.Collect$$libinit$$00000001  c_w.l(libinit2.o)
    0x08000242   0x08000242   0x00000000   Code   RO        17883    .ARM.Collect$$libinit$$00000004  c_w.l(libinit2.o)
    0x08000242   0x08000242   0x00000000   Code   RO        17886    .ARM.Collect$$libinit$$0000000A  c_w.l(libinit2.o)
    0x08000242   0x08000242   0x00000000   Code   RO        17888    .ARM.Collect$$libinit$$0000000C  c_w.l(libinit2.o)
    0x08000242   0x08000242   0x00000000   Code   RO        17890    .ARM.Collect$$libinit$$0000000E  c_w.l(libinit2.o)
    0x08000242   0x08000242   0x00000000   Code   RO        17893    .ARM.Collect$$libinit$$00000011  c_w.l(libinit2.o)
    0x08000242   0x08000242   0x00000000   Code   RO        17895    .ARM.Collect$$libinit$$00000013  c_w.l(libinit2.o)
    0x08000242   0x08000242   0x00000000   Code   RO        17897    .ARM.Collect$$libinit$$00000015  c_w.l(libinit2.o)
    0x08000242   0x08000242   0x00000000   Code   RO        17899    .ARM.Collect$$libinit$$00000017  c_w.l(libinit2.o)
    0x08000242   0x08000242   0x00000000   Code   RO        17901    .ARM.Collect$$libinit$$00000019  c_w.l(libinit2.o)
    0x08000242   0x08000242   0x00000000   Code   RO        17903    .ARM.Collect$$libinit$$0000001B  c_w.l(libinit2.o)
    0x08000242   0x08000242   0x00000000   Code   RO        17905    .ARM.Collect$$libinit$$0000001D  c_w.l(libinit2.o)
    0x08000242   0x08000242   0x00000000   Code   RO        17907    .ARM.Collect$$libinit$$0000001F  c_w.l(libinit2.o)
    0x08000242   0x08000242   0x00000000   Code   RO        17909    .ARM.Collect$$libinit$$00000021  c_w.l(libinit2.o)
    0x08000242   0x08000242   0x00000000   Code   RO        17911    .ARM.Collect$$libinit$$00000023  c_w.l(libinit2.o)
    0x08000242   0x08000242   0x00000000   Code   RO        17913    .ARM.Collect$$libinit$$00000025  c_w.l(libinit2.o)
    0x08000242   0x08000242   0x00000000   Code   RO        17917    .ARM.Collect$$libinit$$0000002C  c_w.l(libinit2.o)
    0x08000242   0x08000242   0x00000000   Code   RO        17919    .ARM.Collect$$libinit$$0000002E  c_w.l(libinit2.o)
    0x08000242   0x08000242   0x00000000   Code   RO        17921    .ARM.Collect$$libinit$$00000030  c_w.l(libinit2.o)
    0x08000242   0x08000242   0x00000000   Code   RO        17923    .ARM.Collect$$libinit$$00000032  c_w.l(libinit2.o)
    0x08000242   0x08000242   0x00000002   Code   RO        17924    .ARM.Collect$$libinit$$00000033  c_w.l(libinit2.o)
    0x08000244   0x08000244   0x00000002   Code   RO        18126    .ARM.Collect$$libshutdown$$00000000  c_w.l(libshutdown.o)
    0x08000246   0x08000246   0x00000000   Code   RO        18082    .ARM.Collect$$libshutdown$$00000002  c_w.l(libshutdown2.o)
    0x08000246   0x08000246   0x00000000   Code   RO        18084    .ARM.Collect$$libshutdown$$00000004  c_w.l(libshutdown2.o)
    0x08000246   0x08000246   0x00000000   Code   RO        18086    .ARM.Collect$$libshutdown$$00000006  c_w.l(libshutdown2.o)
    0x08000246   0x08000246   0x00000000   Code   RO        18089    .ARM.Collect$$libshutdown$$00000009  c_w.l(libshutdown2.o)
    0x08000246   0x08000246   0x00000000   Code   RO        18092    .ARM.Collect$$libshutdown$$0000000C  c_w.l(libshutdown2.o)
    0x08000246   0x08000246   0x00000000   Code   RO        18094    .ARM.Collect$$libshutdown$$0000000E  c_w.l(libshutdown2.o)
    0x08000246   0x08000246   0x00000000   Code   RO        18097    .ARM.Collect$$libshutdown$$00000011  c_w.l(libshutdown2.o)
    0x08000246   0x08000246   0x00000002   Code   RO        18098    .ARM.Collect$$libshutdown$$00000012  c_w.l(libshutdown2.o)
    0x08000248   0x08000248   0x00000000   Code   RO        17846    .ARM.Collect$$rtentry$$00000000  c_w.l(__rtentry.o)
    0x08000248   0x08000248   0x00000000   Code   RO        17998    .ARM.Collect$$rtentry$$00000002  c_w.l(__rtentry2.o)
    0x08000248   0x08000248   0x00000006   Code   RO        18010    .ARM.Collect$$rtentry$$00000004  c_w.l(__rtentry4.o)
    0x0800024e   0x0800024e   0x00000000   Code   RO        18000    .ARM.Collect$$rtentry$$00000009  c_w.l(__rtentry2.o)
    0x0800024e   0x0800024e   0x00000004   Code   RO        18001    .ARM.Collect$$rtentry$$0000000A  c_w.l(__rtentry2.o)
    0x08000252   0x08000252   0x00000000   Code   RO        18003    .ARM.Collect$$rtentry$$0000000C  c_w.l(__rtentry2.o)
    0x08000252   0x08000252   0x00000008   Code   RO        18004    .ARM.Collect$$rtentry$$0000000D  c_w.l(__rtentry2.o)
    0x0800025a   0x0800025a   0x00000002   Code   RO        18069    .ARM.Collect$$rtexit$$00000000  c_w.l(rtexit.o)
    0x0800025c   0x0800025c   0x00000000   Code   RO        18102    .ARM.Collect$$rtexit$$00000002  c_w.l(rtexit2.o)
    0x0800025c   0x0800025c   0x00000004   Code   RO        18103    .ARM.Collect$$rtexit$$00000003  c_w.l(rtexit2.o)
    0x08000260   0x08000260   0x00000006   Code   RO        18104    .ARM.Collect$$rtexit$$00000004  c_w.l(rtexit2.o)
    0x08000266   0x08000266   0x00000002   PAD
    0x08000268   0x08000268   0x000000be   Code   RO         7267    .emb_text           port.o
    0x08000326   0x08000326   0x00000002   PAD
    0x08000328   0x08000328   0x00000040   Code   RO            4    .text               startup_stm32f407xx.o
    0x08000368   0x08000368   0x000000ee   Code   RO        17590    .text               c_w.l(lludivv7m.o)
    0x08000456   0x08000456   0x0000003e   Code   RO        17598    .text               c_w.l(strlen.o)
    0x08000494   0x08000494   0x0000008a   Code   RO        17600    .text               c_w.l(rt_memcpy_v6.o)
    0x0800051e   0x0800051e   0x00000064   Code   RO        17602    .text               c_w.l(rt_memcpy_w.o)
    0x08000582   0x08000582   0x00000010   Code   RO        17606    .text               c_w.l(aeabi_memset.o)
    0x08000592   0x08000592   0x00000044   Code   RO        17608    .text               c_w.l(rt_memclr.o)
    0x080005d6   0x080005d6   0x0000004e   Code   RO        17610    .text               c_w.l(rt_memclr_w.o)
    0x08000624   0x08000624   0x00000006   Code   RO        17612    .text               c_w.l(heapauxi.o)
    0x0800062a   0x0800062a   0x00000016   Code   RO        17876    .text               c_w.l(_rserrno.o)
    0x08000640   0x08000640   0x00000008   Code   RO        17994    .text               c_w.l(libspace.o)
    0x08000648   0x08000648   0x00000008   Code   RO        18017    .text               c_w.l(rt_errno_addr_intlibspace.o)
    0x08000650   0x08000650   0x00000002   Code   RO        18038    .text               c_w.l(use_no_semi.o)
    0x08000652   0x08000652   0x00000000   Code   RO        18040    .text               c_w.l(indicate_semi.o)
    0x08000652   0x08000652   0x0000004a   Code   RO        18041    .text               c_w.l(sys_stackheap_outer.o)
    0x0800069c   0x0800069c   0x00000012   Code   RO        18047    .text               c_w.l(exit.o)
    0x080006ae   0x080006ae   0x00000002   PAD
    0x080006b0   0x080006b0   0x0000000c   Code   RO        18067    .text               c_w.l(sys_exit.o)
    0x080006bc   0x080006bc   0x00000004   Code   RO        10327    i.AHRS_asinf        ahrs_middleware.o
    0x080006c0   0x080006c0   0x00000004   Code   RO        10328    i.AHRS_atan2f       ahrs_middleware.o
    0x080006c4   0x080006c4   0x00000004   Code   RO        10329    i.AHRS_cosf         ahrs_middleware.o
    0x080006c8   0x080006c8   0x0000001a   Code   RO        17439    i.AHRS_fabs         AHRS.lib(ahrs.o)
    0x080006e2   0x080006e2   0x00000002   PAD
    0x080006e4   0x080006e4   0x00000014   Code   RO        10330    i.AHRS_get_height   ahrs_middleware.o
    0x080006f8   0x080006f8   0x0000000e   Code   RO        10331    i.AHRS_get_latitude  ahrs_middleware.o
    0x08000706   0x08000706   0x00000002   PAD
    0x08000708   0x08000708   0x0000029c   Code   RO        17440    i.AHRS_init         AHRS.lib(ahrs.o)
    0x080009a4   0x080009a4   0x00000014   Code   RO        10332    i.AHRS_invSqrt      ahrs_middleware.o
    0x080009b8   0x080009b8   0x00000004   Code   RO        10333    i.AHRS_sinf         ahrs_middleware.o
    0x080009bc   0x080009bc   0x0000013a   Code   RO        17441    i.AHRS_update       AHRS.lib(ahrs.o)
    0x08000af6   0x08000af6   0x00000002   PAD
    0x08000af8   0x08000af8   0x00000168   Code   RO         8845    i.Allocate_Can_Msg  bsp_can_gimbal.o
    0x08000c60   0x08000c60   0x00000010   Code   RO         9611    i.BMI088_ACCEL_NS_H  bmi088middleware.o
    0x08000c70   0x08000c70   0x00000010   Code   RO         9612    i.BMI088_ACCEL_NS_L  bmi088middleware.o
    0x08000c80   0x08000c80   0x00000002   Code   RO         9613    i.BMI088_GPIO_init  bmi088middleware.o
    0x08000c82   0x08000c82   0x00000002   PAD
    0x08000c84   0x08000c84   0x00000010   Code   RO         9614    i.BMI088_GYRO_NS_H  bmi088middleware.o
    0x08000c94   0x08000c94   0x00000010   Code   RO         9615    i.BMI088_GYRO_NS_L  bmi088middleware.o
    0x08000ca4   0x08000ca4   0x00000088   Code   RO         9475    i.BMI088_accel_read_over  bmi088driver.o
    0x08000d2c   0x08000d2c   0x00000002   Code   RO         9616    i.BMI088_com_init   bmi088middleware.o
    0x08000d2e   0x08000d2e   0x00000004   Code   RO         9617    i.BMI088_delay_ms   bmi088middleware.o
    0x08000d32   0x08000d32   0x00000004   Code   RO         9618    i.BMI088_delay_us   bmi088middleware.o
    0x08000d36   0x08000d36   0x00000002   PAD
    0x08000d38   0x08000d38   0x00000060   Code   RO         9476    i.BMI088_gyro_read_over  bmi088driver.o
    0x08000d98   0x08000d98   0x0000002e   Code   RO         9477    i.BMI088_init       bmi088driver.o
    0x08000dc6   0x08000dc6   0x00000002   PAD
    0x08000dc8   0x08000dc8   0x0000015c   Code   RO         9478    i.BMI088_read       bmi088driver.o
    0x08000f24   0x08000f24   0x00000024   Code   RO         9481    i.BMI088_read_muli_reg  bmi088driver.o
    0x08000f48   0x08000f48   0x00000016   Code   RO         9482    i.BMI088_read_single_reg  bmi088driver.o
    0x08000f5e   0x08000f5e   0x00000002   PAD
    0x08000f60   0x08000f60   0x00000020   Code   RO         9619    i.BMI088_read_write_byte  bmi088middleware.o
    0x08000f80   0x08000f80   0x00000030   Code   RO         9483    i.BMI088_temperature_read_over  bmi088driver.o
    0x08000fb0   0x08000fb0   0x00000012   Code   RO         9484    i.BMI088_write_single_reg  bmi088driver.o
    0x08000fc2   0x08000fc2   0x00000002   Code   RO         1255    i.BusFault_Handler  stm32f4xx_it.o
    0x08000fc4   0x08000fc4   0x0000000c   Code   RO         1256    i.CAN1_RX0_IRQHandler  stm32f4xx_it.o
    0x08000fd0   0x08000fd0   0x0000000c   Code   RO         1257    i.CAN1_TX_IRQHandler  stm32f4xx_it.o
    0x08000fdc   0x08000fdc   0x00000050   Code   RO         8083    i.CAN1_Timer_Callback  can_timer_task.o
    0x0800102c   0x0800102c   0x0000000c   Code   RO         1258    i.CAN2_RX0_IRQHandler  stm32f4xx_it.o
    0x08001038   0x08001038   0x00000050   Code   RO         8084    i.CAN2_Timer_Callback  can_timer_task.o
    0x08001088   0x08001088   0x00000008   Code   RO         1112    i.CDC_Control_FS    usbd_cdc_if.o
    0x08001090   0x08001090   0x00000004   Code   RO         1113    i.CDC_DeInit_FS     usbd_cdc_if.o
    0x08001094   0x08001094   0x00000024   Code   RO         1114    i.CDC_Init_FS       usbd_cdc_if.o
    0x080010b8   0x080010b8   0x00000024   Code   RO         1115    i.CDC_Receive_FS    usbd_cdc_if.o
    0x080010dc   0x080010dc   0x0000000a   Code   RO         1116    i.CDC_TransmitCplt_FS  usbd_cdc_if.o
    0x080010e6   0x080010e6   0x00000002   PAD
    0x080010e8   0x080010e8   0x0000002c   Code   RO         1117    i.CDC_Transmit_FS   usbd_cdc_if.o
    0x08001114   0x08001114   0x00000020   Code   RO         9137    i.CRC08_Calculate   crcs.o
    0x08001134   0x08001134   0x0000002c   Code   RO         9138    i.CRC08_Verify      crcs.o
    0x08001160   0x08001160   0x0000002c   Code   RO         9140    i.CRC16_Calculate   crcs.o
    0x0800118c   0x0800118c   0x00000038   Code   RO         9141    i.CRC16_Verify      crcs.o
    0x080011c4   0x080011c4   0x00000020   Code   RO        10234    i.CRC_Calculation   cboard_to_nuc_usbd_communication.o
    0x080011e4   0x080011e4   0x000001f4   Code   RO         8303    i.Calculate_Gimbal_Motor_Target_Current  gimbal_task.o
    0x080013d8   0x080013d8   0x0000000c   Code   RO         8304    i.Call_Gimbal_Mode_Handler  gimbal_task.o
    0x080013e4   0x080013e4   0x00000058   Code   RO         8846    i.Can_Filter_Init   bsp_can_gimbal.o
    0x0800143c   0x0800143c   0x00000130   Code   RO         8847    i.Can_Msg_Init      bsp_can_gimbal.o
    0x0800156c   0x0800156c   0x00000028   Code   RO         8305    i.Check_Big_Yaw_DM_Auto_Enable  gimbal_task.o
    0x08001594   0x08001594   0x00000034   Code   RO         8306    i.Check_Big_Yaw_LostTarget_Wait  gimbal_task.o
    0x080015c8   0x080015c8   0x00000060   Code   RO         8307    i.Check_Pitch_Angle_Limit  gimbal_task.o
    0x08001628   0x08001628   0x00000034   Code   RO         8199    i.Choose_Bullet_Speed_Adjust_Step  shoot_task.o
    0x0800165c   0x0800165c   0x0000003c   Code   RO         8848    i.Create_Can_Send_Queues  bsp_can_gimbal.o
    0x08001698   0x08001698   0x000000bc   Code   RO         8085    i.Create_Can_Send_Timers  can_timer_task.o
    0x08001754   0x08001754   0x000000c4   Code   RO         8849    i.Ctrl_DM_Motor     bsp_can_gimbal.o
    0x08001818   0x08001818   0x0000000c   Code   RO         1259    i.DMA1_Stream1_IRQHandler  stm32f4xx_it.o
    0x08001824   0x08001824   0x0000000c   Code   RO         1260    i.DMA2_Stream1_IRQHandler  stm32f4xx_it.o
    0x08001830   0x08001830   0x00000004   Code   RO         1261    i.DMA2_Stream2_IRQHandler  stm32f4xx_it.o
    0x08001834   0x08001834   0x000004bc   Code   RO         8453    i.DMA2_Stream2_IRQHandler_1  ins_task_mahony.o
    0x08001cf0   0x08001cf0   0x0000000c   Code   RO         1262    i.DMA2_Stream3_IRQHandler  stm32f4xx_it.o
    0x08001cfc   0x08001cfc   0x0000000c   Code   RO         1263    i.DMA2_Stream5_IRQHandler  stm32f4xx_it.o
    0x08001d08   0x08001d08   0x0000000c   Code   RO         1264    i.DMA2_Stream6_IRQHandler  stm32f4xx_it.o
    0x08001d14   0x08001d14   0x0000000c   Code   RO         1265    i.DMA2_Stream7_IRQHandler  stm32f4xx_it.o
    0x08001d20   0x08001d20   0x0000002c   Code   RO         3594    i.DMA_CalcBaseAndBitshift  stm32f4xx_hal_dma.o
    0x08001d4c   0x08001d4c   0x00000078   Code   RO         3595    i.DMA_CheckFifoParam  stm32f4xx_hal_dma.o
    0x08001dc4   0x08001dc4   0x0000002a   Code   RO         3596    i.DMA_SetConfig     stm32f4xx_hal_dma.o
    0x08001dee   0x08001dee   0x00000004   Code   RO         8086    i.DM_IMU_Timer_Callback  can_timer_task.o
    0x08001df2   0x08001df2   0x00000002   Code   RO         1266    i.DebugMon_Handler  stm32f4xx_it.o
    0x08001df4   0x08001df4   0x00000154   Code   RO         8200    i.Dial_Motor_Control  shoot_task.o
    0x08001f48   0x08001f48   0x000000c0   Code   RO         8201    i.Dial_Speed_Set    shoot_task.o
    0x08002008   0x08002008   0x00000006   Code   RO         1267    i.EXTI0_IRQHandler  stm32f4xx_it.o
    0x0800200e   0x0800200e   0x00000006   Code   RO         1268    i.EXTI3_IRQHandler  stm32f4xx_it.o
    0x08002014   0x08002014   0x00000006   Code   RO         1269    i.EXTI4_IRQHandler  stm32f4xx_it.o
    0x0800201a   0x0800201a   0x00000006   Code   RO         1270    i.EXTI9_5_IRQHandler  stm32f4xx_it.o
    0x08002020   0x08002020   0x00000004   Code   RO           13    i.Error_Handler     main.o
    0x08002024   0x08002024   0x00000058   Code   RO         8308    i.Find_Yaw_Min_Angle  gimbal_task.o
    0x0800207c   0x0800207c   0x0000009c   Code   RO         8202    i.Fric_Motor_Current_Control  shoot_task.o
    0x08002118   0x08002118   0x000000bc   Code   RO         8203    i.Fric_Motor_Speed_Control  shoot_task.o
    0x080021d4   0x080021d4   0x00000038   Code   RO         8204    i.Fric_Ready_Update  shoot_task.o
    0x0800220c   0x0800220c   0x0000003c   Code   RO         8205    i.Fric_Start_Update  shoot_task.o
    0x08002248   0x08002248   0x000001c4   Code   RO         8206    i.Get_Current_Heat  shoot_task.o
    0x0800240c   0x0800240c   0x00000038   Code   RO         1012    i.Get_SerialNum     usbd_desc.o
    0x08002444   0x08002444   0x00000150   Code   RO         8309    i.Gimbal_Data_Update  gimbal_task.o
    0x08002594   0x08002594   0x000000ac   Code   RO         8310    i.Gimbal_Mode_Update  gimbal_task.o
    0x08002640   0x08002640   0x00000180   Code   RO         8311    i.Gimbal_Motor_Control_Init  gimbal_task.o
    0x080027c0   0x080027c0   0x000000a0   Code   RO         8312    i.Gimbal_Task       gimbal_task.o
    0x08002860   0x08002860   0x00000024   Code   RO         4286    i.HAL_CAN_ActivateNotification  stm32f4xx_hal_can.o
    0x08002884   0x08002884   0x000000e2   Code   RO         4287    i.HAL_CAN_AddTxMessage  stm32f4xx_hal_can.o
    0x08002966   0x08002966   0x00000002   PAD
    0x08002968   0x08002968   0x00000110   Code   RO         4288    i.HAL_CAN_ConfigFilter  stm32f4xx_hal_can.o
    0x08002a78   0x08002a78   0x00000002   Code   RO         4291    i.HAL_CAN_ErrorCallback  stm32f4xx_hal_can.o
    0x08002a7a   0x08002a7a   0x00000112   Code   RO         4294    i.HAL_CAN_GetRxMessage  stm32f4xx_hal_can.o
    0x08002b8c   0x08002b8c   0x000001fc   Code   RO         4298    i.HAL_CAN_IRQHandler  stm32f4xx_hal_can.o
    0x08002d88   0x08002d88   0x00000152   Code   RO         4299    i.HAL_CAN_Init      stm32f4xx_hal_can.o
    0x08002eda   0x08002eda   0x00000002   PAD
    0x08002edc   0x08002edc   0x00000110   Code   RO          445    i.HAL_CAN_MspInit   can.o
    0x08002fec   0x08002fec   0x00000002   Code   RO         4306    i.HAL_CAN_RxFifo0FullCallback  stm32f4xx_hal_can.o
    0x08002fee   0x08002fee   0x00000002   PAD
    0x08002ff0   0x08002ff0   0x00000240   Code   RO         8850    i.HAL_CAN_RxFifo0MsgPendingCallback  bsp_can_gimbal.o
    0x08003230   0x08003230   0x00000002   Code   RO         4308    i.HAL_CAN_RxFifo1FullCallback  stm32f4xx_hal_can.o
    0x08003232   0x08003232   0x00000002   Code   RO         4309    i.HAL_CAN_RxFifo1MsgPendingCallback  stm32f4xx_hal_can.o
    0x08003234   0x08003234   0x00000002   Code   RO         4310    i.HAL_CAN_SleepCallback  stm32f4xx_hal_can.o
    0x08003236   0x08003236   0x00000058   Code   RO         4311    i.HAL_CAN_Start     stm32f4xx_hal_can.o
    0x0800328e   0x0800328e   0x00000002   Code   RO         4313    i.HAL_CAN_TxMailbox0AbortCallback  stm32f4xx_hal_can.o
    0x08003290   0x08003290   0x00000002   Code   RO         4314    i.HAL_CAN_TxMailbox0CompleteCallback  stm32f4xx_hal_can.o
    0x08003292   0x08003292   0x00000002   Code   RO         4315    i.HAL_CAN_TxMailbox1AbortCallback  stm32f4xx_hal_can.o
    0x08003294   0x08003294   0x00000002   Code   RO         4316    i.HAL_CAN_TxMailbox1CompleteCallback  stm32f4xx_hal_can.o
    0x08003296   0x08003296   0x00000002   Code   RO         4317    i.HAL_CAN_TxMailbox2AbortCallback  stm32f4xx_hal_can.o
    0x08003298   0x08003298   0x00000002   Code   RO         4318    i.HAL_CAN_TxMailbox2CompleteCallback  stm32f4xx_hal_can.o
    0x0800329a   0x0800329a   0x00000002   Code   RO         4320    i.HAL_CAN_WakeUpFromRxMsgCallback  stm32f4xx_hal_can.o
    0x0800329c   0x0800329c   0x00000024   Code   RO         4523    i.HAL_CRC_Init      stm32f4xx_hal_crc.o
    0x080032c0   0x080032c0   0x00000028   Code   RO          494    i.HAL_CRC_MspInit   crc.o
    0x080032e8   0x080032e8   0x0000008e   Code   RO         3597    i.HAL_DMA_Abort     stm32f4xx_hal_dma.o
    0x08003376   0x08003376   0x00000024   Code   RO         3598    i.HAL_DMA_Abort_IT  stm32f4xx_hal_dma.o
    0x0800339a   0x0800339a   0x00000002   PAD
    0x0800339c   0x0800339c   0x000001d0   Code   RO         3602    i.HAL_DMA_IRQHandler  stm32f4xx_hal_dma.o
    0x0800356c   0x0800356c   0x000000d4   Code   RO         3603    i.HAL_DMA_Init      stm32f4xx_hal_dma.o
    0x08003640   0x08003640   0x0000006e   Code   RO         3607    i.HAL_DMA_Start_IT  stm32f4xx_hal_dma.o
    0x080036ae   0x080036ae   0x00000002   PAD
    0x080036b0   0x080036b0   0x00000024   Code   RO         4034    i.HAL_Delay         stm32f4xx_hal.o
    0x080036d4   0x080036d4   0x00000094   Code   RO         8454    i.HAL_GPIO_EXTI_Callback  ins_task_mahony.o
    0x08003768   0x08003768   0x00000018   Code   RO         3489    i.HAL_GPIO_EXTI_IRQHandler  stm32f4xx_hal_gpio.o
    0x08003780   0x08003780   0x000001d0   Code   RO         3490    i.HAL_GPIO_Init     stm32f4xx_hal_gpio.o
    0x08003950   0x08003950   0x00000010   Code   RO         3493    i.HAL_GPIO_TogglePin  stm32f4xx_hal_gpio.o
    0x08003960   0x08003960   0x0000000e   Code   RO         3494    i.HAL_GPIO_WritePin  stm32f4xx_hal_gpio.o
    0x0800396e   0x0800396e   0x00000002   PAD
    0x08003970   0x08003970   0x0000000c   Code   RO         4040    i.HAL_GetTick       stm32f4xx_hal.o
    0x0800397c   0x0800397c   0x00000198   Code   RO         4590    i.HAL_I2C_Init      stm32f4xx_hal_i2c.o
    0x08003b14   0x08003b14   0x0000029c   Code   RO         4608    i.HAL_I2C_Mem_Read  stm32f4xx_hal_i2c.o
    0x08003db0   0x08003db0   0x00000144   Code   RO         4611    i.HAL_I2C_Mem_Write  stm32f4xx_hal_i2c.o
    0x08003ef4   0x08003ef4   0x00000094   Code   RO          560    i.HAL_I2C_MspInit   i2c.o
    0x08003f88   0x08003f88   0x00000010   Code   RO         4046    i.HAL_IncTick       stm32f4xx_hal.o
    0x08003f98   0x08003f98   0x00000034   Code   RO         4047    i.HAL_Init          stm32f4xx_hal.o
    0x08003fcc   0x08003fcc   0x00000098   Code   RO         1471    i.HAL_InitTick      stm32f4xx_hal_timebase_tim.o
    0x08004064   0x08004064   0x00000038   Code   RO         1447    i.HAL_MspInit       stm32f4xx_hal_msp.o
    0x0800409c   0x0800409c   0x0000001a   Code   RO         3882    i.HAL_NVIC_EnableIRQ  stm32f4xx_hal_cortex.o
    0x080040b6   0x080040b6   0x00000002   PAD
    0x080040b8   0x080040b8   0x00000040   Code   RO         3888    i.HAL_NVIC_SetPriority  stm32f4xx_hal_cortex.o
    0x080040f8   0x080040f8   0x00000024   Code   RO         3889    i.HAL_NVIC_SetPriorityGrouping  stm32f4xx_hal_cortex.o
    0x0800411c   0x0800411c   0x00000002   Code   RO         2738    i.HAL_PCDEx_LPM_Callback  stm32f4xx_hal_pcd_ex.o
    0x0800411e   0x0800411e   0x00000008   Code   RO         2739    i.HAL_PCDEx_SetRxFiFo  stm32f4xx_hal_pcd_ex.o
    0x08004126   0x08004126   0x00000042   Code   RO         2740    i.HAL_PCDEx_SetTxFiFo  stm32f4xx_hal_pcd_ex.o
    0x08004168   0x08004168   0x00000008   Code   RO          805    i.HAL_PCD_ConnectCallback  usbd_conf.o
    0x08004170   0x08004170   0x00000012   Code   RO          806    i.HAL_PCD_DataInStageCallback  usbd_conf.o
    0x08004182   0x08004182   0x00000014   Code   RO          807    i.HAL_PCD_DataOutStageCallback  usbd_conf.o
    0x08004196   0x08004196   0x00000008   Code   RO          808    i.HAL_PCD_DisconnectCallback  usbd_conf.o
    0x0800419e   0x0800419e   0x0000001e   Code   RO         2503    i.HAL_PCD_EP_Abort  stm32f4xx_hal_pcd.o
    0x080041bc   0x080041bc   0x00000048   Code   RO         2504    i.HAL_PCD_EP_Close  stm32f4xx_hal_pcd.o
    0x08004204   0x08004204   0x00000058   Code   RO         2505    i.HAL_PCD_EP_ClrStall  stm32f4xx_hal_pcd.o
    0x0800425c   0x0800425c   0x00000012   Code   RO         2507    i.HAL_PCD_EP_GetRxCount  stm32f4xx_hal_pcd.o
    0x0800426e   0x0800426e   0x00000060   Code   RO         2508    i.HAL_PCD_EP_Open   stm32f4xx_hal_pcd.o
    0x080042ce   0x080042ce   0x00000032   Code   RO         2509    i.HAL_PCD_EP_Receive  stm32f4xx_hal_pcd.o
    0x08004300   0x08004300   0x00000070   Code   RO         2510    i.HAL_PCD_EP_SetStall  stm32f4xx_hal_pcd.o
    0x08004370   0x08004370   0x00000032   Code   RO         2511    i.HAL_PCD_EP_Transmit  stm32f4xx_hal_pcd.o
    0x080043a2   0x080043a2   0x00000508   Code   RO         2513    i.HAL_PCD_IRQHandler  stm32f4xx_hal_pcd.o
    0x080048aa   0x080048aa   0x00000008   Code   RO          809    i.HAL_PCD_ISOINIncompleteCallback  usbd_conf.o
    0x080048b2   0x080048b2   0x00000008   Code   RO          810    i.HAL_PCD_ISOOUTIncompleteCallback  usbd_conf.o
    0x080048ba   0x080048ba   0x000000d6   Code   RO         2516    i.HAL_PCD_Init      stm32f4xx_hal_pcd.o
    0x08004990   0x08004990   0x00000084   Code   RO          812    i.HAL_PCD_MspInit   usbd_conf.o
    0x08004a14   0x08004a14   0x0000002e   Code   RO          813    i.HAL_PCD_ResetCallback  usbd_conf.o
    0x08004a42   0x08004a42   0x00000008   Code   RO          814    i.HAL_PCD_ResumeCallback  usbd_conf.o
    0x08004a4a   0x08004a4a   0x00000008   Code   RO          815    i.HAL_PCD_SOFCallback  usbd_conf.o
    0x08004a52   0x08004a52   0x00000026   Code   RO         2522    i.HAL_PCD_SetAddress  stm32f4xx_hal_pcd.o
    0x08004a78   0x08004a78   0x0000000e   Code   RO          816    i.HAL_PCD_SetupStageCallback  usbd_conf.o
    0x08004a86   0x08004a86   0x00000042   Code   RO         2525    i.HAL_PCD_Start     stm32f4xx_hal_pcd.o
    0x08004ac8   0x08004ac8   0x00000030   Code   RO          817    i.HAL_PCD_SuspendCallback  usbd_conf.o
    0x08004af8   0x08004af8   0x0000014c   Code   RO         3091    i.HAL_RCC_ClockConfig  stm32f4xx_hal_rcc.o
    0x08004c44   0x08004c44   0x0000003c   Code   RO         3095    i.HAL_RCC_GetClockConfig  stm32f4xx_hal_rcc.o
    0x08004c80   0x08004c80   0x0000000c   Code   RO         3096    i.HAL_RCC_GetHCLKFreq  stm32f4xx_hal_rcc.o
    0x08004c8c   0x08004c8c   0x00000020   Code   RO         3098    i.HAL_RCC_GetPCLK1Freq  stm32f4xx_hal_rcc.o
    0x08004cac   0x08004cac   0x00000020   Code   RO         3099    i.HAL_RCC_GetPCLK2Freq  stm32f4xx_hal_rcc.o
    0x08004ccc   0x08004ccc   0x0000006c   Code   RO         3100    i.HAL_RCC_GetSysClockFreq  stm32f4xx_hal_rcc.o
    0x08004d38   0x08004d38   0x000003c0   Code   RO         3103    i.HAL_RCC_OscConfig  stm32f4xx_hal_rcc.o
    0x080050f8   0x080050f8   0x000000be   Code   RO         5085    i.HAL_SPI_Init      stm32f4xx_hal_spi.o
    0x080051b6   0x080051b6   0x00000002   PAD
    0x080051b8   0x080051b8   0x00000110   Code   RO          602    i.HAL_SPI_MspInit   spi.o
    0x080052c8   0x080052c8   0x000001fa   Code   RO         5094    i.HAL_SPI_TransmitReceive  stm32f4xx_hal_spi.o
    0x080054c2   0x080054c2   0x00000002   Code   RO         2227    i.HAL_TIMEx_BreakCallback  stm32f4xx_hal_tim_ex.o
    0x080054c4   0x080054c4   0x00000002   Code   RO         2228    i.HAL_TIMEx_CommutCallback  stm32f4xx_hal_tim_ex.o
    0x080054c6   0x080054c6   0x00000054   Code   RO         2230    i.HAL_TIMEx_ConfigBreakDeadTime  stm32f4xx_hal_tim_ex.o
    0x0800551a   0x0800551a   0x00000002   PAD
    0x0800551c   0x0800551c   0x00000090   Code   RO         2246    i.HAL_TIMEx_MasterConfigSynchronization  stm32f4xx_hal_tim_ex.o
    0x080055ac   0x080055ac   0x0000004a   Code   RO         1512    i.HAL_TIM_Base_Init  stm32f4xx_hal_tim.o
    0x080055f6   0x080055f6   0x00000002   PAD
    0x080055f8   0x080055f8   0x00000088   Code   RO          644    i.HAL_TIM_Base_MspInit  tim.o
    0x08005680   0x08005680   0x0000008c   Code   RO         1517    i.HAL_TIM_Base_Start_IT  stm32f4xx_hal_tim.o
    0x0800570c   0x0800570c   0x000000e8   Code   RO         1521    i.HAL_TIM_ConfigClockSource  stm32f4xx_hal_tim.o
    0x080057f4   0x080057f4   0x00000002   Code   RO         1546    i.HAL_TIM_IC_CaptureCallback  stm32f4xx_hal_tim.o
    0x080057f6   0x080057f6   0x00000138   Code   RO         1560    i.HAL_TIM_IRQHandler  stm32f4xx_hal_tim.o
    0x0800592e   0x0800592e   0x00000002   PAD
    0x08005930   0x08005930   0x000000d8   Code   RO          645    i.HAL_TIM_MspPostInit  tim.o
    0x08005a08   0x08005a08   0x00000002   Code   RO         1563    i.HAL_TIM_OC_DelayElapsedCallback  stm32f4xx_hal_tim.o
    0x08005a0a   0x08005a0a   0x000000d8   Code   RO         1584    i.HAL_TIM_PWM_ConfigChannel  stm32f4xx_hal_tim.o
    0x08005ae2   0x08005ae2   0x0000004a   Code   RO         1587    i.HAL_TIM_PWM_Init  stm32f4xx_hal_tim.o
    0x08005b2c   0x08005b2c   0x00000002   Code   RO         1589    i.HAL_TIM_PWM_MspInit  stm32f4xx_hal_tim.o
    0x08005b2e   0x08005b2e   0x00000002   Code   RO         1590    i.HAL_TIM_PWM_PulseFinishedCallback  stm32f4xx_hal_tim.o
    0x08005b30   0x08005b30   0x000000dc   Code   RO         1592    i.HAL_TIM_PWM_Start  stm32f4xx_hal_tim.o
    0x08005c0c   0x08005c0c   0x0000000e   Code   RO           14    i.HAL_TIM_PeriodElapsedCallback  main.o
    0x08005c1a   0x08005c1a   0x00000002   Code   RO         1603    i.HAL_TIM_TriggerCallback  stm32f4xx_hal_tim.o
    0x08005c1c   0x08005c1c   0x00000002   Code   RO         5408    i.HAL_UARTEx_RxEventCallback  stm32f4xx_hal_uart.o
    0x08005c1e   0x08005c1e   0x00000002   Code   RO         5422    i.HAL_UART_ErrorCallback  stm32f4xx_hal_uart.o
    0x08005c20   0x08005c20   0x00000230   Code   RO         5425    i.HAL_UART_IRQHandler  stm32f4xx_hal_uart.o
    0x08005e50   0x08005e50   0x00000066   Code   RO         5426    i.HAL_UART_Init     stm32f4xx_hal_uart.o
    0x08005eb6   0x08005eb6   0x00000002   PAD
    0x08005eb8   0x08005eb8   0x00000280   Code   RO          704    i.HAL_UART_MspInit  usart.o
    0x08006138   0x08006138   0x00000002   Code   RO         5432    i.HAL_UART_RxCpltCallback  stm32f4xx_hal_uart.o
    0x0800613a   0x0800613a   0x00000002   PAD
    0x0800613c   0x0800613c   0x0000007c   Code   RO         5435    i.HAL_UART_Transmit_DMA  stm32f4xx_hal_uart.o
    0x080061b8   0x080061b8   0x00000002   Code   RO         5437    i.HAL_UART_TxCpltCallback  stm32f4xx_hal_uart.o
    0x080061ba   0x080061ba   0x00000002   Code   RO         5438    i.HAL_UART_TxHalfCpltCallback  stm32f4xx_hal_uart.o
    0x080061bc   0x080061bc   0x00000002   Code   RO         1271    i.HardFault_Handler  stm32f4xx_it.o
    0x080061be   0x080061be   0x00000002   PAD
    0x080061c0   0x080061c0   0x00000068   Code   RO         8150    i.Health_State_Update  send_chassis_task.o
    0x08006228   0x08006228   0x0000002e   Code   RO         4634    i.I2C_IsAcknowledgeFailed  stm32f4xx_hal_i2c.o
    0x08006256   0x08006256   0x00000002   PAD
    0x08006258   0x08006258   0x00000140   Code   RO         4645    i.I2C_RequestMemoryRead  stm32f4xx_hal_i2c.o
    0x08006398   0x08006398   0x000000c4   Code   RO         4646    i.I2C_RequestMemoryWrite  stm32f4xx_hal_i2c.o
    0x0800645c   0x0800645c   0x00000058   Code   RO         4654    i.I2C_WaitOnBTFFlagUntilTimeout  stm32f4xx_hal_i2c.o
    0x080064b4   0x080064b4   0x000000ac   Code   RO         4655    i.I2C_WaitOnFlagUntilTimeout  stm32f4xx_hal_i2c.o
    0x08006560   0x08006560   0x000000c8   Code   RO         4656    i.I2C_WaitOnMasterAddressFlagUntilTimeout  stm32f4xx_hal_i2c.o
    0x08006628   0x08006628   0x00000076   Code   RO         4657    i.I2C_WaitOnRXNEFlagUntilTimeout  stm32f4xx_hal_i2c.o
    0x0800669e   0x0800669e   0x00000058   Code   RO         4660    i.I2C_WaitOnTXEFlagUntilTimeout  stm32f4xx_hal_i2c.o
    0x080066f6   0x080066f6   0x00000002   PAD
    0x080066f8   0x080066f8   0x00000078   Code   RO         8963    i.IMU_UpdateAccel   bsp_dmimu.o
    0x08006770   0x08006770   0x00000024   Code   RO         8964    i.IMU_UpdateData    bsp_dmimu.o
    0x08006794   0x08006794   0x00000088   Code   RO         8965    i.IMU_UpdateEuler   bsp_dmimu.o
    0x0800681c   0x0800681c   0x00000078   Code   RO         8966    i.IMU_UpdateGyro    bsp_dmimu.o
    0x08006894   0x08006894   0x00000098   Code   RO         8967    i.IMU_UpdateQuaternion  bsp_dmimu.o
    0x0800692c   0x0800692c   0x000002dc   Code   RO         8455    i.INS_Task          ins_task_mahony.o
    0x08006c08   0x08006c08   0x0000003a   Code   RO         1013    i.IntToUnicode      usbd_desc.o
    0x08006c42   0x08006c42   0x00000002   PAD
    0x08006c44   0x08006c44   0x00000024   Code   RO         8011    i.LED_Task          led_task.o
    0x08006c68   0x08006c68   0x00000044   Code   RO          446    i.MX_CAN1_Init      can.o
    0x08006cac   0x08006cac   0x00000044   Code   RO          447    i.MX_CAN2_Init      can.o
    0x08006cf0   0x08006cf0   0x00000024   Code   RO          495    i.MX_CRC_Init       crc.o
    0x08006d14   0x08006d14   0x0000009c   Code   RO          535    i.MX_DMA_Init       dma.o
    0x08006db0   0x08006db0   0x000000ac   Code   RO          352    i.MX_FREERTOS_Init  freertos.o
    0x08006e5c   0x08006e5c   0x00000218   Code   RO          318    i.MX_GPIO_Init      gpio.o
    0x08007074   0x08007074   0x00000040   Code   RO          561    i.MX_I2C3_Init      i2c.o
    0x080070b4   0x080070b4   0x00000048   Code   RO          603    i.MX_SPI1_Init      spi.o
    0x080070fc   0x080070fc   0x00000064   Code   RO          646    i.MX_TIM10_Init     tim.o
    0x08007160   0x08007160   0x000000f8   Code   RO          647    i.MX_TIM1_Init      tim.o
    0x08007258   0x08007258   0x00000098   Code   RO          648    i.MX_TIM4_Init      tim.o
    0x080072f0   0x080072f0   0x00000038   Code   RO          705    i.MX_USART1_UART_Init  usart.o
    0x08007328   0x08007328   0x0000003c   Code   RO          706    i.MX_USART3_UART_Init  usart.o
    0x08007364   0x08007364   0x00000038   Code   RO          707    i.MX_USART6_UART_Init  usart.o
    0x0800739c   0x0800739c   0x00000054   Code   RO          757    i.MX_USB_DEVICE_Init  usb_device.o
    0x080073f0   0x080073f0   0x00000002   Code   RO         1272    i.MemManage_Handler  stm32f4xx_it.o
    0x080073f2   0x080073f2   0x00000002   Code   RO         1273    i.NMI_Handler       stm32f4xx_it.o
    0x080073f4   0x080073f4   0x00000020   Code   RO         7778    i.NUC_Data_Solve_Lost  detect_task.o
    0x08007414   0x08007414   0x0000001c   Code   RO        10235    i.NUC_Data_Unpack   cboard_to_nuc_usbd_communication.o
    0x08007430   0x08007430   0x00000200   Code   RO        10236    i.NUC_USBD_Tx       cboard_to_nuc_usbd_communication.o
    0x08007630   0x08007630   0x0000000c   Code   RO         1274    i.OTG_FS_IRQHandler  stm32f4xx_it.o
    0x0800763c   0x0800763c   0x00000048   Code   RO         2529    i.PCD_EP_OutSetupPacket_int  stm32f4xx_hal_pcd.o
    0x08007684   0x08007684   0x000000e4   Code   RO         2530    i.PCD_EP_OutXfrComplete_int  stm32f4xx_hal_pcd.o
    0x08007768   0x08007768   0x0000009c   Code   RO         2531    i.PCD_WriteEmptyTxFifo  stm32f4xx_hal_pcd.o
    0x08007804   0x08007804   0x00000164   Code   RO         9825    i.PID_calc          pid.o
    0x08007968   0x08007968   0x00000040   Code   RO         9826    i.PID_clear         pid.o
    0x080079a8   0x080079a8   0x0000005c   Code   RO         9827    i.PID_init          pid.o
    0x08007a04   0x08007a04   0x0000002c   Code   RO         8313    i.Pitch_Gravity_Compensation  gimbal_task.o
    0x08007a30   0x08007a30   0x00000058   Code   RO        10237    i.Process_Transmit_Complete  cboard_to_nuc_usbd_communication.o
    0x08007a88   0x08007a88   0x0000006c   Code   RO         8725    i.RC_Init           bsp_rc.o
    0x08007af4   0x08007af4   0x000000c0   Code   RO         8038    i.Referee_IRQHandler  referee_usart_task.o
    0x08007bb4   0x08007bb4   0x00000184   Code   RO        10086    i.Referee_SolveFifoData  referee.o
    0x08007d38   0x08007d38   0x000000a4   Code   RO        10087    i.Referee_StructInit  referee.o
    0x08007ddc   0x08007ddc   0x000000d0   Code   RO         8799    i.Referee_USART6_Init  bsp_usart.o
    0x08007eac   0x08007eac   0x00000128   Code   RO        10088    i.Referee_UnpackFifoData  referee.o
    0x08007fd4   0x08007fd4   0x000000d0   Code   RO         9965    i.Remote_Control_UART_IRQHandler  remote_control.o
    0x080080a4   0x080080a4   0x0000184c   Code   RO         8765    i.SPI1_DMA_enable   bsp_spi.o
    0x080098f0   0x080098f0   0x0000010c   Code   RO         8766    i.SPI1_DMA_init     bsp_spi.o
    0x080099fc   0x080099fc   0x0000007c   Code   RO         5123    i.SPI_EndRxTxTransaction  stm32f4xx_hal_spi.o
    0x08009a78   0x08009a78   0x000000bc   Code   RO         5128    i.SPI_WaitFlagStateUntilTimeout  stm32f4xx_hal_spi.o
    0x08009b34   0x08009b34   0x0000000a   Code   RO         7509    i.SWAPBYTE          usbd_ctlreq.o
    0x08009b3e   0x08009b3e   0x00000002   PAD
    0x08009b40   0x08009b40   0x000001b8   Code   RO         8151    i.Send_Chassis_Task  send_chassis_task.o
    0x08009cf8   0x08009cf8   0x00000034   Code   RO        10238    i.Send_To_NUC       cboard_to_nuc_usbd_communication.o
    0x08009d2c   0x08009d2c   0x00000078   Code   RO        10089    i.Sentry_PushUp_Cmd_Change_Mode  referee.o
    0x08009da4   0x08009da4   0x00000070   Code   RO        10090    i.Sentry_PushUp_Cmd_Ensure_Revive  referee.o
    0x08009e14   0x08009e14   0x0000004c   Code   RO         8314    i.Set_Big_Yaw_Seek_Enemy_Angle  gimbal_task.o
    0x08009e60   0x08009e60   0x00000094   Code   RO         8315    i.Set_Pitch_Seek_Enemy_Angle  gimbal_task.o
    0x08009ef4   0x08009ef4   0x00000074   Code   RO         8316    i.Set_Small_Yaw_Seek_Enemy_Angle  gimbal_task.o
    0x08009f68   0x08009f68   0x00000030   Code   RO         8207    i.Shoot_Bullet_Update  shoot_task.o
    0x08009f98   0x08009f98   0x00000088   Code   RO         8208    i.Shoot_Motor_Data_Update  shoot_task.o
    0x0800a020   0x0800a020   0x00000088   Code   RO         8209    i.Shoot_Motor_Pid_Init  shoot_task.o
    0x0800a0a8   0x0800a0a8   0x0000008c   Code   RO         8210    i.Shoot_Task        shoot_task.o
    0x0800a134   0x0800a134   0x0000002c   Code   RO         7268    i.SysTick_Handler   port.o
    0x0800a160   0x0800a160   0x00000094   Code   RO           15    i.SystemClock_Config  main.o
    0x0800a1f4   0x0800a1f4   0x00000010   Code   RO         5770    i.SystemInit        system_stm32f4xx.o
    0x0800a204   0x0800a204   0x0000001c   Code   RO         1275    i.TIM1_UP_TIM10_IRQHandler  stm32f4xx_it.o
    0x0800a220   0x0800a220   0x0000000c   Code   RO         1276    i.TIM2_IRQHandler   stm32f4xx_it.o
    0x0800a22c   0x0800a22c   0x000000dc   Code   RO         1605    i.TIM_Base_SetConfig  stm32f4xx_hal_tim.o
    0x0800a308   0x0800a308   0x0000001a   Code   RO         1606    i.TIM_CCxChannelCmd  stm32f4xx_hal_tim.o
    0x0800a322   0x0800a322   0x00000014   Code   RO         1616    i.TIM_ETR_SetConfig  stm32f4xx_hal_tim.o
    0x0800a336   0x0800a336   0x00000010   Code   RO         1617    i.TIM_ITRx_SetConfig  stm32f4xx_hal_tim.o
    0x0800a346   0x0800a346   0x00000002   PAD
    0x0800a348   0x0800a348   0x00000068   Code   RO         1618    i.TIM_OC1_SetConfig  stm32f4xx_hal_tim.o
    0x0800a3b0   0x0800a3b0   0x00000074   Code   RO         1619    i.TIM_OC2_SetConfig  stm32f4xx_hal_tim.o
    0x0800a424   0x0800a424   0x00000070   Code   RO         1620    i.TIM_OC3_SetConfig  stm32f4xx_hal_tim.o
    0x0800a494   0x0800a494   0x00000054   Code   RO         1621    i.TIM_OC4_SetConfig  stm32f4xx_hal_tim.o
    0x0800a4e8   0x0800a4e8   0x00000022   Code   RO         1623    i.TIM_TI1_ConfigInputStage  stm32f4xx_hal_tim.o
    0x0800a50a   0x0800a50a   0x00000024   Code   RO         1625    i.TIM_TI2_ConfigInputStage  stm32f4xx_hal_tim.o
    0x0800a52e   0x0800a52e   0x00000010   Code   RO         5439    i.UART_DMAAbortOnError  stm32f4xx_hal_uart.o
    0x0800a53e   0x0800a53e   0x0000004a   Code   RO         5440    i.UART_DMAError     stm32f4xx_hal_uart.o
    0x0800a588   0x0800a588   0x00000042   Code   RO         5445    i.UART_DMATransmitCplt  stm32f4xx_hal_uart.o
    0x0800a5ca   0x0800a5ca   0x0000000a   Code   RO         5447    i.UART_DMATxHalfCplt  stm32f4xx_hal_uart.o
    0x0800a5d4   0x0800a5d4   0x0000004e   Code   RO         5449    i.UART_EndRxTransfer  stm32f4xx_hal_uart.o
    0x0800a622   0x0800a622   0x0000001a   Code   RO         5450    i.UART_EndTransmit_IT  stm32f4xx_hal_uart.o
    0x0800a63c   0x0800a63c   0x0000001c   Code   RO         5451    i.UART_EndTxTransfer  stm32f4xx_hal_uart.o
    0x0800a658   0x0800a658   0x000000c8   Code   RO         5452    i.UART_Receive_IT   stm32f4xx_hal_uart.o
    0x0800a720   0x0800a720   0x00000114   Code   RO         5453    i.UART_SetConfig    stm32f4xx_hal_uart.o
    0x0800a834   0x0800a834   0x0000005e   Code   RO         5456    i.UART_Transmit_IT  stm32f4xx_hal_uart.o
    0x0800a892   0x0800a892   0x00000002   PAD
    0x0800a894   0x0800a894   0x0000000c   Code   RO         1277    i.USART1_IRQHandler  stm32f4xx_it.o
    0x0800a8a0   0x0800a8a0   0x00000004   Code   RO         1278    i.USART3_IRQHandler  stm32f4xx_it.o
    0x0800a8a4   0x0800a8a4   0x00000004   Code   RO         1279    i.USART6_IRQHandler  stm32f4xx_it.o
    0x0800a8a8   0x0800a8a8   0x00000078   Code   RO         7672    i.USBD_CDC_DataIn   usbd_cdc.o
    0x0800a920   0x0800a920   0x0000003e   Code   RO         7673    i.USBD_CDC_DataOut  usbd_cdc.o
    0x0800a95e   0x0800a95e   0x00000002   PAD
    0x0800a960   0x0800a960   0x00000094   Code   RO         7674    i.USBD_CDC_DeInit   usbd_cdc.o
    0x0800a9f4   0x0800a9f4   0x00000038   Code   RO         7675    i.USBD_CDC_EP0_RxReady  usbd_cdc.o
    0x0800aa2c   0x0800aa2c   0x0000000c   Code   RO         7676    i.USBD_CDC_GetDeviceQualifierDescriptor  usbd_cdc.o
    0x0800aa38   0x0800aa38   0x0000003c   Code   RO         7677    i.USBD_CDC_GetFSCfgDesc  usbd_cdc.o
    0x0800aa74   0x0800aa74   0x00000040   Code   RO         7678    i.USBD_CDC_GetHSCfgDesc  usbd_cdc.o
    0x0800aab4   0x0800aab4   0x0000003c   Code   RO         7679    i.USBD_CDC_GetOtherSpeedCfgDesc  usbd_cdc.o
    0x0800aaf0   0x0800aaf0   0x0000015c   Code   RO         7680    i.USBD_CDC_Init     usbd_cdc.o
    0x0800ac4c   0x0800ac4c   0x00000040   Code   RO         7681    i.USBD_CDC_ReceivePacket  usbd_cdc.o
    0x0800ac8c   0x0800ac8c   0x00000018   Code   RO         7682    i.USBD_CDC_RegisterInterface  usbd_cdc.o
    0x0800aca4   0x0800aca4   0x0000001c   Code   RO         7683    i.USBD_CDC_SetRxBuffer  usbd_cdc.o
    0x0800acc0   0x0800acc0   0x00000020   Code   RO         7684    i.USBD_CDC_SetTxBuffer  usbd_cdc.o
    0x0800ace0   0x0800ace0   0x0000010a   Code   RO         7685    i.USBD_CDC_Setup    usbd_cdc.o
    0x0800adea   0x0800adea   0x00000002   PAD
    0x0800adec   0x0800adec   0x00000050   Code   RO         7686    i.USBD_CDC_TransmitPacket  usbd_cdc.o
    0x0800ae3c   0x0800ae3c   0x00000014   Code   RO         7347    i.USBD_ClrClassConfig  usbd_core.o
    0x0800ae50   0x0800ae50   0x00000026   Code   RO         7510    i.USBD_ClrFeature   usbd_ctlreq.o
    0x0800ae76   0x0800ae76   0x00000004   Code   RO         7348    i.USBD_CoreFindEP   usbd_core.o
    0x0800ae7a   0x0800ae7a   0x00000004   Code   RO         7349    i.USBD_CoreFindIF   usbd_core.o
    0x0800ae7e   0x0800ae7e   0x00000010   Code   RO         7612    i.USBD_CtlContinueRx  usbd_ioreq.o
    0x0800ae8e   0x0800ae8e   0x00000010   Code   RO         7613    i.USBD_CtlContinueSendData  usbd_ioreq.o
    0x0800ae9e   0x0800ae9e   0x00000018   Code   RO         7511    i.USBD_CtlError     usbd_ctlreq.o
    0x0800aeb6   0x0800aeb6   0x0000001e   Code   RO         7614    i.USBD_CtlPrepareRx  usbd_ioreq.o
    0x0800aed4   0x0800aed4   0x00000016   Code   RO         7615    i.USBD_CtlReceiveStatus  usbd_ioreq.o
    0x0800aeea   0x0800aeea   0x0000001a   Code   RO         7616    i.USBD_CtlSendData  usbd_ioreq.o
    0x0800af04   0x0800af04   0x00000016   Code   RO         7617    i.USBD_CtlSendStatus  usbd_ioreq.o
    0x0800af1a   0x0800af1a   0x00000002   PAD
    0x0800af1c   0x0800af1c   0x00000030   Code   RO         1014    i.USBD_FS_ConfigStrDescriptor  usbd_desc.o
    0x0800af4c   0x0800af4c   0x0000000c   Code   RO         1015    i.USBD_FS_DeviceDescriptor  usbd_desc.o
    0x0800af58   0x0800af58   0x00000034   Code   RO         1016    i.USBD_FS_InterfaceStrDescriptor  usbd_desc.o
    0x0800af8c   0x0800af8c   0x0000000c   Code   RO         1017    i.USBD_FS_LangIDStrDescriptor  usbd_desc.o
    0x0800af98   0x0800af98   0x00000028   Code   RO         1018    i.USBD_FS_ManufacturerStrDescriptor  usbd_desc.o
    0x0800afc0   0x0800afc0   0x0000003c   Code   RO         1019    i.USBD_FS_ProductStrDescriptor  usbd_desc.o
    0x0800affc   0x0800affc   0x00000014   Code   RO         1020    i.USBD_FS_SerialStrDescriptor  usbd_desc.o
    0x0800b010   0x0800b010   0x0000003a   Code   RO         7512    i.USBD_GetConfig    usbd_ctlreq.o
    0x0800b04a   0x0800b04a   0x000001b0   Code   RO         7513    i.USBD_GetDescriptor  usbd_ctlreq.o
    0x0800b1fa   0x0800b1fa   0x0000003a   Code   RO         7351    i.USBD_GetEpDesc    usbd_core.o
    0x0800b234   0x0800b234   0x00000014   Code   RO         7514    i.USBD_GetLen       usbd_ctlreq.o
    0x0800b248   0x0800b248   0x0000000e   Code   RO         7352    i.USBD_GetNextDesc  usbd_core.o
    0x0800b256   0x0800b256   0x0000003c   Code   RO         7515    i.USBD_GetStatus    usbd_ctlreq.o
    0x0800b292   0x0800b292   0x00000050   Code   RO         7516    i.USBD_GetString    usbd_ctlreq.o
    0x0800b2e2   0x0800b2e2   0x00000024   Code   RO          818    i.USBD_Get_USB_Status  usbd_conf.o
    0x0800b306   0x0800b306   0x00000002   PAD
    0x0800b308   0x0800b308   0x00000034   Code   RO        10239    i.USBD_IRQHandler   cboard_to_nuc_usbd_communication.o
    0x0800b33c   0x0800b33c   0x00000028   Code   RO         7353    i.USBD_Init         usbd_core.o
    0x0800b364   0x0800b364   0x00000012   Code   RO          819    i.USBD_LL_ClearStallEP  usbd_conf.o
    0x0800b376   0x0800b376   0x00000012   Code   RO          820    i.USBD_LL_CloseEP   usbd_conf.o
    0x0800b388   0x0800b388   0x000000dc   Code   RO         7354    i.USBD_LL_DataInStage  usbd_core.o
    0x0800b464   0x0800b464   0x000000ca   Code   RO         7355    i.USBD_LL_DataOutStage  usbd_core.o
    0x0800b52e   0x0800b52e   0x00000004   Code   RO         7356    i.USBD_LL_DevConnected  usbd_core.o
    0x0800b532   0x0800b532   0x00000020   Code   RO         7357    i.USBD_LL_DevDisconnected  usbd_core.o
    0x0800b552   0x0800b552   0x00000008   Code   RO          824    i.USBD_LL_GetRxDataSize  usbd_conf.o
    0x0800b55a   0x0800b55a   0x00000002   PAD
    0x0800b55c   0x0800b55c   0x00000060   Code   RO          825    i.USBD_LL_Init      usbd_conf.o
    0x0800b5bc   0x0800b5bc   0x0000001e   Code   RO          826    i.USBD_LL_IsStallEP  usbd_conf.o
    0x0800b5da   0x0800b5da   0x0000002a   Code   RO         7358    i.USBD_LL_IsoINIncomplete  usbd_core.o
    0x0800b604   0x0800b604   0x0000002a   Code   RO         7359    i.USBD_LL_IsoOUTIncomplete  usbd_core.o
    0x0800b62e   0x0800b62e   0x00000018   Code   RO          827    i.USBD_LL_OpenEP    usbd_conf.o
    0x0800b646   0x0800b646   0x00000012   Code   RO          828    i.USBD_LL_PrepareReceive  usbd_conf.o
    0x0800b658   0x0800b658   0x00000060   Code   RO         7360    i.USBD_LL_Reset     usbd_core.o
    0x0800b6b8   0x0800b6b8   0x00000014   Code   RO         7361    i.USBD_LL_Resume    usbd_core.o
    0x0800b6cc   0x0800b6cc   0x0000001a   Code   RO         7362    i.USBD_LL_SOF       usbd_core.o
    0x0800b6e6   0x0800b6e6   0x00000006   Code   RO         7363    i.USBD_LL_SetSpeed  usbd_core.o
    0x0800b6ec   0x0800b6ec   0x00000012   Code   RO          829    i.USBD_LL_SetUSBAddress  usbd_conf.o
    0x0800b6fe   0x0800b6fe   0x00000060   Code   RO         7364    i.USBD_LL_SetupStage  usbd_core.o
    0x0800b75e   0x0800b75e   0x00000012   Code   RO          830    i.USBD_LL_StallEP   usbd_conf.o
    0x0800b770   0x0800b770   0x00000012   Code   RO          831    i.USBD_LL_Start     usbd_conf.o
    0x0800b782   0x0800b782   0x0000001a   Code   RO         7365    i.USBD_LL_Suspend   usbd_core.o
    0x0800b79c   0x0800b79c   0x00000012   Code   RO          833    i.USBD_LL_Transmit  usbd_conf.o
    0x0800b7ae   0x0800b7ae   0x00000032   Code   RO         7517    i.USBD_ParseSetupRequest  usbd_ctlreq.o
    0x0800b7e0   0x0800b7e0   0x0000003a   Code   RO         7366    i.USBD_RegisterClass  usbd_core.o
    0x0800b81a   0x0800b81a   0x00000004   Code   RO         7367    i.USBD_RunTestMode  usbd_core.o
    0x0800b81e   0x0800b81e   0x00000058   Code   RO         7518    i.USBD_SetAddress   usbd_ctlreq.o
    0x0800b876   0x0800b876   0x00000014   Code   RO         7368    i.USBD_SetClassConfig  usbd_core.o
    0x0800b88a   0x0800b88a   0x00000002   PAD
    0x0800b88c   0x0800b88c   0x000000dc   Code   RO         7519    i.USBD_SetConfig    usbd_ctlreq.o
    0x0800b968   0x0800b968   0x00000024   Code   RO         7520    i.USBD_SetFeature   usbd_ctlreq.o
    0x0800b98c   0x0800b98c   0x00000004   Code   RO         7369    i.USBD_Start        usbd_core.o
    0x0800b990   0x0800b990   0x00000076   Code   RO         7521    i.USBD_StdDevReq    usbd_ctlreq.o
    0x0800ba06   0x0800ba06   0x00000220   Code   RO         7522    i.USBD_StdEPReq     usbd_ctlreq.o
    0x0800bc26   0x0800bc26   0x0000008e   Code   RO         7523    i.USBD_StdItfReq    usbd_ctlreq.o
    0x0800bcb4   0x0800bcb4   0x00000002   Code   RO          834    i.USBD_static_free  usbd_conf.o
    0x0800bcb6   0x0800bcb6   0x00000002   PAD
    0x0800bcb8   0x0800bcb8   0x00000008   Code   RO          835    i.USBD_static_malloc  usbd_conf.o
    0x0800bcc0   0x0800bcc0   0x00000084   Code   RO         2780    i.USB_ActivateEndpoint  stm32f4xx_ll_usb.o
    0x0800bd44   0x0800bd44   0x0000001c   Code   RO         2782    i.USB_ActivateSetup  stm32f4xx_ll_usb.o
    0x0800bd60   0x0800bd60   0x00000088   Code   RO         2784    i.USB_CoreInit      stm32f4xx_ll_usb.o
    0x0800bde8   0x0800bde8   0x00000044   Code   RO         2785    i.USB_CoreReset     stm32f4xx_ll_usb.o
    0x0800be2c   0x0800be2c   0x000000c8   Code   RO         2788    i.USB_DeactivateEndpoint  stm32f4xx_ll_usb.o
    0x0800bef4   0x0800bef4   0x0000001c   Code   RO         2789    i.USB_DevConnect    stm32f4xx_ll_usb.o
    0x0800bf10   0x0800bf10   0x0000001c   Code   RO         2790    i.USB_DevDisconnect  stm32f4xx_ll_usb.o
    0x0800bf2c   0x0800bf2c   0x00000174   Code   RO         2791    i.USB_DevInit       stm32f4xx_ll_usb.o
    0x0800c0a0   0x0800c0a0   0x0000000c   Code   RO         2792    i.USB_DisableGlobalInt  stm32f4xx_ll_usb.o
    0x0800c0ac   0x0800c0ac   0x00000054   Code   RO         2795    i.USB_EP0_OutStart  stm32f4xx_ll_usb.o
    0x0800c100   0x0800c100   0x00000058   Code   RO         2796    i.USB_EPClearStall  stm32f4xx_ll_usb.o
    0x0800c158   0x0800c158   0x00000058   Code   RO         2797    i.USB_EPSetStall    stm32f4xx_ll_usb.o
    0x0800c1b0   0x0800c1b0   0x00000254   Code   RO         2798    i.USB_EPStartXfer   stm32f4xx_ll_usb.o
    0x0800c404   0x0800c404   0x000000a4   Code   RO         2799    i.USB_EPStopXfer    stm32f4xx_ll_usb.o
    0x0800c4a8   0x0800c4a8   0x0000000c   Code   RO         2800    i.USB_EnableGlobalInt  stm32f4xx_ll_usb.o
    0x0800c4b4   0x0800c4b4   0x00000040   Code   RO         2801    i.USB_FlushRxFifo   stm32f4xx_ll_usb.o
    0x0800c4f4   0x0800c4f4   0x00000044   Code   RO         2802    i.USB_FlushTxFifo   stm32f4xx_ll_usb.o
    0x0800c538   0x0800c538   0x00000020   Code   RO         2804    i.USB_GetDevSpeed   stm32f4xx_ll_usb.o
    0x0800c558   0x0800c558   0x00000008   Code   RO         2806    i.USB_GetMode       stm32f4xx_ll_usb.o
    0x0800c560   0x0800c560   0x0000000e   Code   RO         2814    i.USB_ReadDevAllInEpInterrupt  stm32f4xx_ll_usb.o
    0x0800c56e   0x0800c56e   0x0000000e   Code   RO         2815    i.USB_ReadDevAllOutEpInterrupt  stm32f4xx_ll_usb.o
    0x0800c57c   0x0800c57c   0x00000024   Code   RO         2816    i.USB_ReadDevInEPInterrupt  stm32f4xx_ll_usb.o
    0x0800c5a0   0x0800c5a0   0x00000010   Code   RO         2817    i.USB_ReadDevOutEPInterrupt  stm32f4xx_ll_usb.o
    0x0800c5b0   0x0800c5b0   0x00000008   Code   RO         2818    i.USB_ReadInterrupts  stm32f4xx_ll_usb.o
    0x0800c5b8   0x0800c5b8   0x0000003e   Code   RO         2819    i.USB_ReadPacket    stm32f4xx_ll_usb.o
    0x0800c5f6   0x0800c5f6   0x00000060   Code   RO         2821    i.USB_SetCurrentMode  stm32f4xx_ll_usb.o
    0x0800c656   0x0800c656   0x0000001e   Code   RO         2822    i.USB_SetDevAddress  stm32f4xx_ll_usb.o
    0x0800c674   0x0800c674   0x0000000e   Code   RO         2823    i.USB_SetDevSpeed   stm32f4xx_ll_usb.o
    0x0800c682   0x0800c682   0x00000002   PAD
    0x0800c684   0x0800c684   0x000000f4   Code   RO         2824    i.USB_SetTurnaroundTime  stm32f4xx_ll_usb.o
    0x0800c778   0x0800c778   0x00000028   Code   RO         2827    i.USB_WritePacket   stm32f4xx_ll_usb.o
    0x0800c7a0   0x0800c7a0   0x00000002   Code   RO         1280    i.UsageFault_Handler  stm32f4xx_it.o
    0x0800c7a2   0x0800c7a2   0x00000026   Code   RO        17959    i.__ARM_fpclassifyf  m_wm.l(fpclassifyf.o)
    0x0800c7c8   0x0800c7c8   0x00000020   Code   RO         3895    i.__NVIC_SetPriority  stm32f4xx_hal_cortex.o
    0x0800c7e8   0x0800c7e8   0x0000012c   Code   RO        17672    i.__hardfp_asinf    m_wm.l(asinf.o)
    0x0800c914   0x0800c914   0x000002ac   Code   RO        17684    i.__hardfp_atan2f   m_wm.l(atan2f.o)
    0x0800cbc0   0x0800cbc0   0x0000003a   Code   RO        17808    i.__hardfp_sqrtf    m_wm.l(sqrtf.o)
    0x0800cbfa   0x0800cbfa   0x00000006   Code   RO        17962    i.__mathlib_flt_infnan  m_wm.l(funder.o)
    0x0800cc00   0x0800cc00   0x00000006   Code   RO        17963    i.__mathlib_flt_infnan2  m_wm.l(funder.o)
    0x0800cc06   0x0800cc06   0x00000002   PAD
    0x0800cc08   0x0800cc08   0x00000010   Code   RO        17964    i.__mathlib_flt_invalid  m_wm.l(funder.o)
    0x0800cc18   0x0800cc18   0x00000010   Code   RO        17967    i.__mathlib_flt_underflow  m_wm.l(funder.o)
    0x0800cc28   0x0800cc28   0x000001d0   Code   RO        17442    i.accel_comple_filter  AHRS.lib(ahrs.o)
    0x0800cdf8   0x0800cdf8   0x0000018c   Code   RO        17443    i.accel_update_kp_ki  AHRS.lib(ahrs.o)
    0x0800cf84   0x0800cf84   0x0000016c   Code   RO        17444    i.angle_to_quat     AHRS.lib(ahrs.o)
    0x0800d0f0   0x0800d0f0   0x00000088   Code   RO        12395    i.arm_cos_f32       fastmathfunctions.o
    0x0800d178   0x0800d178   0x00000084   Code   RO        12402    i.arm_sin_f32       fastmathfunctions.o
    0x0800d1fc   0x0800d1fc   0x0000011c   Code   RO         9485    i.bmi088_accel_init  bmi088driver.o
    0x0800d318   0x0800d318   0x000002b0   Code   RO         9486    i.bmi088_accel_self_test  bmi088driver.o
    0x0800d5c8   0x0800d5c8   0x000000dc   Code   RO         9487    i.bmi088_gyro_init  bmi088driver.o
    0x0800d6a4   0x0800d6a4   0x000000ca   Code   RO         9488    i.bmi088_gyro_self_test  bmi088driver.o
    0x0800d76e   0x0800d76e   0x00000002   PAD
    0x0800d770   0x0800d770   0x00000028   Code   RO         8593    i.delay_init        bsp_delay.o
    0x0800d798   0x0800d798   0x00000038   Code   RO         8595    i.delay_us          bsp_delay.o
    0x0800d7d0   0x0800d7d0   0x0000005c   Code   RO         7779    i.detect_hook       detect_task.o
    0x0800d82c   0x0800d82c   0x00000094   Code   RO         7780    i.detect_init       detect_task.o
    0x0800d8c0   0x0800d8c0   0x0000010c   Code   RO         7781    i.detect_task       detect_task.o
    0x0800d9cc   0x0800d9cc   0x00000068   Code   RO         8852    i.enable_DM         bsp_can_gimbal.o
    0x0800da34   0x0800da34   0x0000002e   Code   RO         9231    i.fifo_s_get        fifo.o
    0x0800da62   0x0800da62   0x00000016   Code   RO         9234    i.fifo_s_init       fifo.o
    0x0800da78   0x0800da78   0x00000084   Code   RO         9240    i.fifo_s_puts       fifo.o
    0x0800dafc   0x0800dafc   0x00000004   Code   RO         9242    i.fifo_s_used       fifo.o
    0x0800db00   0x0800db00   0x0000003e   Code   RO         9416    i.float_to_uint     user_common_lib.o
    0x0800db3e   0x0800db3e   0x000000e8   Code   RO        17445    i.get_angle         AHRS.lib(ahrs.o)
    0x0800dc26   0x0800dc26   0x00000002   PAD
    0x0800dc28   0x0800dc28   0x00000224   Code   RO         8317    i.gimbal_autoaim_handler  gimbal_task.o
    0x0800de4c   0x0800de4c   0x000000cc   Code   RO         8318    i.gimbal_nav_pass_bumpy_handler  gimbal_task.o
    0x0800df18   0x0800df18   0x000000e0   Code   RO         8319    i.gimbal_nav_seek_enemy_handler  gimbal_task.o
    0x0800dff8   0x0800dff8   0x000001b8   Code   RO         8320    i.gimbal_remote_control_handler  gimbal_task.o
    0x0800e1b0   0x0800e1b0   0x00000084   Code   RO         8321    i.gimbal_safe_handler  gimbal_task.o
    0x0800e234   0x0800e234   0x000000dc   Code   RO         8456    i.imu_cali_slove    ins_task_mahony.o
    0x0800e310   0x0800e310   0x00000010   Code   RO         8969    i.imu_can_init      bsp_dmimu.o
    0x0800e320   0x0800e320   0x00000108   Code   RO         8457    i.imu_cmd_spi_dma   ins_task_mahony.o
    0x0800e428   0x0800e428   0x0000000c   Code   RO         8935    i.imu_pwm_set       bsp_cboard_imu_pwm.o
    0x0800e434   0x0800e434   0x00000008   Code   RO         8974    i.imu_read_reg      bsp_dmimu.o
    0x0800e43c   0x0800e43c   0x00000006   Code   RO         8978    i.imu_request_gyro  bsp_dmimu.o
    0x0800e442   0x0800e442   0x00000002   PAD
    0x0800e444   0x0800e444   0x00000068   Code   RO         8982    i.imu_send_cmd      bsp_dmimu.o
    0x0800e4ac   0x0800e4ac   0x0000008c   Code   RO         8458    i.imu_temp_control  ins_task_mahony.o
    0x0800e538   0x0800e538   0x00000002   Code   RO         9716    i.ist8310_GPIO_init  ist8310driver_middleware.o
    0x0800e53a   0x0800e53a   0x00000002   PAD
    0x0800e53c   0x0800e53c   0x00000024   Code   RO         9718    i.ist8310_IIC_read_single_reg  ist8310driver_middleware.o
    0x0800e560   0x0800e560   0x00000024   Code   RO         9720    i.ist8310_IIC_write_single_reg  ist8310driver_middleware.o
    0x0800e584   0x0800e584   0x00000010   Code   RO         9721    i.ist8310_RST_H     ist8310driver_middleware.o
    0x0800e594   0x0800e594   0x00000010   Code   RO         9722    i.ist8310_RST_L     ist8310driver_middleware.o
    0x0800e5a4   0x0800e5a4   0x00000002   Code   RO         9723    i.ist8310_com_init  ist8310driver_middleware.o
    0x0800e5a6   0x0800e5a6   0x00000004   Code   RO         9724    i.ist8310_delay_ms  ist8310driver_middleware.o
    0x0800e5aa   0x0800e5aa   0x00000002   PAD
    0x0800e5ac   0x0800e5ac   0x0000007c   Code   RO         9681    i.ist8310_init      ist8310driver.o
    0x0800e628   0x0800e628   0x00000020   Code   RO         9418    i.limit             user_common_lib.o
    0x0800e648   0x0800e648   0x000000c8   Code   RO           16    i.main              main.o
    0x0800e710   0x0800e710   0x0000000c   Code   RO         6833    i.makeFreeRtosPriority  cmsis_os.o
    0x0800e71c   0x0800e71c   0x00000014   Code   RO         9419    i.my_fabsf          user_common_lib.o
    0x0800e730   0x0800e730   0x00000014   Code   RO         9420    i.my_sign           user_common_lib.o
    0x0800e744   0x0800e744   0x00000010   Code   RO         6835    i.osDelay           cmsis_os.o
    0x0800e754   0x0800e754   0x0000000a   Code   RO         6838    i.osKernelStart     cmsis_os.o
    0x0800e75e   0x0800e75e   0x00000058   Code   RO         6872    i.osThreadCreate    cmsis_os.o
    0x0800e7b6   0x0800e7b6   0x00000002   PAD
    0x0800e7b8   0x0800e7b8   0x00000024   Code   RO         6300    i.pcTaskGetName     tasks.o
    0x0800e7dc   0x0800e7dc   0x00000078   Code   RO         6301    i.prvAddCurrentTaskToDelayedList  tasks.o
    0x0800e854   0x0800e854   0x00000088   Code   RO         6302    i.prvAddNewTaskToReadyList  tasks.o
    0x0800e8dc   0x0800e8dc   0x00000058   Code   RO         6665    i.prvCheckForValidListAndQueue  timers.o
    0x0800e934   0x0800e934   0x0000003c   Code   RO         6303    i.prvCheckTasksWaitingTermination  tasks.o
    0x0800e970   0x0800e970   0x00000028   Code   RO         5948    i.prvCopyDataFromQueue  queue.o
    0x0800e998   0x0800e998   0x0000006e   Code   RO         5949    i.prvCopyDataToQueue  queue.o
    0x0800ea06   0x0800ea06   0x00000040   Code   RO         6304    i.prvDeleteTCB      tasks.o
    0x0800ea46   0x0800ea46   0x00000014   Code   RO         5950    i.prvGetDisinheritPriorityAfterTimeout  queue.o
    0x0800ea5a   0x0800ea5a   0x00000002   PAD
    0x0800ea5c   0x0800ea5c   0x00000024   Code   RO         6666    i.prvGetNextExpireTime  timers.o
    0x0800ea80   0x0800ea80   0x0000004c   Code   RO         7212    i.prvHeapInit       heap_4.o
    0x0800eacc   0x0800eacc   0x00000028   Code   RO         6305    i.prvIdleTask       tasks.o
    0x0800eaf4   0x0800eaf4   0x00000018   Code   RO         5952    i.prvInitialiseNewQueue  queue.o
    0x0800eb0c   0x0800eb0c   0x000000ac   Code   RO         6306    i.prvInitialiseNewTask  tasks.o
    0x0800ebb8   0x0800ebb8   0x00000050   Code   RO         6667    i.prvInitialiseNewTimer  timers.o
    0x0800ec08   0x0800ec08   0x00000058   Code   RO         6307    i.prvInitialiseTaskLists  tasks.o
    0x0800ec60   0x0800ec60   0x00000054   Code   RO         7213    i.prvInsertBlockIntoFreeList  heap_4.o
    0x0800ecb4   0x0800ecb4   0x00000040   Code   RO         6668    i.prvInsertTimerInActiveList  timers.o
    0x0800ecf4   0x0800ecf4   0x0000001a   Code   RO         5953    i.prvIsQueueEmpty   queue.o
    0x0800ed0e   0x0800ed0e   0x0000001e   Code   RO         5954    i.prvIsQueueFull    queue.o
    0x0800ed2c   0x0800ed2c   0x00000068   Code   RO         6669    i.prvProcessExpiredTimer  timers.o
    0x0800ed94   0x0800ed94   0x000000fc   Code   RO         6670    i.prvProcessReceivedCommands  timers.o
    0x0800ee90   0x0800ee90   0x0000006c   Code   RO         6671    i.prvProcessTimerOrBlockTask  timers.o
    0x0800eefc   0x0800eefc   0x00000024   Code   RO         6308    i.prvResetNextTaskUnblockTime  tasks.o
    0x0800ef20   0x0800ef20   0x0000002c   Code   RO         6672    i.prvSampleTimeNow  timers.o
    0x0800ef4c   0x0800ef4c   0x00000066   Code   RO         6309    i.prvSearchForNameWithinSingleList  tasks.o
    0x0800efb2   0x0800efb2   0x00000002   PAD
    0x0800efb4   0x0800efb4   0x00000070   Code   RO         6673    i.prvSwitchTimerLists  timers.o
    0x0800f024   0x0800f024   0x00000014   Code   RO         6310    i.prvTaskCheckFreeStackSpace  tasks.o
    0x0800f038   0x0800f038   0x0000002c   Code   RO         7269    i.prvTaskExitError  port.o
    0x0800f064   0x0800f064   0x00000014   Code   RO         6674    i.prvTimerTask      timers.o
    0x0800f078   0x0800f078   0x0000006a   Code   RO         5955    i.prvUnlockQueue    queue.o
    0x0800f0e2   0x0800f0e2   0x00000002   PAD
    0x0800f0e4   0x0800f0e4   0x000000dc   Code   RO         7214    i.pvPortMalloc      heap_4.o
    0x0800f1c0   0x0800f1c0   0x00000018   Code   RO         6312    i.pvTaskIncrementMutexHeldCount  tasks.o
    0x0800f1d8   0x0800f1d8   0x00000024   Code   RO         7270    i.pxPortInitialiseStack  port.o
    0x0800f1fc   0x0800f1fc   0x00000084   Code   RO        17450    i.quat_normalization  AHRS.lib(ahrs.o)
    0x0800f280   0x0800f280   0x0000002c   Code   RO         9421    i.ramp_control      user_common_lib.o
    0x0800f2ac   0x0800f2ac   0x0000003c   Code   RO         8039    i.referee_usart_task  referee_usart_task.o
    0x0800f2e8   0x0800f2e8   0x00000010   Code   RO         9967    i.remote_control_init  remote_control.o
    0x0800f2f8   0x0800f2f8   0x000000b4   Code   RO         9968    i.sbus_to_rc        remote_control.o
    0x0800f3ac   0x0800f3ac   0x0000003e   Code   RO        17810    i.sqrtf             m_wm.l(sqrtf.o)
    0x0800f3ea   0x0800f3ea   0x00000002   PAD
    0x0800f3ec   0x0800f3ec   0x00000018   Code   RO         7783    i.toe_is_error      detect_task.o
    0x0800f404   0x0800f404   0x00000028   Code   RO         9422    i.uint_to_float     user_common_lib.o
    0x0800f42c   0x0800f42c   0x00000068   Code   RO         6313    i.ulTaskNotifyTake  tasks.o
    0x0800f494   0x0800f494   0x0000007a   Code   RO        17451    i.update_w          AHRS.lib(ahrs.o)
    0x0800f50e   0x0800f50e   0x00000026   Code   RO         5908    i.uxListRemove      list.o
    0x0800f534   0x0800f534   0x00000014   Code   RO         6316    i.uxTaskGetStackHighWaterMark  tasks.o
    0x0800f548   0x0800f548   0x00000014   Code   RO          357    i.vApplicationGetIdleTaskMemory  freertos.o
    0x0800f55c   0x0800f55c   0x00000018   Code   RO          358    i.vApplicationGetTimerTaskMemory  freertos.o
    0x0800f574   0x0800f574   0x00000016   Code   RO         5909    i.vListInitialise   list.o
    0x0800f58a   0x0800f58a   0x00000006   Code   RO         5910    i.vListInitialiseItem  list.o
    0x0800f590   0x0800f590   0x00000030   Code   RO         5911    i.vListInsert       list.o
    0x0800f5c0   0x0800f5c0   0x00000018   Code   RO         5912    i.vListInsertEnd    list.o
    0x0800f5d8   0x0800f5d8   0x00000040   Code   RO         7272    i.vPortEnterCritical  port.o
    0x0800f618   0x0800f618   0x0000002c   Code   RO         7273    i.vPortExitCritical  port.o
    0x0800f644   0x0800f644   0x00000064   Code   RO         7215    i.vPortFree         heap_4.o
    0x0800f6a8   0x0800f6a8   0x00000024   Code   RO         7274    i.vPortSetupTimerInterrupt  port.o
    0x0800f6cc   0x0800f6cc   0x00000054   Code   RO         7275    i.vPortValidateInterruptPriority  port.o
    0x0800f720   0x0800f720   0x00000024   Code   RO         5959    i.vQueueAddToRegistry  queue.o
    0x0800f744   0x0800f744   0x00000046   Code   RO         5962    i.vQueueWaitForMessageRestricted  queue.o
    0x0800f78a   0x0800f78a   0x00000002   PAD
    0x0800f78c   0x0800f78c   0x00000050   Code   RO         6320    i.vTaskDelay        tasks.o
    0x0800f7dc   0x0800f7dc   0x00000010   Code   RO         6324    i.vTaskInternalSetTimeOutState  tasks.o
    0x0800f7ec   0x0800f7ec   0x0000000c   Code   RO         6325    i.vTaskMissedYield  tasks.o
    0x0800f7f8   0x0800f7f8   0x000000bc   Code   RO         6326    i.vTaskNotifyGiveFromISR  tasks.o
    0x0800f8b4   0x0800f8b4   0x00000034   Code   RO         6327    i.vTaskPlaceOnEventList  tasks.o
    0x0800f8e8   0x0800f8e8   0x0000003c   Code   RO         6328    i.vTaskPlaceOnEventListRestricted  tasks.o
    0x0800f924   0x0800f924   0x000000a4   Code   RO         6330    i.vTaskPriorityDisinheritAfterTimeout  tasks.o
    0x0800f9c8   0x0800f9c8   0x00000090   Code   RO         6335    i.vTaskStartScheduler  tasks.o
    0x0800fa58   0x0800fa58   0x00000010   Code   RO         6337    i.vTaskSuspendAll   tasks.o
    0x0800fa68   0x0800fa68   0x00000060   Code   RO         6338    i.vTaskSwitchContext  tasks.o
    0x0800fac8   0x0800fac8   0x000000f4   Code   RO         7276    i.xPortStartScheduler  port.o
    0x0800fbbc   0x0800fbbc   0x00000044   Code   RO         5965    i.xQueueGenericCreate  queue.o
    0x0800fc00   0x0800fc00   0x0000006c   Code   RO         5966    i.xQueueGenericCreateStatic  queue.o
    0x0800fc6c   0x0800fc6c   0x0000008c   Code   RO         5967    i.xQueueGenericReset  queue.o
    0x0800fcf8   0x0800fcf8   0x00000164   Code   RO         5968    i.xQueueGenericSend  queue.o
    0x0800fe5c   0x0800fe5c   0x000000c0   Code   RO         5969    i.xQueueGenericSendFromISR  queue.o
    0x0800ff1c   0x0800ff1c   0x0000013c   Code   RO         5977    i.xQueueReceive     queue.o
    0x08010058   0x08010058   0x0000017c   Code   RO         5979    i.xQueueSemaphoreTake  queue.o
    0x080101d4   0x080101d4   0x00000090   Code   RO         6341    i.xTaskCheckForTimeOut  tasks.o
    0x08010264   0x08010264   0x00000064   Code   RO         6342    i.xTaskCreate       tasks.o
    0x080102c8   0x080102c8   0x0000005c   Code   RO         6343    i.xTaskCreateStatic  tasks.o
    0x08010324   0x08010324   0x00000088   Code   RO         6347    i.xTaskGetHandle    tasks.o
    0x080103ac   0x080103ac   0x0000001c   Code   RO         6348    i.xTaskGetSchedulerState  tasks.o
    0x080103c8   0x080103c8   0x0000000c   Code   RO         6349    i.xTaskGetTickCount  tasks.o
    0x080103d4   0x080103d4   0x000000d0   Code   RO         6351    i.xTaskIncrementTick  tasks.o
    0x080104a4   0x080104a4   0x00000098   Code   RO         6354    i.xTaskPriorityDisinherit  tasks.o
    0x0801053c   0x0801053c   0x00000090   Code   RO         6355    i.xTaskPriorityInherit  tasks.o
    0x080105cc   0x080105cc   0x0000007c   Code   RO         6356    i.xTaskRemoveFromEventList  tasks.o
    0x08010648   0x08010648   0x000000cc   Code   RO         6357    i.xTaskResumeAll    tasks.o
    0x08010714   0x08010714   0x00000034   Code   RO         6679    i.xTimerCreate      timers.o
    0x08010748   0x08010748   0x00000068   Code   RO         6681    i.xTimerCreateTimerTask  timers.o
    0x080107b0   0x080107b0   0x0000006c   Code   RO         6682    i.xTimerGenericCommand  timers.o
    0x0801081c   0x0801081c   0x00000062   Code   RO        17618    x$fpl$d2f           fz_wm.l(d2f.o)
    0x0801087e   0x0801087e   0x00000002   PAD
    0x08010880   0x08010880   0x00000154   Code   RO        17648    x$fpl$dmul          fz_wm.l(dmul.o)
    0x080109d4   0x080109d4   0x0000009c   Code   RO        17927    x$fpl$dnaninf       fz_wm.l(dnaninf.o)
    0x08010a70   0x08010a70   0x0000000c   Code   RO        17929    x$fpl$dretinf       fz_wm.l(dretinf.o)
    0x08010a7c   0x08010a7c   0x00000056   Code   RO        17652    x$fpl$f2d           fz_wm.l(f2d.o)
    0x08010ad2   0x08010ad2   0x0000008c   Code   RO        17933    x$fpl$fnaninf       fz_wm.l(fnaninf.o)
    0x08010b5e   0x08010b5e   0x0000000a   Code   RO        18036    x$fpl$fpinit        fz_wm.l(fpinit.o)
    0x08010b68   0x08010b68   0x0000000a   Code   RO        17935    x$fpl$fretinf       fz_wm.l(fretinf.o)
    0x08010b72   0x08010b72   0x00000000   Code   RO        17939    x$fpl$usenofp       fz_wm.l(usenofp.o)
    0x08010b72   0x08010b72   0x00000002   PAD
    0x08010b74   0x08010b74   0x000000c4   Data   RO          360    .constdata          freertos.o
    0x08010c38   0x08010c38   0x00000008   Data   RO         3609    .constdata          stm32f4xx_hal_dma.o
    0x08010c40   0x08010c40   0x00000010   Data   RO         5771    .constdata          system_stm32f4xx.o
    0x08010c50   0x08010c50   0x00000008   Data   RO         5772    .constdata          system_stm32f4xx.o
    0x08010c58   0x08010c58   0x00000024   Data   RO         7785    .constdata          detect_task.o
    0x08010c7c   0x08010c7c   0x00000024   Data   RO         8211    .constdata          shoot_task.o
    0x08010ca0   0x08010ca0   0x000000a8   Data   RO         8322    .constdata          gimbal_task.o
    0x08010d48   0x08010d48   0x0000000c   Data   RO         8465    .constdata          ins_task_mahony.o
    0x08010d54   0x08010d54   0x00000038   Data   RO         8854    .constdata          bsp_can_gimbal.o
    0x08010d8c   0x08010d8c   0x00000300   Data   RO         9145    .constdata          crcs.o
    0x0801108c   0x0801108c   0x00000012   Data   RO         9493    .constdata          bmi088driver.o
    0x0801109e   0x0801109e   0x0000000c   Data   RO         9684    .constdata          ist8310driver.o
    0x080110aa   0x080110aa   0x00000100   Data   RO        10241    .constdata          cboard_to_nuc_usbd_communication.o
    0x080111aa   0x080111aa   0x00000002   PAD
    0x080111ac   0x080111ac   0x00000804   Data   RO        11571    .constdata          commontables.o
    0x080119b0   0x080119b0   0x0000000c   Data   RO        17452    .constdata          AHRS.lib(ahrs.o)
    0x080119bc   0x080119bc   0x0000005a   Data   RO          361    .conststring        freertos.o
    0x08011a16   0x08011a16   0x00000002   PAD
    0x08011a18   0x08011a18   0x00000020   Data   RO        18127    Region$$Table       anon$$obj.o


    Execution Region RW_IRAM1 (Exec base: 0x20000000, Load base: 0x08011a38, Size: 0x0000fee0, Max: 0x0001c000, ABSOLUTE, COMPRESSED[0x0000013c])

    Exec Addr    Load Addr    Size         Type   Attr      Idx    E Section Name        Object

    0x20000000   COMPRESSED   0x00000004   Data   RW           17    .data               main.o
    0x20000004   COMPRESSED   0x0000001c   Data   RW          362    .data               freertos.o
    0x20000020   COMPRESSED   0x00000004   Data   RW          449    .data               can.o
    0x20000024   COMPRESSED   0x00000008   Data   RW          496    .data               crc.o
    0x2000002c   COMPRESSED   0x0000001c   Data   RW         1022    .data               usbd_desc.o
    0x20000048   COMPRESSED   0x00000032   Data   RW         1023    .data               usbd_desc.o
    0x2000007a   COMPRESSED   0x00000002   PAD
    0x2000007c   COMPRESSED   0x00000014   Data   RW         1118    .data               usbd_cdc_if.o
    0x20000090   COMPRESSED   0x0000000c   Data   RW         4054    .data               stm32f4xx_hal.o
    0x2000009c   COMPRESSED   0x00000004   Data   RW         5773    .data               system_stm32f4xx.o
    0x200000a0   COMPRESSED   0x0000003c   Data   RW         6360    .data               tasks.o
    0x200000dc   COMPRESSED   0x00000014   Data   RW         6690    .data               timers.o
    0x200000f0   COMPRESSED   0x00000020   Data   RW         7221    .data               heap_4.o
    0x20000110   COMPRESSED   0x0000000c   Data   RW         7277    .data               port.o
    0x2000011c   COMPRESSED   0x00000001   Data   RW         7524    .data               usbd_ctlreq.o
    0x2000011d   COMPRESSED   0x00000003   PAD
    0x20000120   COMPRESSED   0x00000053   Data   RW         7687    .data               usbd_cdc.o
    0x20000173   COMPRESSED   0x00000001   PAD
    0x20000174   COMPRESSED   0x00000038   Data   RW         7688    .data               usbd_cdc.o
    0x200001ac   COMPRESSED   0x0000000c   Data   RW         7786    .data               detect_task.o
    0x200001b8   COMPRESSED   0x00000002   Data   RW         8042    .data               referee_usart_task.o
    0x200001ba   COMPRESSED   0x00000002   PAD
    0x200001bc   COMPRESSED   0x0000000c   Data   RW         8087    .data               can_timer_task.o
    0x200001c8   COMPRESSED   0x00000014   Data   RW         8152    .data               send_chassis_task.o
    0x200001dc   COMPRESSED   0x00000034   Data   RW         8212    .data               shoot_task.o
    0x20000210   COMPRESSED   0x00000048   Data   RW         8323    .data               gimbal_task.o
    0x20000258   COMPRESSED   0x000000a8   Data   RW         8467    .data               ins_task_mahony.o
    0x20000300   COMPRESSED   0x00000008   Data   RW         8596    .data               bsp_delay.o
    0x20000308   COMPRESSED   0x00000008   Data   RW         8855    .data               bsp_can_gimbal.o
    0x20000310   COMPRESSED   0x0000002c   Data   RW         9494    .data               bmi088driver.o
    0x2000033c   COMPRESSED   0x00000008   Data   RW         9804    .data               motor.o
    0x20000344   COMPRESSED   0x00000002   Data   RW         9973    .data               remote_control.o
    0x20000346   COMPRESSED   0x0000003b   Data   RW        10112    .data               referee.o
    0x20000381   COMPRESSED   0x00000004   Data   RW        10242    .data               cboard_to_nuc_usbd_communication.o
    0x20000385   COMPRESSED   0x00000003   PAD
    0x20000388   COMPRESSED   0x00000010   Data   RW        17453    .data               AHRS.lib(ahrs.o)
    0x20000398        -       0x000006a8   Zero   RW          359    .bss                freertos.o
    0x20000a40        -       0x00000050   Zero   RW          448    .bss                can.o
    0x20000a90        -       0x00000054   Zero   RW          562    .bss                i2c.o
    0x20000ae4        -       0x00000118   Zero   RW          604    .bss                spi.o
    0x20000bfc        -       0x000000d8   Zero   RW          649    .bss                tim.o
    0x20000cd4        -       0x000002b8   Zero   RW          708    .bss                usart.o
    0x20000f8c        -       0x000002dc   Zero   RW          758    .bss                usb_device.o
    0x20001268        -       0x00000704   Zero   RW          836    .bss                usbd_conf.o
    0x2000196c        -       0x00000200   Zero   RW         1021    .bss                usbd_desc.o
    0x20001b6c        -       0x00000048   Zero   RW         1474    .bss                stm32f4xx_hal_timebase_tim.o
    0x20001bb4        -       0x00000040   Zero   RW         5980    .bss                queue.o
    0x20001bf4        -       0x000000f0   Zero   RW         6359    .bss                tasks.o
    0x20001ce4        -       0x00000110   Zero   RW         6689    .bss                timers.o
    0x20001df4        -       0x00008b84   Zero   RW         7220    .bss                heap_4.o
    0x2000a978        -       0x000000fc   Zero   RW         7784    .bss                detect_task.o
    0x2000aa74        -       0x000004a1   Zero   RW         8040    .bss                referee_usart_task.o
    0x2000af15        -       0x00000400   Zero   RW         8041    .bss                referee_usart_task.o
    0x2000b315   COMPRESSED   0x00000003   PAD
    0x2000b318        -       0x00000144   Zero   RW         8460    .bss                ins_task_mahony.o
    0x2000b45c        -       0x000000fc   Zero   RW         8853    .bss                bsp_can_gimbal.o
    0x2000b558        -       0x00000040   Zero   RW         8988    .bss                bsp_dmimu.o
    0x2000b598        -       0x0000000a   Zero   RW         9794    .bss                motor.o
    0x2000b5a2        -       0x0000000a   Zero   RW         9795    .bss                motor.o
    0x2000b5ac        -       0x00000014   Zero   RW         9796    .bss                motor.o
    0x2000b5c0        -       0x00000108   Zero   RW         9799    .bss                motor.o
    0x2000b6c8        -       0x00000108   Zero   RW         9800    .bss                motor.o
    0x2000b7d0        -       0x000001cc   Zero   RW         9801    .bss                motor.o
    0x2000b99c        -       0x000000a8   Zero   RW         9802    .bss                motor.o
    0x2000ba44        -       0x000000d4   Zero   RW         9803    .bss                motor.o
    0x2000bb18        -       0x0000005e   Zero   RW         9972    .bss                remote_control.o
    0x2000bb76        -       0x00000081   Zero   RW        10103    .bss                referee.o
    0x2000bbf7        -       0x00000013   Zero   RW        10110    .bss                referee.o
    0x2000bc0a        -       0x00000275   Zero   RW        10240    .bss                cboard_to_nuc_usbd_communication.o
    0x2000be7f   COMPRESSED   0x00000001   PAD
    0x2000be80        -       0x00000060   Zero   RW        17995    .bss                c_w.l(libspace.o)
    0x2000bee0        -       0x00002000   Zero   RW            2    HEAP                startup_stm32f407xx.o
    0x2000dee0        -       0x00002000   Zero   RW            1    STACK               startup_stm32f407xx.o


    Execution Region RW_IRAM2 (Exec base: 0x2001c000, Load base: 0x08011b74, Size: 0x00000000, Max: 0x00004000, ABSOLUTE)

    **** No section assigned to this execution region ****


==============================================================================

Image component sizes


      Code (inc. data)   RO Data    RW Data    ZI Data      Debug   Object Name

        70          6          0          0          0       5460   ahrs_middleware.o
      2144         36         18         44          0      11427   bmi088driver.o
       108         28          0          0          0       4976   bmi088middleware.o
      1688        148         56          8        252      13679   bsp_can_gimbal.o
        12          4          0          0          0        562   bsp_cboard_imu_pwm.o
        96         20          0          8          0       1432   bsp_delay.o
       698         74          0          0         64       7832   bsp_dmimu.o
       108         14          0          0          0       1134   bsp_rc.o
      6488         86          0          0          0       5518   bsp_spi.o
       208         12          0          0          0       1378   bsp_usart.o
       408         42          0          4         80       2674   can.o
       352         76          0         12          0       4421   can_timer_task.o
       764        108        256          4        629       8601   cboard_to_nuc_usbd_communication.o
       126          0          0          0          0      23243   cmsis_os.o
         0          0       2052          0          0      13425   commontables.o
        76         18          0          8          0       1655   crc.o
       176         10        768          0          0       3664   crcs.o
       564         40         36         12        252     601850   detect_task.o
       156          4          0          0          0        914   dma.o
         0          0          0          0          0      19868   event_groups.o
       268         24          0          0          0       1756   fastmathfunctions.o
       204          0          0          0          0      10067   fifo.o
       216         20        286         28       1704       8132   freertos.o
      3772        430        168         72          0      16969   gimbal_task.o
       536         30          0          0          0       1343   gpio.o
       480         28          0         32      35716       5215   heap_4.o
       212         32          0          0         84       1857   i2c.o
      2716        168         12        168        324      10889   ins_task_mahony.o
       124          4         12          0          0       2131   ist8310driver.o
       112         22          0          0          0       4147   ist8310driver_middleware.o
        36          8          0          0          0        575   led_task.o
       138          0          0          0          0       3798   list.o
       366         36          0          4          0     769826   main.o
         0          0          0          8       1408       5400   motor.o
       512         16          0          0          0     584938   pid.o
       786         84          0         12          0      12421   port.o
      2022         24          0          0         64      21864   queue.o
      1080         42          0         59        148      16521   referee.o
       252         28          0          2       2209       2535   referee_usart_task.o
       404         30          0          2         94       4597   remote_control.o
       544         48          0         20          0       3049   send_chassis_task.o
      1956        246         36         52          0      11004   shoot_task.o
       344         32          0          0        280       2047   spi.o
        64         26        392          0      16384        884   startup_stm32f407xx.o
       116         18          0         12          0       8986   stm32f4xx_hal.o
      1766          6          0          0          0      15459   stm32f4xx_hal_can.o
       158         14          0          0          0      33306   stm32f4xx_hal_cortex.o
        36          0          0          0          0       1147   stm32f4xx_hal_crc.o
      1170         14          8          0          0       7866   stm32f4xx_hal_dma.o
       518         50          0          0          0       3772   stm32f4xx_hal_gpio.o
      2628         46          0          0          0      13214   stm32f4xx_hal_i2c.o
        56          4          0          0          0        910   stm32f4xx_hal_msp.o
      2578         14          0          0          0      14824   stm32f4xx_hal_pcd.o
        76          0          0          0          0       2661   stm32f4xx_hal_pcd_ex.o
      1536         88          0          0          0       7309   stm32f4xx_hal_rcc.o
      1008         14          0          0          0       5085   stm32f4xx_hal_spi.o
      2046        142          0          0          0      17980   stm32f4xx_hal_tim.o
       232         30          0          0          0       3601   stm32f4xx_hal_tim_ex.o
       152         18          0          0         72       1647   stm32f4xx_hal_timebase_tim.o
      1664         26          0          0          0      14414   stm32f4xx_hal_uart.o
       220         78          0          0          0      13051   stm32f4xx_it.o
      2782        114          0          0          0      24908   stm32f4xx_ll_usb.o
         0          0          0          0          0        384   stream_buffer.o
        16          4         24          4          0       1227   system_stm32f4xx.o
      3194        232          0         60        240      38502   tasks.o
       852         72          0          0        216       4376   tim.o
      1172         88          0         20        272      33586   timers.o
       812         80          0          0        696       3827   usart.o
        84         18          0          0        732       2707   usb_device.o
      1424         40          0        139          0      15349   usbd_cdc.o
       138         20          0         20          0      11742   usbd_cdc_if.o
       656         22          0          0       1796      17196   usbd_conf.o
      1038          0          0          0          0      17293   usbd_core.o
      1920         30          0          1          0      18776   usbd_ctlreq.o
       358        112          0         78        512       7077   usbd_desc.o
       132          0          0          0          0       4800   usbd_ioreq.o
       218          4          0          0          0       4468   user_common_lib.o

    ----------------------------------------------------------------------
     62230       3502       4160        904      64232    2607128   Object Totals
         0          0         32          0          0          0   (incl. Generated)
        88          0          4         11          4          0   (incl. Padding)

    ----------------------------------------------------------------------

      Code (inc. data)   RO Data    RW Data    ZI Data      Debug   Library Member Name

      2718         84         12         16          0       9922   ahrs.o
        90          0          0          0          0          0   __dczerorl2.o
         8          0          0          0          0         68   __main.o
         0          0          0          0          0          0   __rtentry.o
        12          0          0          0          0          0   __rtentry2.o
         6          0          0          0          0          0   __rtentry4.o
        52          8          0          0          0          0   __scatter.o
        28          0          0          0          0          0   __scatter_zi.o
        22          0          0          0          0        100   _rserrno.o
        16          0          0          0          0         68   aeabi_memset.o
        18          0          0          0          0         80   exit.o
         6          0          0          0          0        152   heapauxi.o
         0          0          0          0          0          0   indicate_semi.o
         2          0          0          0          0          0   libinit.o
         6          0          0          0          0          0   libinit2.o
         2          0          0          0          0          0   libshutdown.o
         2          0          0          0          0          0   libshutdown2.o
         8          4          0          0         96         68   libspace.o
       238          0          0          0          0        100   lludivv7m.o
         8          4          0          0          0         68   rt_errno_addr_intlibspace.o
        68          0          0          0          0         68   rt_memclr.o
        78          0          0          0          0         80   rt_memclr_w.o
       138          0          0          0          0         68   rt_memcpy_v6.o
       100          0          0          0          0         80   rt_memcpy_w.o
         2          0          0          0          0          0   rtexit.o
        10          0          0          0          0          0   rtexit2.o
        62          0          0          0          0         76   strlen.o
        12          4          0          0          0         68   sys_exit.o
        74          0          0          0          0         80   sys_stackheap_outer.o
         2          0          0          0          0         68   use_no_semi.o
        98          4          0          0          0        140   d2f.o
       340         12          0          0          0        152   dmul.o
       156          4          0          0          0        140   dnaninf.o
        12          0          0          0          0        116   dretinf.o
        86          4          0          0          0        132   f2d.o
       140          4          0          0          0        132   fnaninf.o
        10          0          0          0          0        116   fpinit.o
        10          0          0          0          0        116   fretinf.o
         0          0          0          0          0          0   usenofp.o
       300         42          0          0          0        176   asinf.o
       684         90          0          0          0        208   atan2f.o
        38          0          0          0          0        116   fpclassifyf.o
        44         12          0          0          0        464   funder.o
       120          0          0          0          0        272   sqrtf.o

    ----------------------------------------------------------------------
      5846        276         12         16         96      13494   Library Totals
        20          0          0          0          0          0   (incl. Padding)

    ----------------------------------------------------------------------

      Code (inc. data)   RO Data    RW Data    ZI Data      Debug   Library Name

      2718         84         12         16          0       9922   AHRS.lib
      1070         20          0          0         96       1292   c_w.l
       852         28          0          0          0       1044   fz_wm.l
      1186        144          0          0          0       1236   m_wm.l

    ----------------------------------------------------------------------
      5846        276         12         16         96      13494   Library Totals

    ----------------------------------------------------------------------

==============================================================================


      Code (inc. data)   RO Data    RW Data    ZI Data      Debug   

     68076       3778       4172        920      64328    2565398   Grand Totals
     68076       3778       4172        316      64328    2565398   ELF Image Totals (compressed)
     68076       3778       4172        316          0          0   ROM Totals

==============================================================================

    Total RO  Size (Code + RO Data)                72248 (  70.55kB)
    Total RW  Size (RW Data + ZI Data)             65248 (  63.72kB)
    Total ROM Size (Code + RO Data + RW Data)      72564 (  70.86kB)

==============================================================================

